#! /c/Source/iverilog-install/bin/vvp
:ivl_version "12.0 (devel)" "(s20150603-1539-g2693dd32b)";
:ivl_delay_selection "TYPICAL";
:vpi_time_precision - 12;
:vpi_module "C:\iverilog\lib\ivl\system.vpi";
:vpi_module "C:\iverilog\lib\ivl\vhdl_sys.vpi";
:vpi_module "C:\iverilog\lib\ivl\vhdl_textio.vpi";
:vpi_module "C:\iverilog\lib\ivl\v2005_math.vpi";
:vpi_module "C:\iverilog\lib\ivl\va_math.vpi";
S_000001a7a8425bb0 .scope module, "mag_comp_tb" "mag_comp_tb" 2 4;
 .timescale -9 -12;
v000001a7a8425f70_0 .var "a", 3 0;
v000001a7a8569eb0_0 .var "b", 3 0;
v000001a7a8569f50_0 .net "out", 2 0, L_000001a7a856a1d0;  1 drivers
L_000001a7a856a1d0 .concat8 [ 1 1 1 0], L_000001a7a8569ff0, L_000001a7a856a090, L_000001a7a856a130;
S_000001a7a8425d40 .scope module, "c0" "mag_comp_N" 2 13, 3 1 0, S_000001a7a8425bb0;
 .timescale -9 -12;
    .port_info 0 /INPUT 4 "a";
    .port_info 1 /INPUT 4 "b";
    .port_info 2 /OUTPUT 1 "result_less_than";
    .port_info 3 /OUTPUT 1 "result_equal_to";
    .port_info 4 /OUTPUT 1 "result_greater_than";
P_000001a7a84289f0 .param/l "N" 0 3 1, +C4<00000000000000000000000000000100>;
v000001a7a856ef00_0 .net "a", 3 0, v000001a7a8425f70_0;  1 drivers
v000001a7a83f3160_0 .net "b", 3 0, v000001a7a8569eb0_0;  1 drivers
v000001a7a8569a50_0 .net "result_equal_to", 0 0, L_000001a7a856a090;  1 drivers
v000001a7a8569820_0 .net "result_greater_than", 0 0, L_000001a7a856a130;  1 drivers
v000001a7a8425ed0_0 .net "result_less_than", 0 0, L_000001a7a8569ff0;  1 drivers
L_000001a7a8569ff0 .cmp/gt 4, v000001a7a8569eb0_0, v000001a7a8425f70_0;
L_000001a7a856a090 .cmp/eq 4, v000001a7a8425f70_0, v000001a7a8569eb0_0;
L_000001a7a856a130 .cmp/gt 4, v000001a7a8425f70_0, v000001a7a8569eb0_0;
    .scope S_000001a7a8425bb0;
T_0 ;
    %vpi_call 2 16 "$display", "Testing the Comparator" {0 0 0};
    %vpi_call 2 18 "$monitor", "A:%d B:%d | A<B:%b A=B:%b A>B:%b", v000001a7a8425f70_0, v000001a7a8569eb0_0, &PV<v000001a7a8569f50_0, 0, 1>, &PV<v000001a7a8569f50_0, 1, 1>, &PV<v000001a7a8569f50_0, 2, 1> {0 0 0};
    %pushi/vec4 10, 0, 4;
    %store/vec4 v000001a7a8425f70_0, 0, 4;
    %pushi/vec4 14, 0, 4;
    %store/vec4 v000001a7a8569eb0_0, 0, 4;
    %delay 5000, 0;
    %pushi/vec4 11, 0, 4;
    %store/vec4 v000001a7a8425f70_0, 0, 4;
    %pushi/vec4 12, 0, 4;
    %store/vec4 v000001a7a8569eb0_0, 0, 4;
    %delay 5000, 0;
    %pushi/vec4 10, 0, 4;
    %store/vec4 v000001a7a8425f70_0, 0, 4;
    %pushi/vec4 10, 0, 4;
    %store/vec4 v000001a7a8569eb0_0, 0, 4;
    %delay 5000, 0;
    %pushi/vec4 9, 0, 4;
    %store/vec4 v000001a7a8425f70_0, 0, 4;
    %pushi/vec4 12, 0, 4;
    %store/vec4 v000001a7a8569eb0_0, 0, 4;
    %delay 5000, 0;
    %pushi/vec4 15, 0, 4;
    %store/vec4 v000001a7a8425f70_0, 0, 4;
    %pushi/vec4 14, 0, 4;
    %store/vec4 v000001a7a8569eb0_0, 0, 4;
    %delay 5000, 0;
    %pushi/vec4 15, 0, 4;
    %store/vec4 v000001a7a8425f70_0, 0, 4;
    %pushi/vec4 12, 0, 4;
    %store/vec4 v000001a7a8569eb0_0, 0, 4;
    %delay 5000, 0;
    %end;
    .thread T_0;
# The file index is used to find the file name in the following table.
:file_names 4;
    "N/A";
    "<interactive>";
    "mag_comp_tb.v";
    "./mag_comparator.v";
