#! /c/Source/iverilog-install/bin/vvp
:ivl_version "12.0 (devel)" "(s20150603-1539-g2693dd32b)";
:ivl_delay_selection "TYPICAL";
:vpi_time_precision + 0;
:vpi_module "C:\iverilog\lib\ivl\system.vpi";
:vpi_module "C:\iverilog\lib\ivl\vhdl_sys.vpi";
:vpi_module "C:\iverilog\lib\ivl\vhdl_textio.vpi";
:vpi_module "C:\iverilog\lib\ivl\v2005_math.vpi";
:vpi_module "C:\iverilog\lib\ivl\va_math.vpi";
S_0000012330af6600 .scope module, "REGISTER" "REGISTER" 2 6;
 .timescale 0 0;
    .port_info 0 /INPUT 1 "clk";
    .port_info 1 /INPUT 1 "rst";
    .port_info 2 /INPUT 1 "write_en";
    .port_info 3 /INPUT 8 "data_in";
    .port_info 4 /INPUT 3 "writeAddr";
    .port_info 5 /OUTPUT 8 "rDataA";
    .port_info 6 /INPUT 3 "rAddrA";
    .port_info 7 /OUTPUT 8 "rDataB";
    .port_info 8 /INPUT 3 "rAddrB";
P_0000012330ae5cd0 .param/l "WIDTH" 0 2 6, +C4<00000000000000000000000000001000>;
P_0000012330ae5d08 .param/l "noOfRegs" 0 2 6, +C4<00000000000000000000000000001000>;
L_0000012330b07c60 .functor AND 8, v0000012330b5dd10_0, L_0000012330b62d20, C4<11111111>, C4<11111111>;
v0000012330b5da90_0 .net *"_ivl_12", 31 0, L_0000012330b62960;  1 drivers
L_0000012330b64d68 .functor BUFT 1, C4<00000000000000000000000000000>, C4<0>, C4<0>, C4<0>;
v0000012330b5db30_0 .net *"_ivl_15", 28 0, L_0000012330b64d68;  1 drivers
L_0000012330b64db0 .functor BUFT 1, C4<00000000000000000000000000000000>, C4<0>, C4<0>, C4<0>;
v0000012330b5dc70_0 .net/2u *"_ivl_16", 31 0, L_0000012330b64db0;  1 drivers
v0000012330b5e710_0 .net *"_ivl_18", 0 0, L_0000012330b63a40;  1 drivers
L_0000012330b64df8 .functor BUFT 1, C4<00000000>, C4<0>, C4<0>, C4<0>;
v0000012330b5de50_0 .net/2u *"_ivl_20", 7 0, L_0000012330b64df8;  1 drivers
v0000012330b5e030_0 .net *"_ivl_22", 7 0, L_0000012330b63400;  1 drivers
v0000012330b5e0d0_0 .net *"_ivl_24", 4 0, L_0000012330b63680;  1 drivers
L_0000012330b64e40 .functor BUFT 1, C4<00>, C4<0>, C4<0>, C4<0>;
v0000012330b5e210_0 .net *"_ivl_27", 1 0, L_0000012330b64e40;  1 drivers
v0000012330b5e350_0 .net *"_ivl_30", 31 0, L_0000012330b63f40;  1 drivers
L_0000012330b64e88 .functor BUFT 1, C4<00000000000000000000000000000>, C4<0>, C4<0>, C4<0>;
v0000012330b5e3f0_0 .net *"_ivl_33", 28 0, L_0000012330b64e88;  1 drivers
L_0000012330b64ed0 .functor BUFT 1, C4<00000000000000000000000000000000>, C4<0>, C4<0>, C4<0>;
v0000012330b5cff0_0 .net/2u *"_ivl_34", 31 0, L_0000012330b64ed0;  1 drivers
v0000012330b5e490_0 .net *"_ivl_36", 0 0, L_0000012330b64760;  1 drivers
L_0000012330b64f18 .functor BUFT 1, C4<00000000>, C4<0>, C4<0>, C4<0>;
v0000012330b5c870_0 .net/2u *"_ivl_38", 7 0, L_0000012330b64f18;  1 drivers
v0000012330b5c910_0 .net *"_ivl_40", 7 0, L_0000012330b63b80;  1 drivers
v0000012330b5c9b0_0 .net *"_ivl_42", 4 0, L_0000012330b63720;  1 drivers
L_0000012330b64f60 .functor BUFT 1, C4<00>, C4<0>, C4<0>, C4<0>;
v0000012330b5ca50_0 .net *"_ivl_45", 1 0, L_0000012330b64f60;  1 drivers
v0000012330b5caf0_0 .net *"_ivl_8", 7 0, L_0000012330b62d20;  1 drivers
o0000012330b09238 .functor BUFZ 1, C4<z>; HiZ drive
v0000012330b5cb90_0 .net "clk", 0 0, o0000012330b09238;  0 drivers
o0000012330b09268 .functor BUFZ 8, C4<zzzzzzzz>; HiZ drive
v0000012330b63860_0 .net "data_in", 7 0, o0000012330b09268;  0 drivers
v0000012330b632c0_0 .net "decode", 7 0, v0000012330b5dd10_0;  1 drivers
o0000012330b0a138 .functor BUFZ 3, C4<zzz>; HiZ drive
v0000012330b63900_0 .net "rAddrA", 2 0, o0000012330b0a138;  0 drivers
o0000012330b0a168 .functor BUFZ 3, C4<zzz>; HiZ drive
v0000012330b63e00_0 .net "rAddrB", 2 0, o0000012330b0a168;  0 drivers
v0000012330b62b40_0 .net "rDataA", 7 0, L_0000012330b63360;  1 drivers
v0000012330b64620_0 .net "rDataB", 7 0, L_0000012330b637c0;  1 drivers
v0000012330b639a0 .array "reg_out", 0 7;
v0000012330b639a0_0 .net v0000012330b639a0 0, 7 0, v0000012330b02d10_0; 1 drivers
v0000012330b639a0_1 .net v0000012330b639a0 1, 7 0, v0000012330b026d0_0; 1 drivers
v0000012330b639a0_2 .net v0000012330b639a0 2, 7 0, v0000012330b5cf50_0; 1 drivers
v0000012330b639a0_3 .net v0000012330b639a0 3, 7 0, v0000012330b5e530_0; 1 drivers
v0000012330b639a0_4 .net v0000012330b639a0 4, 7 0, v0000012330b5d450_0; 1 drivers
v0000012330b639a0_5 .net v0000012330b639a0 5, 7 0, v0000012330b5ceb0_0; 1 drivers
v0000012330b639a0_6 .net v0000012330b639a0 6, 7 0, v0000012330b5d630_0; 1 drivers
v0000012330b639a0_7 .net v0000012330b639a0 7, 7 0, v0000012330b5d950_0; 1 drivers
o0000012330b092f8 .functor BUFZ 1, C4<z>; HiZ drive
v0000012330b634a0_0 .net "rst", 0 0, o0000012330b092f8;  0 drivers
o0000012330b09d48 .functor BUFZ 3, C4<zzz>; HiZ drive
v0000012330b62fa0_0 .net "writeAddr", 2 0, o0000012330b09d48;  0 drivers
o0000012330b0a1f8 .functor BUFZ 1, C4<z>; HiZ drive
v0000012330b63ea0_0 .net "write_en", 0 0, o0000012330b0a1f8;  0 drivers
v0000012330b62f00_0 .net "write_en_signals", 7 0, L_0000012330b07c60;  1 drivers
L_0000012330b643a0 .part L_0000012330b07c60, 0, 1;
L_0000012330b63d60 .part L_0000012330b07c60, 1, 1;
L_0000012330b63540 .part L_0000012330b07c60, 2, 1;
L_0000012330b635e0 .part L_0000012330b07c60, 3, 1;
L_0000012330b63cc0 .part L_0000012330b07c60, 4, 1;
L_0000012330b64440 .part L_0000012330b07c60, 5, 1;
L_0000012330b64120 .part L_0000012330b07c60, 6, 1;
L_0000012330b62e60 .part L_0000012330b07c60, 7, 1;
LS_0000012330b62d20_0_0 .concat [ 1 1 1 1], o0000012330b0a1f8, o0000012330b0a1f8, o0000012330b0a1f8, o0000012330b0a1f8;
LS_0000012330b62d20_0_4 .concat [ 1 1 1 1], o0000012330b0a1f8, o0000012330b0a1f8, o0000012330b0a1f8, o0000012330b0a1f8;
L_0000012330b62d20 .concat [ 4 4 0 0], LS_0000012330b62d20_0_0, LS_0000012330b62d20_0_4;
L_0000012330b62960 .concat [ 3 29 0 0], o0000012330b0a138, L_0000012330b64d68;
L_0000012330b63a40 .cmp/eq 32, L_0000012330b62960, L_0000012330b64db0;
L_0000012330b63400 .array/port v0000012330b639a0, L_0000012330b63680;
L_0000012330b63680 .concat [ 3 2 0 0], o0000012330b0a138, L_0000012330b64e40;
L_0000012330b63360 .functor MUXZ 8, L_0000012330b63400, L_0000012330b64df8, L_0000012330b63a40, C4<>;
L_0000012330b63f40 .concat [ 3 29 0 0], o0000012330b0a168, L_0000012330b64e88;
L_0000012330b64760 .cmp/eq 32, L_0000012330b63f40, L_0000012330b64ed0;
L_0000012330b63b80 .array/port v0000012330b639a0, L_0000012330b63720;
L_0000012330b63720 .concat [ 3 2 0 0], o0000012330b0a168, L_0000012330b64f60;
L_0000012330b637c0 .functor MUXZ 8, L_0000012330b63b80, L_0000012330b64f18, L_0000012330b64760, C4<>;
S_0000012330af6790 .scope generate, "reg_block[0]" "reg_block[0]" 2 35, 2 35 0, S_0000012330af6600;
 .timescale 0 0;
P_0000012330b07640 .param/l "i" 0 2 35, +C4<00>;
S_0000012330bfda80 .scope module, "regs" "n_bit_register" 2 37, 3 2 0, S_0000012330af6790;
 .timescale 0 0;
    .port_info 0 /INPUT 8 "d";
    .port_info 1 /INPUT 1 "clk";
    .port_info 2 /INPUT 1 "rst";
    .port_info 3 /INPUT 1 "en";
    .port_info 4 /OUTPUT 8 "q";
P_0000012330b06e40 .param/l "N" 0 3 2, +C4<00000000000000000000000000001000>;
v0000012330b02c70_0 .net "clk", 0 0, o0000012330b09238;  alias, 0 drivers
v0000012330b029f0_0 .net "d", 7 0, o0000012330b09268;  alias, 0 drivers
v0000012330b03490_0 .net "en", 0 0, L_0000012330b643a0;  1 drivers
v0000012330b02d10_0 .var "q", 7 0;
v0000012330b033f0_0 .net "rst", 0 0, o0000012330b092f8;  alias, 0 drivers
E_0000012330b07380 .event posedge, v0000012330b02c70_0;
S_0000012330bfdc10 .scope generate, "reg_block[1]" "reg_block[1]" 2 35, 2 35 0, S_0000012330af6600;
 .timescale 0 0;
P_0000012330b07580 .param/l "i" 0 2 35, +C4<01>;
S_0000012330b5c370 .scope module, "regs" "n_bit_register" 2 37, 3 2 0, S_0000012330bfdc10;
 .timescale 0 0;
    .port_info 0 /INPUT 8 "d";
    .port_info 1 /INPUT 1 "clk";
    .port_info 2 /INPUT 1 "rst";
    .port_info 3 /INPUT 1 "en";
    .port_info 4 /OUTPUT 8 "q";
P_0000012330b06dc0 .param/l "N" 0 3 2, +C4<00000000000000000000000000001000>;
v0000012330b02db0_0 .net "clk", 0 0, o0000012330b09238;  alias, 0 drivers
v0000012330b03530_0 .net "d", 7 0, o0000012330b09268;  alias, 0 drivers
v0000012330b035d0_0 .net "en", 0 0, L_0000012330b63d60;  1 drivers
v0000012330b026d0_0 .var "q", 7 0;
v0000012330b028b0_0 .net "rst", 0 0, o0000012330b092f8;  alias, 0 drivers
S_0000012330b5c500 .scope generate, "reg_block[2]" "reg_block[2]" 2 35, 2 35 0, S_0000012330af6600;
 .timescale 0 0;
P_0000012330b06f40 .param/l "i" 0 2 35, +C4<010>;
S_0000012330b5c690 .scope module, "regs" "n_bit_register" 2 37, 3 2 0, S_0000012330b5c500;
 .timescale 0 0;
    .port_info 0 /INPUT 8 "d";
    .port_info 1 /INPUT 1 "clk";
    .port_info 2 /INPUT 1 "rst";
    .port_info 3 /INPUT 1 "en";
    .port_info 4 /OUTPUT 8 "q";
P_0000012330b06d80 .param/l "N" 0 3 2, +C4<00000000000000000000000000001000>;
v0000012330b5d3b0_0 .net "clk", 0 0, o0000012330b09238;  alias, 0 drivers
v0000012330b5ddb0_0 .net "d", 7 0, o0000012330b09268;  alias, 0 drivers
v0000012330b5d130_0 .net "en", 0 0, L_0000012330b63540;  1 drivers
v0000012330b5cf50_0 .var "q", 7 0;
v0000012330b5e2b0_0 .net "rst", 0 0, o0000012330b092f8;  alias, 0 drivers
S_0000012330b5e830 .scope generate, "reg_block[3]" "reg_block[3]" 2 35, 2 35 0, S_0000012330af6600;
 .timescale 0 0;
P_0000012330b06ec0 .param/l "i" 0 2 35, +C4<011>;
S_0000012330b5f9d0 .scope module, "regs" "n_bit_register" 2 37, 3 2 0, S_0000012330b5e830;
 .timescale 0 0;
    .port_info 0 /INPUT 8 "d";
    .port_info 1 /INPUT 1 "clk";
    .port_info 2 /INPUT 1 "rst";
    .port_info 3 /INPUT 1 "en";
    .port_info 4 /OUTPUT 8 "q";
P_0000012330b075c0 .param/l "N" 0 3 2, +C4<00000000000000000000000000001000>;
v0000012330b5d1d0_0 .net "clk", 0 0, o0000012330b09238;  alias, 0 drivers
v0000012330b5dbd0_0 .net "d", 7 0, o0000012330b09268;  alias, 0 drivers
v0000012330b5ce10_0 .net "en", 0 0, L_0000012330b635e0;  1 drivers
v0000012330b5e530_0 .var "q", 7 0;
v0000012330b5d270_0 .net "rst", 0 0, o0000012330b092f8;  alias, 0 drivers
S_0000012330b5fb60 .scope generate, "reg_block[4]" "reg_block[4]" 2 35, 2 35 0, S_0000012330af6600;
 .timescale 0 0;
P_0000012330b074c0 .param/l "i" 0 2 35, +C4<0100>;
S_0000012330b5fcf0 .scope module, "regs" "n_bit_register" 2 37, 3 2 0, S_0000012330b5fb60;
 .timescale 0 0;
    .port_info 0 /INPUT 8 "d";
    .port_info 1 /INPUT 1 "clk";
    .port_info 2 /INPUT 1 "rst";
    .port_info 3 /INPUT 1 "en";
    .port_info 4 /OUTPUT 8 "q";
P_0000012330b06f80 .param/l "N" 0 3 2, +C4<00000000000000000000000000001000>;
v0000012330b5df90_0 .net "clk", 0 0, o0000012330b09238;  alias, 0 drivers
v0000012330b5e5d0_0 .net "d", 7 0, o0000012330b09268;  alias, 0 drivers
v0000012330b5d8b0_0 .net "en", 0 0, L_0000012330b63cc0;  1 drivers
v0000012330b5d450_0 .var "q", 7 0;
v0000012330b5e670_0 .net "rst", 0 0, o0000012330b092f8;  alias, 0 drivers
S_0000012330b5fe80 .scope generate, "reg_block[5]" "reg_block[5]" 2 35, 2 35 0, S_0000012330af6600;
 .timescale 0 0;
P_0000012330b07840 .param/l "i" 0 2 35, +C4<0101>;
S_0000012330b60010 .scope module, "regs" "n_bit_register" 2 37, 3 2 0, S_0000012330b5fe80;
 .timescale 0 0;
    .port_info 0 /INPUT 8 "d";
    .port_info 1 /INPUT 1 "clk";
    .port_info 2 /INPUT 1 "rst";
    .port_info 3 /INPUT 1 "en";
    .port_info 4 /OUTPUT 8 "q";
P_0000012330b06cc0 .param/l "N" 0 3 2, +C4<00000000000000000000000000001000>;
v0000012330b5d4f0_0 .net "clk", 0 0, o0000012330b09238;  alias, 0 drivers
v0000012330b5d590_0 .net "d", 7 0, o0000012330b09268;  alias, 0 drivers
v0000012330b5d6d0_0 .net "en", 0 0, L_0000012330b64440;  1 drivers
v0000012330b5ceb0_0 .var "q", 7 0;
v0000012330b5d310_0 .net "rst", 0 0, o0000012330b092f8;  alias, 0 drivers
S_0000012330b601a0 .scope generate, "reg_block[6]" "reg_block[6]" 2 35, 2 35 0, S_0000012330af6600;
 .timescale 0 0;
P_0000012330b07680 .param/l "i" 0 2 35, +C4<0110>;
S_0000012330b60330 .scope module, "regs" "n_bit_register" 2 37, 3 2 0, S_0000012330b601a0;
 .timescale 0 0;
    .port_info 0 /INPUT 8 "d";
    .port_info 1 /INPUT 1 "clk";
    .port_info 2 /INPUT 1 "rst";
    .port_info 3 /INPUT 1 "en";
    .port_info 4 /OUTPUT 8 "q";
P_0000012330b070c0 .param/l "N" 0 3 2, +C4<00000000000000000000000000001000>;
v0000012330b5cc30_0 .net "clk", 0 0, o0000012330b09238;  alias, 0 drivers
v0000012330b5ccd0_0 .net "d", 7 0, o0000012330b09268;  alias, 0 drivers
v0000012330b5e170_0 .net "en", 0 0, L_0000012330b64120;  1 drivers
v0000012330b5d630_0 .var "q", 7 0;
v0000012330b5def0_0 .net "rst", 0 0, o0000012330b092f8;  alias, 0 drivers
S_0000012330b604c0 .scope generate, "reg_block[7]" "reg_block[7]" 2 35, 2 35 0, S_0000012330af6600;
 .timescale 0 0;
P_0000012330b06a80 .param/l "i" 0 2 35, +C4<0111>;
S_0000012330b60650 .scope module, "regs" "n_bit_register" 2 37, 3 2 0, S_0000012330b604c0;
 .timescale 0 0;
    .port_info 0 /INPUT 8 "d";
    .port_info 1 /INPUT 1 "clk";
    .port_info 2 /INPUT 1 "rst";
    .port_info 3 /INPUT 1 "en";
    .port_info 4 /OUTPUT 8 "q";
P_0000012330b06980 .param/l "N" 0 3 2, +C4<00000000000000000000000000001000>;
v0000012330b5d090_0 .net "clk", 0 0, o0000012330b09238;  alias, 0 drivers
v0000012330b5d770_0 .net "d", 7 0, o0000012330b09268;  alias, 0 drivers
v0000012330b5d810_0 .net "en", 0 0, L_0000012330b62e60;  1 drivers
v0000012330b5d950_0 .var "q", 7 0;
v0000012330b5d9f0_0 .net "rst", 0 0, o0000012330b092f8;  alias, 0 drivers
S_0000012330b62650 .scope module, "write_decoder" "n_decoder" 2 30, 4 1 0, S_0000012330af6600;
 .timescale 0 0;
    .port_info 0 /INPUT 3 "in";
    .port_info 1 /OUTPUT 8 "out";
P_0000012330b06e00 .param/l "N" 0 4 1, +C4<00000000000000000000000000000011>;
v0000012330b5cd70_0 .net "in", 2 0, o0000012330b09d48;  alias, 0 drivers
v0000012330b5dd10_0 .var "out", 7 0;
E_0000012330b07880 .event anyedge, v0000012330b5cd70_0;
    .scope S_0000012330bfda80;
T_0 ;
    %wait E_0000012330b07380;
    %load/vec4 v0000012330b033f0_0;
    %flag_set/vec4 8;
    %jmp/0xz  T_0.0, 8;
    %pushi/vec4 0, 0, 8;
    %assign/vec4 v0000012330b02d10_0, 0;
    %jmp T_0.1;
T_0.0 ;
    %load/vec4 v0000012330b03490_0;
    %flag_set/vec4 8;
    %jmp/0xz  T_0.2, 8;
    %load/vec4 v0000012330b029f0_0;
    %assign/vec4 v0000012330b02d10_0, 0;
T_0.2 ;
T_0.1 ;
    %jmp T_0;
    .thread T_0;
    .scope S_0000012330b5c370;
T_1 ;
    %wait E_0000012330b07380;
    %load/vec4 v0000012330b028b0_0;
    %flag_set/vec4 8;
    %jmp/0xz  T_1.0, 8;
    %pushi/vec4 0, 0, 8;
    %assign/vec4 v0000012330b026d0_0, 0;
    %jmp T_1.1;
T_1.0 ;
    %load/vec4 v0000012330b035d0_0;
    %flag_set/vec4 8;
    %jmp/0xz  T_1.2, 8;
    %load/vec4 v0000012330b03530_0;
    %assign/vec4 v0000012330b026d0_0, 0;
T_1.2 ;
T_1.1 ;
    %jmp T_1;
    .thread T_1;
    .scope S_0000012330b5c690;
T_2 ;
    %wait E_0000012330b07380;
    %load/vec4 v0000012330b5e2b0_0;
    %flag_set/vec4 8;
    %jmp/0xz  T_2.0, 8;
    %pushi/vec4 0, 0, 8;
    %assign/vec4 v0000012330b5cf50_0, 0;
    %jmp T_2.1;
T_2.0 ;
    %load/vec4 v0000012330b5d130_0;
    %flag_set/vec4 8;
    %jmp/0xz  T_2.2, 8;
    %load/vec4 v0000012330b5ddb0_0;
    %assign/vec4 v0000012330b5cf50_0, 0;
T_2.2 ;
T_2.1 ;
    %jmp T_2;
    .thread T_2;
    .scope S_0000012330b5f9d0;
T_3 ;
    %wait E_0000012330b07380;
    %load/vec4 v0000012330b5d270_0;
    %flag_set/vec4 8;
    %jmp/0xz  T_3.0, 8;
    %pushi/vec4 0, 0, 8;
    %assign/vec4 v0000012330b5e530_0, 0;
    %jmp T_3.1;
T_3.0 ;
    %load/vec4 v0000012330b5ce10_0;
    %flag_set/vec4 8;
    %jmp/0xz  T_3.2, 8;
    %load/vec4 v0000012330b5dbd0_0;
    %assign/vec4 v0000012330b5e530_0, 0;
T_3.2 ;
T_3.1 ;
    %jmp T_3;
    .thread T_3;
    .scope S_0000012330b5fcf0;
T_4 ;
    %wait E_0000012330b07380;
    %load/vec4 v0000012330b5e670_0;
    %flag_set/vec4 8;
    %jmp/0xz  T_4.0, 8;
    %pushi/vec4 0, 0, 8;
    %assign/vec4 v0000012330b5d450_0, 0;
    %jmp T_4.1;
T_4.0 ;
    %load/vec4 v0000012330b5d8b0_0;
    %flag_set/vec4 8;
    %jmp/0xz  T_4.2, 8;
    %load/vec4 v0000012330b5e5d0_0;
    %assign/vec4 v0000012330b5d450_0, 0;
T_4.2 ;
T_4.1 ;
    %jmp T_4;
    .thread T_4;
    .scope S_0000012330b60010;
T_5 ;
    %wait E_0000012330b07380;
    %load/vec4 v0000012330b5d310_0;
    %flag_set/vec4 8;
    %jmp/0xz  T_5.0, 8;
    %pushi/vec4 0, 0, 8;
    %assign/vec4 v0000012330b5ceb0_0, 0;
    %jmp T_5.1;
T_5.0 ;
    %load/vec4 v0000012330b5d6d0_0;
    %flag_set/vec4 8;
    %jmp/0xz  T_5.2, 8;
    %load/vec4 v0000012330b5d590_0;
    %assign/vec4 v0000012330b5ceb0_0, 0;
T_5.2 ;
T_5.1 ;
    %jmp T_5;
    .thread T_5;
    .scope S_0000012330b60330;
T_6 ;
    %wait E_0000012330b07380;
    %load/vec4 v0000012330b5def0_0;
    %flag_set/vec4 8;
    %jmp/0xz  T_6.0, 8;
    %pushi/vec4 0, 0, 8;
    %assign/vec4 v0000012330b5d630_0, 0;
    %jmp T_6.1;
T_6.0 ;
    %load/vec4 v0000012330b5e170_0;
    %flag_set/vec4 8;
    %jmp/0xz  T_6.2, 8;
    %load/vec4 v0000012330b5ccd0_0;
    %assign/vec4 v0000012330b5d630_0, 0;
T_6.2 ;
T_6.1 ;
    %jmp T_6;
    .thread T_6;
    .scope S_0000012330b60650;
T_7 ;
    %wait E_0000012330b07380;
    %load/vec4 v0000012330b5d9f0_0;
    %flag_set/vec4 8;
    %jmp/0xz  T_7.0, 8;
    %pushi/vec4 0, 0, 8;
    %assign/vec4 v0000012330b5d950_0, 0;
    %jmp T_7.1;
T_7.0 ;
    %load/vec4 v0000012330b5d810_0;
    %flag_set/vec4 8;
    %jmp/0xz  T_7.2, 8;
    %load/vec4 v0000012330b5d770_0;
    %assign/vec4 v0000012330b5d950_0, 0;
T_7.2 ;
T_7.1 ;
    %jmp T_7;
    .thread T_7;
    .scope S_0000012330b62650;
T_8 ;
    %wait E_0000012330b07880;
    %pushi/vec4 0, 0, 8;
    %store/vec4 v0000012330b5dd10_0, 0, 8;
    %pushi/vec4 1, 0, 8;
    %ix/getv 4, v0000012330b5cd70_0;
    %shiftl 4;
    %store/vec4 v0000012330b5dd10_0, 0, 8;
    %jmp T_8;
    .thread T_8, $push;
# The file index is used to find the file name in the following table.
:file_names 5;
    "N/A";
    "<interactive>";
    "REGISTER.v";
    "./../Register/n_bit_register.v";
    "./../../Combinational/decoders/n_decoder.v";
