#! /c/Source/iverilog-install/bin/vvp
:ivl_version "12.0 (devel)" "(s20150603-1539-g2693dd32b)";
:ivl_delay_selection "TYPICAL";
:vpi_time_precision - 12;
:vpi_module "C:\iverilog\lib\ivl\system.vpi";
:vpi_module "C:\iverilog\lib\ivl\vhdl_sys.vpi";
:vpi_module "C:\iverilog\lib\ivl\vhdl_textio.vpi";
:vpi_module "C:\iverilog\lib\ivl\v2005_math.vpi";
:vpi_module "C:\iverilog\lib\ivl\va_math.vpi";
S_000002b046c7ccb0 .scope module, "register_tb" "register_tb" 2 6;
 .timescale -9 -12;
P_000002b046c206e0 .param/l "WIDTH" 0 2 9, +C4<00000000000000000000000000100000>;
P_000002b046c20718 .param/l "noOfRegs" 0 2 10, +C4<00000000000000000000000000100000>;
v000002b046cf0650_0 .var "clk", 0 0;
v000002b046cef430_0 .var "read_addrA", 4 0;
v000002b046cf0790_0 .var "read_addrB", 4 0;
v000002b046cf0290_0 .net "read_dataA", 31 0, L_000002b046d4ae50;  1 drivers
v000002b046cf0fb0_0 .net "read_dataB", 31 0, L_000002b046d4a630;  1 drivers
v000002b046cef390_0 .var "rst", 0 0;
v000002b046cefb10_0 .var "write_addr", 4 0;
v000002b046cef2f0_0 .var "write_data", 31 0;
v000002b046cf0330_0 .var "write_en", 0 0;
S_000002b046c7ce40 .scope module, "r0" "REGISTER" 2 33, 3 6 0, S_000002b046c7ccb0;
 .timescale -9 -12;
    .port_info 0 /INPUT 1 "clk";
    .port_info 1 /INPUT 1 "rst";
    .port_info 2 /INPUT 1 "write_en";
    .port_info 3 /INPUT 32 "data_in";
    .port_info 4 /INPUT 5 "writeAddr";
    .port_info 5 /OUTPUT 32 "rDataA";
    .port_info 6 /INPUT 5 "rAddrA";
    .port_info 7 /OUTPUT 32 "rDataB";
    .port_info 8 /INPUT 5 "rAddrB";
P_000002b046c20b60 .param/l "WIDTH" 0 3 6, +C4<00000000000000000000000000100000>;
P_000002b046c20b98 .param/l "noOfRegs" 0 3 6, +C4<00000000000000000000000000100000>;
L_000002b046c73b50 .functor AND 32, v000002b046ce98a0_0, L_000002b046cef890, C4<11111111111111111111111111111111>, C4<11111111111111111111111111111111>;
v000002b046ce99e0_0 .net *"_ivl_32", 31 0, L_000002b046cef890;  1 drivers
v000002b046ce91c0_0 .net *"_ivl_36", 31 0, L_000002b046cef930;  1 drivers
L_000002b046cf14e8 .functor BUFT 1, C4<000000000000000000000000000>, C4<0>, C4<0>, C4<0>;
v000002b046ce9260_0 .net *"_ivl_39", 26 0, L_000002b046cf14e8;  1 drivers
L_000002b046cf1530 .functor BUFT 1, C4<00000000000000000000000000000000>, C4<0>, C4<0>, C4<0>;
v000002b046ce8720_0 .net/2u *"_ivl_40", 31 0, L_000002b046cf1530;  1 drivers
v000002b046ce9b20_0 .net *"_ivl_42", 0 0, L_000002b046cefd90;  1 drivers
L_000002b046cf1578 .functor BUFT 1, C4<00000000000000000000000000000000>, C4<0>, C4<0>, C4<0>;
v000002b046ce9300_0 .net/2u *"_ivl_44", 31 0, L_000002b046cf1578;  1 drivers
v000002b046ce8a40_0 .net *"_ivl_46", 31 0, L_000002b046d49730;  1 drivers
v000002b046ce93a0_0 .net *"_ivl_48", 6 0, L_000002b046d49eb0;  1 drivers
L_000002b046cf15c0 .functor BUFT 1, C4<00>, C4<0>, C4<0>, C4<0>;
v000002b046ce9c60_0 .net *"_ivl_51", 1 0, L_000002b046cf15c0;  1 drivers
v000002b046ce82c0_0 .net *"_ivl_54", 31 0, L_000002b046d4b3f0;  1 drivers
L_000002b046cf1608 .functor BUFT 1, C4<000000000000000000000000000>, C4<0>, C4<0>, C4<0>;
v000002b046ce8180_0 .net *"_ivl_57", 26 0, L_000002b046cf1608;  1 drivers
L_000002b046cf1650 .functor BUFT 1, C4<00000000000000000000000000000000>, C4<0>, C4<0>, C4<0>;
v000002b046ce9da0_0 .net/2u *"_ivl_58", 31 0, L_000002b046cf1650;  1 drivers
v000002b046ce8ae0_0 .net *"_ivl_60", 0 0, L_000002b046d4af90;  1 drivers
L_000002b046cf1698 .functor BUFT 1, C4<00000000000000000000000000000000>, C4<0>, C4<0>, C4<0>;
v000002b046ce9e40_0 .net/2u *"_ivl_62", 31 0, L_000002b046cf1698;  1 drivers
v000002b046ce9f80_0 .net *"_ivl_64", 31 0, L_000002b046d4a090;  1 drivers
v000002b046ce87c0_0 .net *"_ivl_66", 6 0, L_000002b046d4aef0;  1 drivers
L_000002b046cf16e0 .functor BUFT 1, C4<00>, C4<0>, C4<0>, C4<0>;
v000002b046ce8400_0 .net *"_ivl_69", 1 0, L_000002b046cf16e0;  1 drivers
v000002b046ce8ea0_0 .net "clk", 0 0, v000002b046cf0650_0;  1 drivers
v000002b046ce8cc0_0 .net "data_in", 31 0, v000002b046cef2f0_0;  1 drivers
v000002b046ce84a0_0 .net "decode", 31 0, v000002b046ce98a0_0;  1 drivers
v000002b046ce8860_0 .net "rAddrA", 4 0, v000002b046cef430_0;  1 drivers
v000002b046ce8900_0 .net "rAddrB", 4 0, v000002b046cf0790_0;  1 drivers
v000002b046ce8e00_0 .net "rDataA", 31 0, L_000002b046d4ae50;  alias, 1 drivers
v000002b046cf0ab0_0 .net "rDataB", 31 0, L_000002b046d4a630;  alias, 1 drivers
v000002b046cef250 .array "reg_out", 0 31;
v000002b046cef250_0 .net v000002b046cef250 0, 31 0, v000002b046c6a3d0_0; 1 drivers
v000002b046cef250_1 .net v000002b046cef250 1, 31 0, v000002b046c6af10_0; 1 drivers
v000002b046cef250_2 .net v000002b046cef250 2, 31 0, v000002b046c696b0_0; 1 drivers
v000002b046cef250_3 .net v000002b046cef250 3, 31 0, v000002b046c69e30_0; 1 drivers
v000002b046cef250_4 .net v000002b046cef250 4, 31 0, v000002b046c60880_0; 1 drivers
v000002b046cef250_5 .net v000002b046cef250 5, 31 0, v000002b046c60560_0; 1 drivers
v000002b046cef250_6 .net v000002b046cef250 6, 31 0, v000002b046c60ba0_0; 1 drivers
v000002b046cef250_7 .net v000002b046cef250 7, 31 0, v000002b046cd3bf0_0; 1 drivers
v000002b046cef250_8 .net v000002b046cef250 8, 31 0, v000002b046cd3790_0; 1 drivers
v000002b046cef250_9 .net v000002b046cef250 9, 31 0, v000002b046cd5270_0; 1 drivers
v000002b046cef250_10 .net v000002b046cef250 10, 31 0, v000002b046cd3c90_0; 1 drivers
v000002b046cef250_11 .net v000002b046cef250 11, 31 0, v000002b046cd3830_0; 1 drivers
v000002b046cef250_12 .net v000002b046cef250 12, 31 0, v000002b046cd4730_0; 1 drivers
v000002b046cef250_13 .net v000002b046cef250 13, 31 0, v000002b046cd4e10_0; 1 drivers
v000002b046cef250_14 .net v000002b046cef250 14, 31 0, v000002b046cd4f50_0; 1 drivers
v000002b046cef250_15 .net v000002b046cef250 15, 31 0, v000002b046cd5450_0; 1 drivers
v000002b046cef250_16 .net v000002b046cef250 16, 31 0, v000002b046cd4050_0; 1 drivers
v000002b046cef250_17 .net v000002b046cef250 17, 31 0, v000002b046cdbb90_0; 1 drivers
v000002b046cef250_18 .net v000002b046cef250 18, 31 0, v000002b046cdb550_0; 1 drivers
v000002b046cef250_19 .net v000002b046cef250 19, 31 0, v000002b046cda8d0_0; 1 drivers
v000002b046cef250_20 .net v000002b046cef250 20, 31 0, v000002b046cdafb0_0; 1 drivers
v000002b046cef250_21 .net v000002b046cef250 21, 31 0, v000002b046cdb2d0_0; 1 drivers
v000002b046cef250_22 .net v000002b046cef250 22, 31 0, v000002b046cda1f0_0; 1 drivers
v000002b046cef250_23 .net v000002b046cef250 23, 31 0, v000002b046cdb9b0_0; 1 drivers
v000002b046cef250_24 .net v000002b046cef250 24, 31 0, v000002b046cdb690_0; 1 drivers
v000002b046cef250_25 .net v000002b046cef250 25, 31 0, v000002b046cda0b0_0; 1 drivers
v000002b046cef250_26 .net v000002b046cef250 26, 31 0, v000002b046cda790_0; 1 drivers
v000002b046cef250_27 .net v000002b046cef250 27, 31 0, v000002b046ce85e0_0; 1 drivers
v000002b046cef250_28 .net v000002b046cef250 28, 31 0, v000002b046ce8c20_0; 1 drivers
v000002b046cef250_29 .net v000002b046cef250 29, 31 0, v000002b046ce9ee0_0; 1 drivers
v000002b046cef250_30 .net v000002b046cef250 30, 31 0, v000002b046ce8fe0_0; 1 drivers
v000002b046cef250_31 .net v000002b046cef250 31, 31 0, v000002b046ce89a0_0; 1 drivers
v000002b046cf00b0_0 .net "rst", 0 0, v000002b046cef390_0;  1 drivers
v000002b046cf01f0_0 .net "writeAddr", 4 0, v000002b046cefb10_0;  1 drivers
v000002b046cf06f0_0 .net "write_en", 0 0, v000002b046cf0330_0;  1 drivers
v000002b046cf0150_0 .net "write_en_signals", 31 0, L_000002b046c73b50;  1 drivers
L_000002b046cef610 .part L_000002b046c73b50, 0, 1;
L_000002b046cf03d0 .part L_000002b046c73b50, 1, 1;
L_000002b046cefed0 .part L_000002b046c73b50, 2, 1;
L_000002b046ceff70 .part L_000002b046c73b50, 3, 1;
L_000002b046cf0470 .part L_000002b046c73b50, 4, 1;
L_000002b046cefbb0 .part L_000002b046c73b50, 5, 1;
L_000002b046cefe30 .part L_000002b046c73b50, 6, 1;
L_000002b046cef6b0 .part L_000002b046c73b50, 7, 1;
L_000002b046cf0b50 .part L_000002b046c73b50, 8, 1;
L_000002b046cf0bf0 .part L_000002b046c73b50, 9, 1;
L_000002b046cf0510 .part L_000002b046c73b50, 10, 1;
L_000002b046cef4d0 .part L_000002b046c73b50, 11, 1;
L_000002b046cf0c90 .part L_000002b046c73b50, 12, 1;
L_000002b046cf05b0 .part L_000002b046c73b50, 13, 1;
L_000002b046cf0a10 .part L_000002b046c73b50, 14, 1;
L_000002b046cf0d30 .part L_000002b046c73b50, 15, 1;
L_000002b046cf0dd0 .part L_000002b046c73b50, 16, 1;
L_000002b046cef570 .part L_000002b046c73b50, 17, 1;
L_000002b046cf0010 .part L_000002b046c73b50, 18, 1;
L_000002b046cf0830 .part L_000002b046c73b50, 19, 1;
L_000002b046cefc50 .part L_000002b046c73b50, 20, 1;
L_000002b046cef9d0 .part L_000002b046c73b50, 21, 1;
L_000002b046cef110 .part L_000002b046c73b50, 22, 1;
L_000002b046cf08d0 .part L_000002b046c73b50, 23, 1;
L_000002b046cf0970 .part L_000002b046c73b50, 24, 1;
L_000002b046cefcf0 .part L_000002b046c73b50, 25, 1;
L_000002b046cf0e70 .part L_000002b046c73b50, 26, 1;
L_000002b046cf0f10 .part L_000002b046c73b50, 27, 1;
L_000002b046cef1b0 .part L_000002b046c73b50, 28, 1;
L_000002b046cef7f0 .part L_000002b046c73b50, 29, 1;
L_000002b046cefa70 .part L_000002b046c73b50, 30, 1;
L_000002b046cef750 .part L_000002b046c73b50, 31, 1;
LS_000002b046cef890_0_0 .concat [ 1 1 1 1], v000002b046cf0330_0, v000002b046cf0330_0, v000002b046cf0330_0, v000002b046cf0330_0;
LS_000002b046cef890_0_4 .concat [ 1 1 1 1], v000002b046cf0330_0, v000002b046cf0330_0, v000002b046cf0330_0, v000002b046cf0330_0;
LS_000002b046cef890_0_8 .concat [ 1 1 1 1], v000002b046cf0330_0, v000002b046cf0330_0, v000002b046cf0330_0, v000002b046cf0330_0;
LS_000002b046cef890_0_12 .concat [ 1 1 1 1], v000002b046cf0330_0, v000002b046cf0330_0, v000002b046cf0330_0, v000002b046cf0330_0;
LS_000002b046cef890_0_16 .concat [ 1 1 1 1], v000002b046cf0330_0, v000002b046cf0330_0, v000002b046cf0330_0, v000002b046cf0330_0;
LS_000002b046cef890_0_20 .concat [ 1 1 1 1], v000002b046cf0330_0, v000002b046cf0330_0, v000002b046cf0330_0, v000002b046cf0330_0;
LS_000002b046cef890_0_24 .concat [ 1 1 1 1], v000002b046cf0330_0, v000002b046cf0330_0, v000002b046cf0330_0, v000002b046cf0330_0;
LS_000002b046cef890_0_28 .concat [ 1 1 1 1], v000002b046cf0330_0, v000002b046cf0330_0, v000002b046cf0330_0, v000002b046cf0330_0;
LS_000002b046cef890_1_0 .concat [ 4 4 4 4], LS_000002b046cef890_0_0, LS_000002b046cef890_0_4, LS_000002b046cef890_0_8, LS_000002b046cef890_0_12;
LS_000002b046cef890_1_4 .concat [ 4 4 4 4], LS_000002b046cef890_0_16, LS_000002b046cef890_0_20, LS_000002b046cef890_0_24, LS_000002b046cef890_0_28;
L_000002b046cef890 .concat [ 16 16 0 0], LS_000002b046cef890_1_0, LS_000002b046cef890_1_4;
L_000002b046cef930 .concat [ 5 27 0 0], v000002b046cef430_0, L_000002b046cf14e8;
L_000002b046cefd90 .cmp/eq 32, L_000002b046cef930, L_000002b046cf1530;
L_000002b046d49730 .array/port v000002b046cef250, L_000002b046d49eb0;
L_000002b046d49eb0 .concat [ 5 2 0 0], v000002b046cef430_0, L_000002b046cf15c0;
L_000002b046d4ae50 .functor MUXZ 32, L_000002b046d49730, L_000002b046cf1578, L_000002b046cefd90, C4<>;
L_000002b046d4b3f0 .concat [ 5 27 0 0], v000002b046cf0790_0, L_000002b046cf1608;
L_000002b046d4af90 .cmp/eq 32, L_000002b046d4b3f0, L_000002b046cf1650;
L_000002b046d4a090 .array/port v000002b046cef250, L_000002b046d4aef0;
L_000002b046d4aef0 .concat [ 5 2 0 0], v000002b046cf0790_0, L_000002b046cf16e0;
L_000002b046d4a630 .functor MUXZ 32, L_000002b046d4a090, L_000002b046cf1698, L_000002b046d4af90, C4<>;
S_000002b046c2e570 .scope generate, "reg_block[0]" "reg_block[0]" 3 34, 3 34 0, S_000002b046c7ce40;
 .timescale -9 -12;
P_000002b046c7ff90 .param/l "i" 0 3 34, +C4<00>;
S_000002b046c2e700 .scope module, "regs" "n_bit_register" 3 36, 4 2 0, S_000002b046c2e570;
 .timescale -9 -12;
    .port_info 0 /INPUT 32 "d";
    .port_info 1 /INPUT 1 "clk";
    .port_info 2 /INPUT 1 "rst";
    .port_info 3 /INPUT 1 "en";
    .port_info 4 /OUTPUT 32 "q";
P_000002b046c7f590 .param/l "N" 0 4 2, +C4<00000000000000000000000000100000>;
v000002b046c6ad30_0 .net "clk", 0 0, v000002b046cf0650_0;  alias, 1 drivers
v000002b046c6a330_0 .net "d", 31 0, v000002b046cef2f0_0;  alias, 1 drivers
v000002b046c69890_0 .net "en", 0 0, L_000002b046cef610;  1 drivers
v000002b046c6a3d0_0 .var "q", 31 0;
v000002b046c697f0_0 .net "rst", 0 0, v000002b046cef390_0;  alias, 1 drivers
E_000002b046c7ff50 .event posedge, v000002b046c6ad30_0;
S_000002b046b6da80 .scope generate, "reg_block[1]" "reg_block[1]" 3 34, 3 34 0, S_000002b046c7ce40;
 .timescale -9 -12;
P_000002b046c80190 .param/l "i" 0 3 34, +C4<01>;
S_000002b046b6dc10 .scope module, "regs" "n_bit_register" 3 36, 4 2 0, S_000002b046b6da80;
 .timescale -9 -12;
    .port_info 0 /INPUT 32 "d";
    .port_info 1 /INPUT 1 "clk";
    .port_info 2 /INPUT 1 "rst";
    .port_info 3 /INPUT 1 "en";
    .port_info 4 /OUTPUT 32 "q";
P_000002b046c7f990 .param/l "N" 0 4 2, +C4<00000000000000000000000000100000>;
v000002b046c6ae70_0 .net "clk", 0 0, v000002b046cf0650_0;  alias, 1 drivers
v000002b046c6a1f0_0 .net "d", 31 0, v000002b046cef2f0_0;  alias, 1 drivers
v000002b046c6a5b0_0 .net "en", 0 0, L_000002b046cf03d0;  1 drivers
v000002b046c6af10_0 .var "q", 31 0;
v000002b046c69bb0_0 .net "rst", 0 0, v000002b046cef390_0;  alias, 1 drivers
S_000002b046b666d0 .scope generate, "reg_block[2]" "reg_block[2]" 3 34, 3 34 0, S_000002b046c7ce40;
 .timescale -9 -12;
P_000002b046c7ff10 .param/l "i" 0 3 34, +C4<010>;
S_000002b046b66860 .scope module, "regs" "n_bit_register" 3 36, 4 2 0, S_000002b046b666d0;
 .timescale -9 -12;
    .port_info 0 /INPUT 32 "d";
    .port_info 1 /INPUT 1 "clk";
    .port_info 2 /INPUT 1 "rst";
    .port_info 3 /INPUT 1 "en";
    .port_info 4 /OUTPUT 32 "q";
P_000002b046c7f790 .param/l "N" 0 4 2, +C4<00000000000000000000000000100000>;
v000002b046c69c50_0 .net "clk", 0 0, v000002b046cf0650_0;  alias, 1 drivers
v000002b046c6b4b0_0 .net "d", 31 0, v000002b046cef2f0_0;  alias, 1 drivers
v000002b046c69d90_0 .net "en", 0 0, L_000002b046cefed0;  1 drivers
v000002b046c696b0_0 .var "q", 31 0;
v000002b046c69930_0 .net "rst", 0 0, v000002b046cef390_0;  alias, 1 drivers
S_000002b046b669f0 .scope generate, "reg_block[3]" "reg_block[3]" 3 34, 3 34 0, S_000002b046c7ce40;
 .timescale -9 -12;
P_000002b046c80010 .param/l "i" 0 3 34, +C4<011>;
S_000002b046c7db30 .scope module, "regs" "n_bit_register" 3 36, 4 2 0, S_000002b046b669f0;
 .timescale -9 -12;
    .port_info 0 /INPUT 32 "d";
    .port_info 1 /INPUT 1 "clk";
    .port_info 2 /INPUT 1 "rst";
    .port_info 3 /INPUT 1 "en";
    .port_info 4 /OUTPUT 32 "q";
P_000002b046c7f350 .param/l "N" 0 4 2, +C4<00000000000000000000000000100000>;
v000002b046c699d0_0 .net "clk", 0 0, v000002b046cf0650_0;  alias, 1 drivers
v000002b046c69a70_0 .net "d", 31 0, v000002b046cef2f0_0;  alias, 1 drivers
v000002b046c69f70_0 .net "en", 0 0, L_000002b046ceff70;  1 drivers
v000002b046c69e30_0 .var "q", 31 0;
v000002b046c69b10_0 .net "rst", 0 0, v000002b046cef390_0;  alias, 1 drivers
S_000002b046c7dcc0 .scope generate, "reg_block[4]" "reg_block[4]" 3 34, 3 34 0, S_000002b046c7ce40;
 .timescale -9 -12;
P_000002b046c7f390 .param/l "i" 0 3 34, +C4<0100>;
S_000002b046c7de50 .scope module, "regs" "n_bit_register" 3 36, 4 2 0, S_000002b046c7dcc0;
 .timescale -9 -12;
    .port_info 0 /INPUT 32 "d";
    .port_info 1 /INPUT 1 "clk";
    .port_info 2 /INPUT 1 "rst";
    .port_info 3 /INPUT 1 "en";
    .port_info 4 /OUTPUT 32 "q";
P_000002b046c7fd90 .param/l "N" 0 4 2, +C4<00000000000000000000000000100000>;
v000002b046c69cf0_0 .net "clk", 0 0, v000002b046cf0650_0;  alias, 1 drivers
v000002b046c69ed0_0 .net "d", 31 0, v000002b046cef2f0_0;  alias, 1 drivers
v000002b046c61000_0 .net "en", 0 0, L_000002b046cf0470;  1 drivers
v000002b046c60880_0 .var "q", 31 0;
v000002b046c60a60_0 .net "rst", 0 0, v000002b046cef390_0;  alias, 1 drivers
S_000002b046c7dfe0 .scope generate, "reg_block[5]" "reg_block[5]" 3 34, 3 34 0, S_000002b046c7ce40;
 .timescale -9 -12;
P_000002b046c7f650 .param/l "i" 0 3 34, +C4<0101>;
S_000002b046c7e170 .scope module, "regs" "n_bit_register" 3 36, 4 2 0, S_000002b046c7dfe0;
 .timescale -9 -12;
    .port_info 0 /INPUT 32 "d";
    .port_info 1 /INPUT 1 "clk";
    .port_info 2 /INPUT 1 "rst";
    .port_info 3 /INPUT 1 "en";
    .port_info 4 /OUTPUT 32 "q";
P_000002b046c7f810 .param/l "N" 0 4 2, +C4<00000000000000000000000000100000>;
v000002b046c602e0_0 .net "clk", 0 0, v000002b046cf0650_0;  alias, 1 drivers
v000002b046c60c40_0 .net "d", 31 0, v000002b046cef2f0_0;  alias, 1 drivers
v000002b046c601a0_0 .net "en", 0 0, L_000002b046cefbb0;  1 drivers
v000002b046c60560_0 .var "q", 31 0;
v000002b046c60d80_0 .net "rst", 0 0, v000002b046cef390_0;  alias, 1 drivers
S_000002b046cd2280 .scope generate, "reg_block[6]" "reg_block[6]" 3 34, 3 34 0, S_000002b046c7ce40;
 .timescale -9 -12;
P_000002b046c7f5d0 .param/l "i" 0 3 34, +C4<0110>;
S_000002b046cd2410 .scope module, "regs" "n_bit_register" 3 36, 4 2 0, S_000002b046cd2280;
 .timescale -9 -12;
    .port_info 0 /INPUT 32 "d";
    .port_info 1 /INPUT 1 "clk";
    .port_info 2 /INPUT 1 "rst";
    .port_info 3 /INPUT 1 "en";
    .port_info 4 /OUTPUT 32 "q";
P_000002b046c80050 .param/l "N" 0 4 2, +C4<00000000000000000000000000100000>;
v000002b046c60600_0 .net "clk", 0 0, v000002b046cf0650_0;  alias, 1 drivers
v000002b046c606a0_0 .net "d", 31 0, v000002b046cef2f0_0;  alias, 1 drivers
v000002b046c609c0_0 .net "en", 0 0, L_000002b046cefe30;  1 drivers
v000002b046c60ba0_0 .var "q", 31 0;
v000002b046c60740_0 .net "rst", 0 0, v000002b046cef390_0;  alias, 1 drivers
S_000002b046cd25a0 .scope generate, "reg_block[7]" "reg_block[7]" 3 34, 3 34 0, S_000002b046c7ce40;
 .timescale -9 -12;
P_000002b046c80090 .param/l "i" 0 3 34, +C4<0111>;
S_000002b046cd3590 .scope module, "regs" "n_bit_register" 3 36, 4 2 0, S_000002b046cd25a0;
 .timescale -9 -12;
    .port_info 0 /INPUT 32 "d";
    .port_info 1 /INPUT 1 "clk";
    .port_info 2 /INPUT 1 "rst";
    .port_info 3 /INPUT 1 "en";
    .port_info 4 /OUTPUT 32 "q";
P_000002b046c7f1d0 .param/l "N" 0 4 2, +C4<00000000000000000000000000100000>;
v000002b046cd4870_0 .net "clk", 0 0, v000002b046cf0650_0;  alias, 1 drivers
v000002b046cd4190_0 .net "d", 31 0, v000002b046cef2f0_0;  alias, 1 drivers
v000002b046cd3ab0_0 .net "en", 0 0, L_000002b046cef6b0;  1 drivers
v000002b046cd3bf0_0 .var "q", 31 0;
v000002b046cd4230_0 .net "rst", 0 0, v000002b046cef390_0;  alias, 1 drivers
S_000002b046cd2dc0 .scope generate, "reg_block[8]" "reg_block[8]" 3 34, 3 34 0, S_000002b046c7ce40;
 .timescale -9 -12;
P_000002b046c7f910 .param/l "i" 0 3 34, +C4<01000>;
S_000002b046cd2f50 .scope module, "regs" "n_bit_register" 3 36, 4 2 0, S_000002b046cd2dc0;
 .timescale -9 -12;
    .port_info 0 /INPUT 32 "d";
    .port_info 1 /INPUT 1 "clk";
    .port_info 2 /INPUT 1 "rst";
    .port_info 3 /INPUT 1 "en";
    .port_info 4 /OUTPUT 32 "q";
P_000002b046c7fc10 .param/l "N" 0 4 2, +C4<00000000000000000000000000100000>;
v000002b046cd42d0_0 .net "clk", 0 0, v000002b046cf0650_0;  alias, 1 drivers
v000002b046cd5630_0 .net "d", 31 0, v000002b046cef2f0_0;  alias, 1 drivers
v000002b046cd4cd0_0 .net "en", 0 0, L_000002b046cf0b50;  1 drivers
v000002b046cd3790_0 .var "q", 31 0;
v000002b046cd4690_0 .net "rst", 0 0, v000002b046cef390_0;  alias, 1 drivers
S_000002b046cd2c30 .scope generate, "reg_block[9]" "reg_block[9]" 3 34, 3 34 0, S_000002b046c7ce40;
 .timescale -9 -12;
P_000002b046c800d0 .param/l "i" 0 3 34, +C4<01001>;
S_000002b046cd3400 .scope module, "regs" "n_bit_register" 3 36, 4 2 0, S_000002b046cd2c30;
 .timescale -9 -12;
    .port_info 0 /INPUT 32 "d";
    .port_info 1 /INPUT 1 "clk";
    .port_info 2 /INPUT 1 "rst";
    .port_info 3 /INPUT 1 "en";
    .port_info 4 /OUTPUT 32 "q";
P_000002b046c80110 .param/l "N" 0 4 2, +C4<00000000000000000000000000100000>;
v000002b046cd4550_0 .net "clk", 0 0, v000002b046cf0650_0;  alias, 1 drivers
v000002b046cd4b90_0 .net "d", 31 0, v000002b046cef2f0_0;  alias, 1 drivers
v000002b046cd3dd0_0 .net "en", 0 0, L_000002b046cf0bf0;  1 drivers
v000002b046cd5270_0 .var "q", 31 0;
v000002b046cd4370_0 .net "rst", 0 0, v000002b046cef390_0;  alias, 1 drivers
S_000002b046cd30e0 .scope generate, "reg_block[10]" "reg_block[10]" 3 34, 3 34 0, S_000002b046c7ce40;
 .timescale -9 -12;
P_000002b046c7f290 .param/l "i" 0 3 34, +C4<01010>;
S_000002b046cd3270 .scope module, "regs" "n_bit_register" 3 36, 4 2 0, S_000002b046cd30e0;
 .timescale -9 -12;
    .port_info 0 /INPUT 32 "d";
    .port_info 1 /INPUT 1 "clk";
    .port_info 2 /INPUT 1 "rst";
    .port_info 3 /INPUT 1 "en";
    .port_info 4 /OUTPUT 32 "q";
P_000002b046c7f9d0 .param/l "N" 0 4 2, +C4<00000000000000000000000000100000>;
v000002b046cd4410_0 .net "clk", 0 0, v000002b046cf0650_0;  alias, 1 drivers
v000002b046cd5090_0 .net "d", 31 0, v000002b046cef2f0_0;  alias, 1 drivers
v000002b046cd5310_0 .net "en", 0 0, L_000002b046cf0510;  1 drivers
v000002b046cd3c90_0 .var "q", 31 0;
v000002b046cd5130_0 .net "rst", 0 0, v000002b046cef390_0;  alias, 1 drivers
S_000002b046cd2910 .scope generate, "reg_block[11]" "reg_block[11]" 3 34, 3 34 0, S_000002b046c7ce40;
 .timescale -9 -12;
P_000002b046c7fa10 .param/l "i" 0 3 34, +C4<01011>;
S_000002b046cd2780 .scope module, "regs" "n_bit_register" 3 36, 4 2 0, S_000002b046cd2910;
 .timescale -9 -12;
    .port_info 0 /INPUT 32 "d";
    .port_info 1 /INPUT 1 "clk";
    .port_info 2 /INPUT 1 "rst";
    .port_info 3 /INPUT 1 "en";
    .port_info 4 /OUTPUT 32 "q";
P_000002b046c7f850 .param/l "N" 0 4 2, +C4<00000000000000000000000000100000>;
v000002b046cd4910_0 .net "clk", 0 0, v000002b046cf0650_0;  alias, 1 drivers
v000002b046cd51d0_0 .net "d", 31 0, v000002b046cef2f0_0;  alias, 1 drivers
v000002b046cd4af0_0 .net "en", 0 0, L_000002b046cef4d0;  1 drivers
v000002b046cd3830_0 .var "q", 31 0;
v000002b046cd47d0_0 .net "rst", 0 0, v000002b046cef390_0;  alias, 1 drivers
S_000002b046cd2aa0 .scope generate, "reg_block[12]" "reg_block[12]" 3 34, 3 34 0, S_000002b046c7ce40;
 .timescale -9 -12;
P_000002b046c7fa90 .param/l "i" 0 3 34, +C4<01100>;
S_000002b046cd8860 .scope module, "regs" "n_bit_register" 3 36, 4 2 0, S_000002b046cd2aa0;
 .timescale -9 -12;
    .port_info 0 /INPUT 32 "d";
    .port_info 1 /INPUT 1 "clk";
    .port_info 2 /INPUT 1 "rst";
    .port_info 3 /INPUT 1 "en";
    .port_info 4 /OUTPUT 32 "q";
P_000002b046c80150 .param/l "N" 0 4 2, +C4<00000000000000000000000000100000>;
v000002b046cd3b50_0 .net "clk", 0 0, v000002b046cf0650_0;  alias, 1 drivers
v000002b046cd49b0_0 .net "d", 31 0, v000002b046cef2f0_0;  alias, 1 drivers
v000002b046cd3e70_0 .net "en", 0 0, L_000002b046cf0c90;  1 drivers
v000002b046cd4730_0 .var "q", 31 0;
v000002b046cd44b0_0 .net "rst", 0 0, v000002b046cef390_0;  alias, 1 drivers
S_000002b046cd94e0 .scope generate, "reg_block[13]" "reg_block[13]" 3 34, 3 34 0, S_000002b046c7ce40;
 .timescale -9 -12;
P_000002b046c7f210 .param/l "i" 0 3 34, +C4<01101>;
S_000002b046cd8540 .scope module, "regs" "n_bit_register" 3 36, 4 2 0, S_000002b046cd94e0;
 .timescale -9 -12;
    .port_info 0 /INPUT 32 "d";
    .port_info 1 /INPUT 1 "clk";
    .port_info 2 /INPUT 1 "rst";
    .port_info 3 /INPUT 1 "en";
    .port_info 4 /OUTPUT 32 "q";
P_000002b046c7f490 .param/l "N" 0 4 2, +C4<00000000000000000000000000100000>;
v000002b046cd53b0_0 .net "clk", 0 0, v000002b046cf0650_0;  alias, 1 drivers
v000002b046cd38d0_0 .net "d", 31 0, v000002b046cef2f0_0;  alias, 1 drivers
v000002b046cd4eb0_0 .net "en", 0 0, L_000002b046cf05b0;  1 drivers
v000002b046cd4e10_0 .var "q", 31 0;
v000002b046cd3970_0 .net "rst", 0 0, v000002b046cef390_0;  alias, 1 drivers
S_000002b046cd8d10 .scope generate, "reg_block[14]" "reg_block[14]" 3 34, 3 34 0, S_000002b046c7ce40;
 .timescale -9 -12;
P_000002b046c7fad0 .param/l "i" 0 3 34, +C4<01110>;
S_000002b046cd86d0 .scope module, "regs" "n_bit_register" 3 36, 4 2 0, S_000002b046cd8d10;
 .timescale -9 -12;
    .port_info 0 /INPUT 32 "d";
    .port_info 1 /INPUT 1 "clk";
    .port_info 2 /INPUT 1 "rst";
    .port_info 3 /INPUT 1 "en";
    .port_info 4 /OUTPUT 32 "q";
P_000002b046c7f610 .param/l "N" 0 4 2, +C4<00000000000000000000000000100000>;
v000002b046cd54f0_0 .net "clk", 0 0, v000002b046cf0650_0;  alias, 1 drivers
v000002b046cd4c30_0 .net "d", 31 0, v000002b046cef2f0_0;  alias, 1 drivers
v000002b046cd3a10_0 .net "en", 0 0, L_000002b046cf0a10;  1 drivers
v000002b046cd4f50_0 .var "q", 31 0;
v000002b046cd4a50_0 .net "rst", 0 0, v000002b046cef390_0;  alias, 1 drivers
S_000002b046cd7be0 .scope generate, "reg_block[15]" "reg_block[15]" 3 34, 3 34 0, S_000002b046c7ce40;
 .timescale -9 -12;
P_000002b046c7fb10 .param/l "i" 0 3 34, +C4<01111>;
S_000002b046cd89f0 .scope module, "regs" "n_bit_register" 3 36, 4 2 0, S_000002b046cd7be0;
 .timescale -9 -12;
    .port_info 0 /INPUT 32 "d";
    .port_info 1 /INPUT 1 "clk";
    .port_info 2 /INPUT 1 "rst";
    .port_info 3 /INPUT 1 "en";
    .port_info 4 /OUTPUT 32 "q";
P_000002b046c7fb90 .param/l "N" 0 4 2, +C4<00000000000000000000000000100000>;
v000002b046cd3d30_0 .net "clk", 0 0, v000002b046cf0650_0;  alias, 1 drivers
v000002b046cd4ff0_0 .net "d", 31 0, v000002b046cef2f0_0;  alias, 1 drivers
v000002b046cd3f10_0 .net "en", 0 0, L_000002b046cf0d30;  1 drivers
v000002b046cd5450_0 .var "q", 31 0;
v000002b046cd4d70_0 .net "rst", 0 0, v000002b046cef390_0;  alias, 1 drivers
S_000002b046cd7d70 .scope generate, "reg_block[16]" "reg_block[16]" 3 34, 3 34 0, S_000002b046c7ce40;
 .timescale -9 -12;
P_000002b046c7f250 .param/l "i" 0 3 34, +C4<010000>;
S_000002b046cd9670 .scope module, "regs" "n_bit_register" 3 36, 4 2 0, S_000002b046cd7d70;
 .timescale -9 -12;
    .port_info 0 /INPUT 32 "d";
    .port_info 1 /INPUT 1 "clk";
    .port_info 2 /INPUT 1 "rst";
    .port_info 3 /INPUT 1 "en";
    .port_info 4 /OUTPUT 32 "q";
P_000002b046c7f690 .param/l "N" 0 4 2, +C4<00000000000000000000000000100000>;
v000002b046cd45f0_0 .net "clk", 0 0, v000002b046cf0650_0;  alias, 1 drivers
v000002b046cd5590_0 .net "d", 31 0, v000002b046cef2f0_0;  alias, 1 drivers
v000002b046cd3fb0_0 .net "en", 0 0, L_000002b046cf0dd0;  1 drivers
v000002b046cd4050_0 .var "q", 31 0;
v000002b046cd40f0_0 .net "rst", 0 0, v000002b046cef390_0;  alias, 1 drivers
S_000002b046cd8220 .scope generate, "reg_block[17]" "reg_block[17]" 3 34, 3 34 0, S_000002b046c7ce40;
 .timescale -9 -12;
P_000002b046c7fd50 .param/l "i" 0 3 34, +C4<010001>;
S_000002b046cd8b80 .scope module, "regs" "n_bit_register" 3 36, 4 2 0, S_000002b046cd8220;
 .timescale -9 -12;
    .port_info 0 /INPUT 32 "d";
    .port_info 1 /INPUT 1 "clk";
    .port_info 2 /INPUT 1 "rst";
    .port_info 3 /INPUT 1 "en";
    .port_info 4 /OUTPUT 32 "q";
P_000002b046c7f3d0 .param/l "N" 0 4 2, +C4<00000000000000000000000000100000>;
v000002b046cda510_0 .net "clk", 0 0, v000002b046cf0650_0;  alias, 1 drivers
v000002b046cdab50_0 .net "d", 31 0, v000002b046cef2f0_0;  alias, 1 drivers
v000002b046cda970_0 .net "en", 0 0, L_000002b046cef570;  1 drivers
v000002b046cdbb90_0 .var "q", 31 0;
v000002b046cdad30_0 .net "rst", 0 0, v000002b046cef390_0;  alias, 1 drivers
S_000002b046cd8ea0 .scope generate, "reg_block[18]" "reg_block[18]" 3 34, 3 34 0, S_000002b046c7ce40;
 .timescale -9 -12;
P_000002b046c7f2d0 .param/l "i" 0 3 34, +C4<010010>;
S_000002b046cd9030 .scope module, "regs" "n_bit_register" 3 36, 4 2 0, S_000002b046cd8ea0;
 .timescale -9 -12;
    .port_info 0 /INPUT 32 "d";
    .port_info 1 /INPUT 1 "clk";
    .port_info 2 /INPUT 1 "rst";
    .port_info 3 /INPUT 1 "en";
    .port_info 4 /OUTPUT 32 "q";
P_000002b046c7f6d0 .param/l "N" 0 4 2, +C4<00000000000000000000000000100000>;
v000002b046cdaa10_0 .net "clk", 0 0, v000002b046cf0650_0;  alias, 1 drivers
v000002b046cdbaf0_0 .net "d", 31 0, v000002b046cef2f0_0;  alias, 1 drivers
v000002b046cdadd0_0 .net "en", 0 0, L_000002b046cf0010;  1 drivers
v000002b046cdb550_0 .var "q", 31 0;
v000002b046cdba50_0 .net "rst", 0 0, v000002b046cef390_0;  alias, 1 drivers
S_000002b046cd91c0 .scope generate, "reg_block[19]" "reg_block[19]" 3 34, 3 34 0, S_000002b046c7ce40;
 .timescale -9 -12;
P_000002b046c7fbd0 .param/l "i" 0 3 34, +C4<010011>;
S_000002b046cd9350 .scope module, "regs" "n_bit_register" 3 36, 4 2 0, S_000002b046cd91c0;
 .timescale -9 -12;
    .port_info 0 /INPUT 32 "d";
    .port_info 1 /INPUT 1 "clk";
    .port_info 2 /INPUT 1 "rst";
    .port_info 3 /INPUT 1 "en";
    .port_info 4 /OUTPUT 32 "q";
P_000002b046c7f410 .param/l "N" 0 4 2, +C4<00000000000000000000000000100000>;
v000002b046cdaf10_0 .net "clk", 0 0, v000002b046cf0650_0;  alias, 1 drivers
v000002b046cdabf0_0 .net "d", 31 0, v000002b046cef2f0_0;  alias, 1 drivers
v000002b046cdb5f0_0 .net "en", 0 0, L_000002b046cf0830;  1 drivers
v000002b046cda8d0_0 .var "q", 31 0;
v000002b046cdb190_0 .net "rst", 0 0, v000002b046cef390_0;  alias, 1 drivers
S_000002b046cd78c0 .scope generate, "reg_block[20]" "reg_block[20]" 3 34, 3 34 0, S_000002b046c7ce40;
 .timescale -9 -12;
P_000002b046c7f4d0 .param/l "i" 0 3 34, +C4<010100>;
S_000002b046cd83b0 .scope module, "regs" "n_bit_register" 3 36, 4 2 0, S_000002b046cd78c0;
 .timescale -9 -12;
    .port_info 0 /INPUT 32 "d";
    .port_info 1 /INPUT 1 "clk";
    .port_info 2 /INPUT 1 "rst";
    .port_info 3 /INPUT 1 "en";
    .port_info 4 /OUTPUT 32 "q";
P_000002b046c7fdd0 .param/l "N" 0 4 2, +C4<00000000000000000000000000100000>;
v000002b046cda150_0 .net "clk", 0 0, v000002b046cf0650_0;  alias, 1 drivers
v000002b046cdbcd0_0 .net "d", 31 0, v000002b046cef2f0_0;  alias, 1 drivers
v000002b046cdb0f0_0 .net "en", 0 0, L_000002b046cefc50;  1 drivers
v000002b046cdafb0_0 .var "q", 31 0;
v000002b046cdb870_0 .net "rst", 0 0, v000002b046cef390_0;  alias, 1 drivers
S_000002b046cd7f00 .scope generate, "reg_block[21]" "reg_block[21]" 3 34, 3 34 0, S_000002b046c7ce40;
 .timescale -9 -12;
P_000002b046c7f890 .param/l "i" 0 3 34, +C4<010101>;
S_000002b046cd8090 .scope module, "regs" "n_bit_register" 3 36, 4 2 0, S_000002b046cd7f00;
 .timescale -9 -12;
    .port_info 0 /INPUT 32 "d";
    .port_info 1 /INPUT 1 "clk";
    .port_info 2 /INPUT 1 "rst";
    .port_info 3 /INPUT 1 "en";
    .port_info 4 /OUTPUT 32 "q";
P_000002b046c7f8d0 .param/l "N" 0 4 2, +C4<00000000000000000000000000100000>;
v000002b046cda470_0 .net "clk", 0 0, v000002b046cf0650_0;  alias, 1 drivers
v000002b046cdac90_0 .net "d", 31 0, v000002b046cef2f0_0;  alias, 1 drivers
v000002b046cdb230_0 .net "en", 0 0, L_000002b046cef9d0;  1 drivers
v000002b046cdb2d0_0 .var "q", 31 0;
v000002b046cdae70_0 .net "rst", 0 0, v000002b046cef390_0;  alias, 1 drivers
S_000002b046cd7a50 .scope generate, "reg_block[22]" "reg_block[22]" 3 34, 3 34 0, S_000002b046c7ce40;
 .timescale -9 -12;
P_000002b046c7fc50 .param/l "i" 0 3 34, +C4<010110>;
S_000002b046cdd150 .scope module, "regs" "n_bit_register" 3 36, 4 2 0, S_000002b046cd7a50;
 .timescale -9 -12;
    .port_info 0 /INPUT 32 "d";
    .port_info 1 /INPUT 1 "clk";
    .port_info 2 /INPUT 1 "rst";
    .port_info 3 /INPUT 1 "en";
    .port_info 4 /OUTPUT 32 "q";
P_000002b046c7fcd0 .param/l "N" 0 4 2, +C4<00000000000000000000000000100000>;
v000002b046cdbeb0_0 .net "clk", 0 0, v000002b046cf0650_0;  alias, 1 drivers
v000002b046cdbc30_0 .net "d", 31 0, v000002b046cef2f0_0;  alias, 1 drivers
v000002b046cdaab0_0 .net "en", 0 0, L_000002b046cef110;  1 drivers
v000002b046cda1f0_0 .var "q", 31 0;
v000002b046cdb050_0 .net "rst", 0 0, v000002b046cef390_0;  alias, 1 drivers
S_000002b046cdcb10 .scope generate, "reg_block[23]" "reg_block[23]" 3 34, 3 34 0, S_000002b046c7ce40;
 .timescale -9 -12;
P_000002b046c7fd10 .param/l "i" 0 3 34, +C4<010111>;
S_000002b046cdddd0 .scope module, "regs" "n_bit_register" 3 36, 4 2 0, S_000002b046cdcb10;
 .timescale -9 -12;
    .port_info 0 /INPUT 32 "d";
    .port_info 1 /INPUT 1 "clk";
    .port_info 2 /INPUT 1 "rst";
    .port_info 3 /INPUT 1 "en";
    .port_info 4 /OUTPUT 32 "q";
P_000002b046c80f50 .param/l "N" 0 4 2, +C4<00000000000000000000000000100000>;
v000002b046cdbd70_0 .net "clk", 0 0, v000002b046cf0650_0;  alias, 1 drivers
v000002b046cda5b0_0 .net "d", 31 0, v000002b046cef2f0_0;  alias, 1 drivers
v000002b046cdbe10_0 .net "en", 0 0, L_000002b046cf08d0;  1 drivers
v000002b046cdb9b0_0 .var "q", 31 0;
v000002b046cdb410_0 .net "rst", 0 0, v000002b046cef390_0;  alias, 1 drivers
S_000002b046cdc020 .scope generate, "reg_block[24]" "reg_block[24]" 3 34, 3 34 0, S_000002b046c7ce40;
 .timescale -9 -12;
P_000002b046c80dd0 .param/l "i" 0 3 34, +C4<011000>;
S_000002b046cddc40 .scope module, "regs" "n_bit_register" 3 36, 4 2 0, S_000002b046cdc020;
 .timescale -9 -12;
    .port_info 0 /INPUT 32 "d";
    .port_info 1 /INPUT 1 "clk";
    .port_info 2 /INPUT 1 "rst";
    .port_info 3 /INPUT 1 "en";
    .port_info 4 /OUTPUT 32 "q";
P_000002b046c80e50 .param/l "N" 0 4 2, +C4<00000000000000000000000000100000>;
v000002b046cdb370_0 .net "clk", 0 0, v000002b046cf0650_0;  alias, 1 drivers
v000002b046cda290_0 .net "d", 31 0, v000002b046cef2f0_0;  alias, 1 drivers
v000002b046cdb4b0_0 .net "en", 0 0, L_000002b046cf0970;  1 drivers
v000002b046cdb690_0 .var "q", 31 0;
v000002b046cdb730_0 .net "rst", 0 0, v000002b046cef390_0;  alias, 1 drivers
S_000002b046cdcfc0 .scope generate, "reg_block[25]" "reg_block[25]" 3 34, 3 34 0, S_000002b046c7ce40;
 .timescale -9 -12;
P_000002b046c80810 .param/l "i" 0 3 34, +C4<011001>;
S_000002b046cdd600 .scope module, "regs" "n_bit_register" 3 36, 4 2 0, S_000002b046cdcfc0;
 .timescale -9 -12;
    .port_info 0 /INPUT 32 "d";
    .port_info 1 /INPUT 1 "clk";
    .port_info 2 /INPUT 1 "rst";
    .port_info 3 /INPUT 1 "en";
    .port_info 4 /OUTPUT 32 "q";
P_000002b046c80d50 .param/l "N" 0 4 2, +C4<00000000000000000000000000100000>;
v000002b046cdb7d0_0 .net "clk", 0 0, v000002b046cf0650_0;  alias, 1 drivers
v000002b046cdb910_0 .net "d", 31 0, v000002b046cef2f0_0;  alias, 1 drivers
v000002b046cda010_0 .net "en", 0 0, L_000002b046cefcf0;  1 drivers
v000002b046cda0b0_0 .var "q", 31 0;
v000002b046cda330_0 .net "rst", 0 0, v000002b046cef390_0;  alias, 1 drivers
S_000002b046cdc1b0 .scope generate, "reg_block[26]" "reg_block[26]" 3 34, 3 34 0, S_000002b046c7ce40;
 .timescale -9 -12;
P_000002b046c80c50 .param/l "i" 0 3 34, +C4<011010>;
S_000002b046cdcca0 .scope module, "regs" "n_bit_register" 3 36, 4 2 0, S_000002b046cdc1b0;
 .timescale -9 -12;
    .port_info 0 /INPUT 32 "d";
    .port_info 1 /INPUT 1 "clk";
    .port_info 2 /INPUT 1 "rst";
    .port_info 3 /INPUT 1 "en";
    .port_info 4 /OUTPUT 32 "q";
P_000002b046c80e90 .param/l "N" 0 4 2, +C4<00000000000000000000000000100000>;
v000002b046cda3d0_0 .net "clk", 0 0, v000002b046cf0650_0;  alias, 1 drivers
v000002b046cda650_0 .net "d", 31 0, v000002b046cef2f0_0;  alias, 1 drivers
v000002b046cda6f0_0 .net "en", 0 0, L_000002b046cf0e70;  1 drivers
v000002b046cda790_0 .var "q", 31 0;
v000002b046cda830_0 .net "rst", 0 0, v000002b046cef390_0;  alias, 1 drivers
S_000002b046cdd790 .scope generate, "reg_block[27]" "reg_block[27]" 3 34, 3 34 0, S_000002b046c7ce40;
 .timescale -9 -12;
P_000002b046c804d0 .param/l "i" 0 3 34, +C4<011011>;
S_000002b046cdc340 .scope module, "regs" "n_bit_register" 3 36, 4 2 0, S_000002b046cdd790;
 .timescale -9 -12;
    .port_info 0 /INPUT 32 "d";
    .port_info 1 /INPUT 1 "clk";
    .port_info 2 /INPUT 1 "rst";
    .port_info 3 /INPUT 1 "en";
    .port_info 4 /OUTPUT 32 "q";
P_000002b046c805d0 .param/l "N" 0 4 2, +C4<00000000000000000000000000100000>;
v000002b046ce8360_0 .net "clk", 0 0, v000002b046cf0650_0;  alias, 1 drivers
v000002b046ce9d00_0 .net "d", 31 0, v000002b046cef2f0_0;  alias, 1 drivers
v000002b046ce8220_0 .net "en", 0 0, L_000002b046cf0f10;  1 drivers
v000002b046ce85e0_0 .var "q", 31 0;
v000002b046ce9080_0 .net "rst", 0 0, v000002b046cef390_0;  alias, 1 drivers
S_000002b046cdce30 .scope generate, "reg_block[28]" "reg_block[28]" 3 34, 3 34 0, S_000002b046c7ce40;
 .timescale -9 -12;
P_000002b046c80690 .param/l "i" 0 3 34, +C4<011100>;
S_000002b046cdd2e0 .scope module, "regs" "n_bit_register" 3 36, 4 2 0, S_000002b046cdce30;
 .timescale -9 -12;
    .port_info 0 /INPUT 32 "d";
    .port_info 1 /INPUT 1 "clk";
    .port_info 2 /INPUT 1 "rst";
    .port_info 3 /INPUT 1 "en";
    .port_info 4 /OUTPUT 32 "q";
P_000002b046c80250 .param/l "N" 0 4 2, +C4<00000000000000000000000000100000>;
v000002b046ce9120_0 .net "clk", 0 0, v000002b046cf0650_0;  alias, 1 drivers
v000002b046ce8680_0 .net "d", 31 0, v000002b046cef2f0_0;  alias, 1 drivers
v000002b046ce8f40_0 .net "en", 0 0, L_000002b046cef1b0;  1 drivers
v000002b046ce8c20_0 .var "q", 31 0;
v000002b046ce8540_0 .net "rst", 0 0, v000002b046cef390_0;  alias, 1 drivers
S_000002b046cdc4d0 .scope generate, "reg_block[29]" "reg_block[29]" 3 34, 3 34 0, S_000002b046c7ce40;
 .timescale -9 -12;
P_000002b046c80b90 .param/l "i" 0 3 34, +C4<011101>;
S_000002b046cdd470 .scope module, "regs" "n_bit_register" 3 36, 4 2 0, S_000002b046cdc4d0;
 .timescale -9 -12;
    .port_info 0 /INPUT 32 "d";
    .port_info 1 /INPUT 1 "clk";
    .port_info 2 /INPUT 1 "rst";
    .port_info 3 /INPUT 1 "en";
    .port_info 4 /OUTPUT 32 "q";
P_000002b046c80f10 .param/l "N" 0 4 2, +C4<00000000000000000000000000100000>;
v000002b046ce94e0_0 .net "clk", 0 0, v000002b046cf0650_0;  alias, 1 drivers
v000002b046ce9620_0 .net "d", 31 0, v000002b046cef2f0_0;  alias, 1 drivers
v000002b046ce9580_0 .net "en", 0 0, L_000002b046cef7f0;  1 drivers
v000002b046ce9ee0_0 .var "q", 31 0;
v000002b046ce9940_0 .net "rst", 0 0, v000002b046cef390_0;  alias, 1 drivers
S_000002b046cdc7f0 .scope generate, "reg_block[30]" "reg_block[30]" 3 34, 3 34 0, S_000002b046c7ce40;
 .timescale -9 -12;
P_000002b046c80410 .param/l "i" 0 3 34, +C4<011110>;
S_000002b046cdc980 .scope module, "regs" "n_bit_register" 3 36, 4 2 0, S_000002b046cdc7f0;
 .timescale -9 -12;
    .port_info 0 /INPUT 32 "d";
    .port_info 1 /INPUT 1 "clk";
    .port_info 2 /INPUT 1 "rst";
    .port_info 3 /INPUT 1 "en";
    .port_info 4 /OUTPUT 32 "q";
P_000002b046c806d0 .param/l "N" 0 4 2, +C4<00000000000000000000000000100000>;
v000002b046ce9440_0 .net "clk", 0 0, v000002b046cf0650_0;  alias, 1 drivers
v000002b046ce96c0_0 .net "d", 31 0, v000002b046cef2f0_0;  alias, 1 drivers
v000002b046ce9a80_0 .net "en", 0 0, L_000002b046cefa70;  1 drivers
v000002b046ce8fe0_0 .var "q", 31 0;
v000002b046ce8d60_0 .net "rst", 0 0, v000002b046cef390_0;  alias, 1 drivers
S_000002b046cdd920 .scope generate, "reg_block[31]" "reg_block[31]" 3 34, 3 34 0, S_000002b046c7ce40;
 .timescale -9 -12;
P_000002b046c80590 .param/l "i" 0 3 34, +C4<011111>;
S_000002b046cdc660 .scope module, "regs" "n_bit_register" 3 36, 4 2 0, S_000002b046cdd920;
 .timescale -9 -12;
    .port_info 0 /INPUT 32 "d";
    .port_info 1 /INPUT 1 "clk";
    .port_info 2 /INPUT 1 "rst";
    .port_info 3 /INPUT 1 "en";
    .port_info 4 /OUTPUT 32 "q";
P_000002b046c80d90 .param/l "N" 0 4 2, +C4<00000000000000000000000000100000>;
v000002b046ce80e0_0 .net "clk", 0 0, v000002b046cf0650_0;  alias, 1 drivers
v000002b046ce9760_0 .net "d", 31 0, v000002b046cef2f0_0;  alias, 1 drivers
v000002b046ce9800_0 .net "en", 0 0, L_000002b046cef750;  1 drivers
v000002b046ce89a0_0 .var "q", 31 0;
v000002b046ce8b80_0 .net "rst", 0 0, v000002b046cef390_0;  alias, 1 drivers
S_000002b046cddab0 .scope module, "write_decoder" "n_decoder" 3 29, 5 1 0, S_000002b046c7ce40;
 .timescale -9 -12;
    .port_info 0 /INPUT 5 "in";
    .port_info 1 /OUTPUT 32 "out";
P_000002b046c80f90 .param/l "N" 0 5 1, +C4<00000000000000000000000000000101>;
v000002b046ce9bc0_0 .net "in", 4 0, v000002b046cefb10_0;  alias, 1 drivers
v000002b046ce98a0_0 .var "out", 31 0;
E_000002b046c80c90 .event anyedge, v000002b046ce9bc0_0;
    .scope S_000002b046c2e700;
T_0 ;
    %wait E_000002b046c7ff50;
    %load/vec4 v000002b046c697f0_0;
    %flag_set/vec4 8;
    %jmp/0xz  T_0.0, 8;
    %pushi/vec4 0, 0, 32;
    %assign/vec4 v000002b046c6a3d0_0, 0;
    %jmp T_0.1;
T_0.0 ;
    %load/vec4 v000002b046c69890_0;
    %flag_set/vec4 8;
    %jmp/0xz  T_0.2, 8;
    %load/vec4 v000002b046c6a330_0;
    %assign/vec4 v000002b046c6a3d0_0, 0;
T_0.2 ;
T_0.1 ;
    %jmp T_0;
    .thread T_0;
    .scope S_000002b046b6dc10;
T_1 ;
    %wait E_000002b046c7ff50;
    %load/vec4 v000002b046c69bb0_0;
    %flag_set/vec4 8;
    %jmp/0xz  T_1.0, 8;
    %pushi/vec4 0, 0, 32;
    %assign/vec4 v000002b046c6af10_0, 0;
    %jmp T_1.1;
T_1.0 ;
    %load/vec4 v000002b046c6a5b0_0;
    %flag_set/vec4 8;
    %jmp/0xz  T_1.2, 8;
    %load/vec4 v000002b046c6a1f0_0;
    %assign/vec4 v000002b046c6af10_0, 0;
T_1.2 ;
T_1.1 ;
    %jmp T_1;
    .thread T_1;
    .scope S_000002b046b66860;
T_2 ;
    %wait E_000002b046c7ff50;
    %load/vec4 v000002b046c69930_0;
    %flag_set/vec4 8;
    %jmp/0xz  T_2.0, 8;
    %pushi/vec4 0, 0, 32;
    %assign/vec4 v000002b046c696b0_0, 0;
    %jmp T_2.1;
T_2.0 ;
    %load/vec4 v000002b046c69d90_0;
    %flag_set/vec4 8;
    %jmp/0xz  T_2.2, 8;
    %load/vec4 v000002b046c6b4b0_0;
    %assign/vec4 v000002b046c696b0_0, 0;
T_2.2 ;
T_2.1 ;
    %jmp T_2;
    .thread T_2;
    .scope S_000002b046c7db30;
T_3 ;
    %wait E_000002b046c7ff50;
    %load/vec4 v000002b046c69b10_0;
    %flag_set/vec4 8;
    %jmp/0xz  T_3.0, 8;
    %pushi/vec4 0, 0, 32;
    %assign/vec4 v000002b046c69e30_0, 0;
    %jmp T_3.1;
T_3.0 ;
    %load/vec4 v000002b046c69f70_0;
    %flag_set/vec4 8;
    %jmp/0xz  T_3.2, 8;
    %load/vec4 v000002b046c69a70_0;
    %assign/vec4 v000002b046c69e30_0, 0;
T_3.2 ;
T_3.1 ;
    %jmp T_3;
    .thread T_3;
    .scope S_000002b046c7de50;
T_4 ;
    %wait E_000002b046c7ff50;
    %load/vec4 v000002b046c60a60_0;
    %flag_set/vec4 8;
    %jmp/0xz  T_4.0, 8;
    %pushi/vec4 0, 0, 32;
    %assign/vec4 v000002b046c60880_0, 0;
    %jmp T_4.1;
T_4.0 ;
    %load/vec4 v000002b046c61000_0;
    %flag_set/vec4 8;
    %jmp/0xz  T_4.2, 8;
    %load/vec4 v000002b046c69ed0_0;
    %assign/vec4 v000002b046c60880_0, 0;
T_4.2 ;
T_4.1 ;
    %jmp T_4;
    .thread T_4;
    .scope S_000002b046c7e170;
T_5 ;
    %wait E_000002b046c7ff50;
    %load/vec4 v000002b046c60d80_0;
    %flag_set/vec4 8;
    %jmp/0xz  T_5.0, 8;
    %pushi/vec4 0, 0, 32;
    %assign/vec4 v000002b046c60560_0, 0;
    %jmp T_5.1;
T_5.0 ;
    %load/vec4 v000002b046c601a0_0;
    %flag_set/vec4 8;
    %jmp/0xz  T_5.2, 8;
    %load/vec4 v000002b046c60c40_0;
    %assign/vec4 v000002b046c60560_0, 0;
T_5.2 ;
T_5.1 ;
    %jmp T_5;
    .thread T_5;
    .scope S_000002b046cd2410;
T_6 ;
    %wait E_000002b046c7ff50;
    %load/vec4 v000002b046c60740_0;
    %flag_set/vec4 8;
    %jmp/0xz  T_6.0, 8;
    %pushi/vec4 0, 0, 32;
    %assign/vec4 v000002b046c60ba0_0, 0;
    %jmp T_6.1;
T_6.0 ;
    %load/vec4 v000002b046c609c0_0;
    %flag_set/vec4 8;
    %jmp/0xz  T_6.2, 8;
    %load/vec4 v000002b046c606a0_0;
    %assign/vec4 v000002b046c60ba0_0, 0;
T_6.2 ;
T_6.1 ;
    %jmp T_6;
    .thread T_6;
    .scope S_000002b046cd3590;
T_7 ;
    %wait E_000002b046c7ff50;
    %load/vec4 v000002b046cd4230_0;
    %flag_set/vec4 8;
    %jmp/0xz  T_7.0, 8;
    %pushi/vec4 0, 0, 32;
    %assign/vec4 v000002b046cd3bf0_0, 0;
    %jmp T_7.1;
T_7.0 ;
    %load/vec4 v000002b046cd3ab0_0;
    %flag_set/vec4 8;
    %jmp/0xz  T_7.2, 8;
    %load/vec4 v000002b046cd4190_0;
    %assign/vec4 v000002b046cd3bf0_0, 0;
T_7.2 ;
T_7.1 ;
    %jmp T_7;
    .thread T_7;
    .scope S_000002b046cd2f50;
T_8 ;
    %wait E_000002b046c7ff50;
    %load/vec4 v000002b046cd4690_0;
    %flag_set/vec4 8;
    %jmp/0xz  T_8.0, 8;
    %pushi/vec4 0, 0, 32;
    %assign/vec4 v000002b046cd3790_0, 0;
    %jmp T_8.1;
T_8.0 ;
    %load/vec4 v000002b046cd4cd0_0;
    %flag_set/vec4 8;
    %jmp/0xz  T_8.2, 8;
    %load/vec4 v000002b046cd5630_0;
    %assign/vec4 v000002b046cd3790_0, 0;
T_8.2 ;
T_8.1 ;
    %jmp T_8;
    .thread T_8;
    .scope S_000002b046cd3400;
T_9 ;
    %wait E_000002b046c7ff50;
    %load/vec4 v000002b046cd4370_0;
    %flag_set/vec4 8;
    %jmp/0xz  T_9.0, 8;
    %pushi/vec4 0, 0, 32;
    %assign/vec4 v000002b046cd5270_0, 0;
    %jmp T_9.1;
T_9.0 ;
    %load/vec4 v000002b046cd3dd0_0;
    %flag_set/vec4 8;
    %jmp/0xz  T_9.2, 8;
    %load/vec4 v000002b046cd4b90_0;
    %assign/vec4 v000002b046cd5270_0, 0;
T_9.2 ;
T_9.1 ;
    %jmp T_9;
    .thread T_9;
    .scope S_000002b046cd3270;
T_10 ;
    %wait E_000002b046c7ff50;
    %load/vec4 v000002b046cd5130_0;
    %flag_set/vec4 8;
    %jmp/0xz  T_10.0, 8;
    %pushi/vec4 0, 0, 32;
    %assign/vec4 v000002b046cd3c90_0, 0;
    %jmp T_10.1;
T_10.0 ;
    %load/vec4 v000002b046cd5310_0;
    %flag_set/vec4 8;
    %jmp/0xz  T_10.2, 8;
    %load/vec4 v000002b046cd5090_0;
    %assign/vec4 v000002b046cd3c90_0, 0;
T_10.2 ;
T_10.1 ;
    %jmp T_10;
    .thread T_10;
    .scope S_000002b046cd2780;
T_11 ;
    %wait E_000002b046c7ff50;
    %load/vec4 v000002b046cd47d0_0;
    %flag_set/vec4 8;
    %jmp/0xz  T_11.0, 8;
    %pushi/vec4 0, 0, 32;
    %assign/vec4 v000002b046cd3830_0, 0;
    %jmp T_11.1;
T_11.0 ;
    %load/vec4 v000002b046cd4af0_0;
    %flag_set/vec4 8;
    %jmp/0xz  T_11.2, 8;
    %load/vec4 v000002b046cd51d0_0;
    %assign/vec4 v000002b046cd3830_0, 0;
T_11.2 ;
T_11.1 ;
    %jmp T_11;
    .thread T_11;
    .scope S_000002b046cd8860;
T_12 ;
    %wait E_000002b046c7ff50;
    %load/vec4 v000002b046cd44b0_0;
    %flag_set/vec4 8;
    %jmp/0xz  T_12.0, 8;
    %pushi/vec4 0, 0, 32;
    %assign/vec4 v000002b046cd4730_0, 0;
    %jmp T_12.1;
T_12.0 ;
    %load/vec4 v000002b046cd3e70_0;
    %flag_set/vec4 8;
    %jmp/0xz  T_12.2, 8;
    %load/vec4 v000002b046cd49b0_0;
    %assign/vec4 v000002b046cd4730_0, 0;
T_12.2 ;
T_12.1 ;
    %jmp T_12;
    .thread T_12;
    .scope S_000002b046cd8540;
T_13 ;
    %wait E_000002b046c7ff50;
    %load/vec4 v000002b046cd3970_0;
    %flag_set/vec4 8;
    %jmp/0xz  T_13.0, 8;
    %pushi/vec4 0, 0, 32;
    %assign/vec4 v000002b046cd4e10_0, 0;
    %jmp T_13.1;
T_13.0 ;
    %load/vec4 v000002b046cd4eb0_0;
    %flag_set/vec4 8;
    %jmp/0xz  T_13.2, 8;
    %load/vec4 v000002b046cd38d0_0;
    %assign/vec4 v000002b046cd4e10_0, 0;
T_13.2 ;
T_13.1 ;
    %jmp T_13;
    .thread T_13;
    .scope S_000002b046cd86d0;
T_14 ;
    %wait E_000002b046c7ff50;
    %load/vec4 v000002b046cd4a50_0;
    %flag_set/vec4 8;
    %jmp/0xz  T_14.0, 8;
    %pushi/vec4 0, 0, 32;
    %assign/vec4 v000002b046cd4f50_0, 0;
    %jmp T_14.1;
T_14.0 ;
    %load/vec4 v000002b046cd3a10_0;
    %flag_set/vec4 8;
    %jmp/0xz  T_14.2, 8;
    %load/vec4 v000002b046cd4c30_0;
    %assign/vec4 v000002b046cd4f50_0, 0;
T_14.2 ;
T_14.1 ;
    %jmp T_14;
    .thread T_14;
    .scope S_000002b046cd89f0;
T_15 ;
    %wait E_000002b046c7ff50;
    %load/vec4 v000002b046cd4d70_0;
    %flag_set/vec4 8;
    %jmp/0xz  T_15.0, 8;
    %pushi/vec4 0, 0, 32;
    %assign/vec4 v000002b046cd5450_0, 0;
    %jmp T_15.1;
T_15.0 ;
    %load/vec4 v000002b046cd3f10_0;
    %flag_set/vec4 8;
    %jmp/0xz  T_15.2, 8;
    %load/vec4 v000002b046cd4ff0_0;
    %assign/vec4 v000002b046cd5450_0, 0;
T_15.2 ;
T_15.1 ;
    %jmp T_15;
    .thread T_15;
    .scope S_000002b046cd9670;
T_16 ;
    %wait E_000002b046c7ff50;
    %load/vec4 v000002b046cd40f0_0;
    %flag_set/vec4 8;
    %jmp/0xz  T_16.0, 8;
    %pushi/vec4 0, 0, 32;
    %assign/vec4 v000002b046cd4050_0, 0;
    %jmp T_16.1;
T_16.0 ;
    %load/vec4 v000002b046cd3fb0_0;
    %flag_set/vec4 8;
    %jmp/0xz  T_16.2, 8;
    %load/vec4 v000002b046cd5590_0;
    %assign/vec4 v000002b046cd4050_0, 0;
T_16.2 ;
T_16.1 ;
    %jmp T_16;
    .thread T_16;
    .scope S_000002b046cd8b80;
T_17 ;
    %wait E_000002b046c7ff50;
    %load/vec4 v000002b046cdad30_0;
    %flag_set/vec4 8;
    %jmp/0xz  T_17.0, 8;
    %pushi/vec4 0, 0, 32;
    %assign/vec4 v000002b046cdbb90_0, 0;
    %jmp T_17.1;
T_17.0 ;
    %load/vec4 v000002b046cda970_0;
    %flag_set/vec4 8;
    %jmp/0xz  T_17.2, 8;
    %load/vec4 v000002b046cdab50_0;
    %assign/vec4 v000002b046cdbb90_0, 0;
T_17.2 ;
T_17.1 ;
    %jmp T_17;
    .thread T_17;
    .scope S_000002b046cd9030;
T_18 ;
    %wait E_000002b046c7ff50;
    %load/vec4 v000002b046cdba50_0;
    %flag_set/vec4 8;
    %jmp/0xz  T_18.0, 8;
    %pushi/vec4 0, 0, 32;
    %assign/vec4 v000002b046cdb550_0, 0;
    %jmp T_18.1;
T_18.0 ;
    %load/vec4 v000002b046cdadd0_0;
    %flag_set/vec4 8;
    %jmp/0xz  T_18.2, 8;
    %load/vec4 v000002b046cdbaf0_0;
    %assign/vec4 v000002b046cdb550_0, 0;
T_18.2 ;
T_18.1 ;
    %jmp T_18;
    .thread T_18;
    .scope S_000002b046cd9350;
T_19 ;
    %wait E_000002b046c7ff50;
    %load/vec4 v000002b046cdb190_0;
    %flag_set/vec4 8;
    %jmp/0xz  T_19.0, 8;
    %pushi/vec4 0, 0, 32;
    %assign/vec4 v000002b046cda8d0_0, 0;
    %jmp T_19.1;
T_19.0 ;
    %load/vec4 v000002b046cdb5f0_0;
    %flag_set/vec4 8;
    %jmp/0xz  T_19.2, 8;
    %load/vec4 v000002b046cdabf0_0;
    %assign/vec4 v000002b046cda8d0_0, 0;
T_19.2 ;
T_19.1 ;
    %jmp T_19;
    .thread T_19;
    .scope S_000002b046cd83b0;
T_20 ;
    %wait E_000002b046c7ff50;
    %load/vec4 v000002b046cdb870_0;
    %flag_set/vec4 8;
    %jmp/0xz  T_20.0, 8;
    %pushi/vec4 0, 0, 32;
    %assign/vec4 v000002b046cdafb0_0, 0;
    %jmp T_20.1;
T_20.0 ;
    %load/vec4 v000002b046cdb0f0_0;
    %flag_set/vec4 8;
    %jmp/0xz  T_20.2, 8;
    %load/vec4 v000002b046cdbcd0_0;
    %assign/vec4 v000002b046cdafb0_0, 0;
T_20.2 ;
T_20.1 ;
    %jmp T_20;
    .thread T_20;
    .scope S_000002b046cd8090;
T_21 ;
    %wait E_000002b046c7ff50;
    %load/vec4 v000002b046cdae70_0;
    %flag_set/vec4 8;
    %jmp/0xz  T_21.0, 8;
    %pushi/vec4 0, 0, 32;
    %assign/vec4 v000002b046cdb2d0_0, 0;
    %jmp T_21.1;
T_21.0 ;
    %load/vec4 v000002b046cdb230_0;
    %flag_set/vec4 8;
    %jmp/0xz  T_21.2, 8;
    %load/vec4 v000002b046cdac90_0;
    %assign/vec4 v000002b046cdb2d0_0, 0;
T_21.2 ;
T_21.1 ;
    %jmp T_21;
    .thread T_21;
    .scope S_000002b046cdd150;
T_22 ;
    %wait E_000002b046c7ff50;
    %load/vec4 v000002b046cdb050_0;
    %flag_set/vec4 8;
    %jmp/0xz  T_22.0, 8;
    %pushi/vec4 0, 0, 32;
    %assign/vec4 v000002b046cda1f0_0, 0;
    %jmp T_22.1;
T_22.0 ;
    %load/vec4 v000002b046cdaab0_0;
    %flag_set/vec4 8;
    %jmp/0xz  T_22.2, 8;
    %load/vec4 v000002b046cdbc30_0;
    %assign/vec4 v000002b046cda1f0_0, 0;
T_22.2 ;
T_22.1 ;
    %jmp T_22;
    .thread T_22;
    .scope S_000002b046cdddd0;
T_23 ;
    %wait E_000002b046c7ff50;
    %load/vec4 v000002b046cdb410_0;
    %flag_set/vec4 8;
    %jmp/0xz  T_23.0, 8;
    %pushi/vec4 0, 0, 32;
    %assign/vec4 v000002b046cdb9b0_0, 0;
    %jmp T_23.1;
T_23.0 ;
    %load/vec4 v000002b046cdbe10_0;
    %flag_set/vec4 8;
    %jmp/0xz  T_23.2, 8;
    %load/vec4 v000002b046cda5b0_0;
    %assign/vec4 v000002b046cdb9b0_0, 0;
T_23.2 ;
T_23.1 ;
    %jmp T_23;
    .thread T_23;
    .scope S_000002b046cddc40;
T_24 ;
    %wait E_000002b046c7ff50;
    %load/vec4 v000002b046cdb730_0;
    %flag_set/vec4 8;
    %jmp/0xz  T_24.0, 8;
    %pushi/vec4 0, 0, 32;
    %assign/vec4 v000002b046cdb690_0, 0;
    %jmp T_24.1;
T_24.0 ;
    %load/vec4 v000002b046cdb4b0_0;
    %flag_set/vec4 8;
    %jmp/0xz  T_24.2, 8;
    %load/vec4 v000002b046cda290_0;
    %assign/vec4 v000002b046cdb690_0, 0;
T_24.2 ;
T_24.1 ;
    %jmp T_24;
    .thread T_24;
    .scope S_000002b046cdd600;
T_25 ;
    %wait E_000002b046c7ff50;
    %load/vec4 v000002b046cda330_0;
    %flag_set/vec4 8;
    %jmp/0xz  T_25.0, 8;
    %pushi/vec4 0, 0, 32;
    %assign/vec4 v000002b046cda0b0_0, 0;
    %jmp T_25.1;
T_25.0 ;
    %load/vec4 v000002b046cda010_0;
    %flag_set/vec4 8;
    %jmp/0xz  T_25.2, 8;
    %load/vec4 v000002b046cdb910_0;
    %assign/vec4 v000002b046cda0b0_0, 0;
T_25.2 ;
T_25.1 ;
    %jmp T_25;
    .thread T_25;
    .scope S_000002b046cdcca0;
T_26 ;
    %wait E_000002b046c7ff50;
    %load/vec4 v000002b046cda830_0;
    %flag_set/vec4 8;
    %jmp/0xz  T_26.0, 8;
    %pushi/vec4 0, 0, 32;
    %assign/vec4 v000002b046cda790_0, 0;
    %jmp T_26.1;
T_26.0 ;
    %load/vec4 v000002b046cda6f0_0;
    %flag_set/vec4 8;
    %jmp/0xz  T_26.2, 8;
    %load/vec4 v000002b046cda650_0;
    %assign/vec4 v000002b046cda790_0, 0;
T_26.2 ;
T_26.1 ;
    %jmp T_26;
    .thread T_26;
    .scope S_000002b046cdc340;
T_27 ;
    %wait E_000002b046c7ff50;
    %load/vec4 v000002b046ce9080_0;
    %flag_set/vec4 8;
    %jmp/0xz  T_27.0, 8;
    %pushi/vec4 0, 0, 32;
    %assign/vec4 v000002b046ce85e0_0, 0;
    %jmp T_27.1;
T_27.0 ;
    %load/vec4 v000002b046ce8220_0;
    %flag_set/vec4 8;
    %jmp/0xz  T_27.2, 8;
    %load/vec4 v000002b046ce9d00_0;
    %assign/vec4 v000002b046ce85e0_0, 0;
T_27.2 ;
T_27.1 ;
    %jmp T_27;
    .thread T_27;
    .scope S_000002b046cdd2e0;
T_28 ;
    %wait E_000002b046c7ff50;
    %load/vec4 v000002b046ce8540_0;
    %flag_set/vec4 8;
    %jmp/0xz  T_28.0, 8;
    %pushi/vec4 0, 0, 32;
    %assign/vec4 v000002b046ce8c20_0, 0;
    %jmp T_28.1;
T_28.0 ;
    %load/vec4 v000002b046ce8f40_0;
    %flag_set/vec4 8;
    %jmp/0xz  T_28.2, 8;
    %load/vec4 v000002b046ce8680_0;
    %assign/vec4 v000002b046ce8c20_0, 0;
T_28.2 ;
T_28.1 ;
    %jmp T_28;
    .thread T_28;
    .scope S_000002b046cdd470;
T_29 ;
    %wait E_000002b046c7ff50;
    %load/vec4 v000002b046ce9940_0;
    %flag_set/vec4 8;
    %jmp/0xz  T_29.0, 8;
    %pushi/vec4 0, 0, 32;
    %assign/vec4 v000002b046ce9ee0_0, 0;
    %jmp T_29.1;
T_29.0 ;
    %load/vec4 v000002b046ce9580_0;
    %flag_set/vec4 8;
    %jmp/0xz  T_29.2, 8;
    %load/vec4 v000002b046ce9620_0;
    %assign/vec4 v000002b046ce9ee0_0, 0;
T_29.2 ;
T_29.1 ;
    %jmp T_29;
    .thread T_29;
    .scope S_000002b046cdc980;
T_30 ;
    %wait E_000002b046c7ff50;
    %load/vec4 v000002b046ce8d60_0;
    %flag_set/vec4 8;
    %jmp/0xz  T_30.0, 8;
    %pushi/vec4 0, 0, 32;
    %assign/vec4 v000002b046ce8fe0_0, 0;
    %jmp T_30.1;
T_30.0 ;
    %load/vec4 v000002b046ce9a80_0;
    %flag_set/vec4 8;
    %jmp/0xz  T_30.2, 8;
    %load/vec4 v000002b046ce96c0_0;
    %assign/vec4 v000002b046ce8fe0_0, 0;
T_30.2 ;
T_30.1 ;
    %jmp T_30;
    .thread T_30;
    .scope S_000002b046cdc660;
T_31 ;
    %wait E_000002b046c7ff50;
    %load/vec4 v000002b046ce8b80_0;
    %flag_set/vec4 8;
    %jmp/0xz  T_31.0, 8;
    %pushi/vec4 0, 0, 32;
    %assign/vec4 v000002b046ce89a0_0, 0;
    %jmp T_31.1;
T_31.0 ;
    %load/vec4 v000002b046ce9800_0;
    %flag_set/vec4 8;
    %jmp/0xz  T_31.2, 8;
    %load/vec4 v000002b046ce9760_0;
    %assign/vec4 v000002b046ce89a0_0, 0;
T_31.2 ;
T_31.1 ;
    %jmp T_31;
    .thread T_31;
    .scope S_000002b046cddab0;
T_32 ;
    %wait E_000002b046c80c90;
    %pushi/vec4 0, 0, 32;
    %store/vec4 v000002b046ce98a0_0, 0, 32;
    %pushi/vec4 1, 0, 32;
    %ix/getv 4, v000002b046ce9bc0_0;
    %shiftl 4;
    %store/vec4 v000002b046ce98a0_0, 0, 32;
    %jmp T_32;
    .thread T_32, $push;
    .scope S_000002b046c7ccb0;
T_33 ;
    %pushi/vec4 0, 0, 1;
    %store/vec4 v000002b046cf0650_0, 0, 1;
    %pushi/vec4 0, 0, 1;
    %store/vec4 v000002b046cef390_0, 0, 1;
    %pushi/vec4 0, 0, 1;
    %store/vec4 v000002b046cf0330_0, 0, 1;
    %pushi/vec4 0, 0, 32;
    %store/vec4 v000002b046cef2f0_0, 0, 32;
    %pushi/vec4 0, 0, 5;
    %store/vec4 v000002b046cefb10_0, 0, 5;
    %pushi/vec4 0, 0, 5;
    %store/vec4 v000002b046cef430_0, 0, 5;
    %pushi/vec4 0, 0, 5;
    %store/vec4 v000002b046cf0790_0, 0, 5;
    %end;
    .thread T_33;
    .scope S_000002b046c7ccb0;
T_34 ;
    %delay 10000, 0;
    %load/vec4 v000002b046cf0650_0;
    %inv;
    %store/vec4 v000002b046cf0650_0, 0, 1;
    %jmp T_34;
    .thread T_34;
    .scope S_000002b046c7ccb0;
T_35 ;
    %vpi_call 2 41 "$dumpfile", "register_tb.vcd" {0 0 0};
    %vpi_call 2 42 "$dumpvars", 32'sb00000000000000000000000000000000, S_000002b046c7ccb0 {0 0 0};
    %vpi_call 2 45 "$display", "-------Register Testbench-------" {0 0 0};
    %vpi_call 2 46 "$monitor", "Write_en: %b | write_addr: %h | write_data: %h | read_addrA: %d | read_dataA: %h | read_addrB: %d | read_dataB: %h", v000002b046cf0330_0, v000002b046cefb10_0, v000002b046cef2f0_0, v000002b046cef430_0, v000002b046cf0290_0, v000002b046cf0790_0, v000002b046cf0fb0_0 {0 0 0};
    %pushi/vec4 1, 0, 1;
    %store/vec4 v000002b046cef390_0, 0, 1;
    %delay 20000, 0;
    %pushi/vec4 0, 0, 1;
    %store/vec4 v000002b046cef390_0, 0, 1;
    %delay 20000, 0;
    %pushi/vec4 0, 0, 1;
    %store/vec4 v000002b046cf0330_0, 0, 1;
    %pushi/vec4 10, 0, 5;
    %store/vec4 v000002b046cef430_0, 0, 5;
    %pushi/vec4 0, 0, 5;
    %store/vec4 v000002b046cf0790_0, 0, 5;
    %delay 20000, 0;
    %pushi/vec4 11, 0, 5;
    %store/vec4 v000002b046cef430_0, 0, 5;
    %pushi/vec4 13, 0, 5;
    %store/vec4 v000002b046cf0790_0, 0, 5;
    %delay 20000, 0;
    %pushi/vec4 1, 0, 1;
    %store/vec4 v000002b046cf0330_0, 0, 1;
    %delay 5000, 0;
    %pushi/vec4 12, 0, 5;
    %store/vec4 v000002b046cefb10_0, 0, 5;
    %pushi/vec4 305419896, 0, 32;
    %store/vec4 v000002b046cef2f0_0, 0, 32;
    %delay 20000, 0;
    %vpi_call 2 65 "$display", "----- AFTER WRITE -----" {0 0 0};
    %pushi/vec4 0, 0, 1;
    %store/vec4 v000002b046cf0330_0, 0, 1;
    %pushi/vec4 12, 0, 5;
    %store/vec4 v000002b046cef430_0, 0, 5;
    %pushi/vec4 0, 0, 5;
    %store/vec4 v000002b046cf0790_0, 0, 5;
    %delay 20000, 0;
    %vpi_call 2 70 "$display", "----- AFTER READ BACK -----" {0 0 0};
    %pushi/vec4 1, 0, 1;
    %store/vec4 v000002b046cf0330_0, 0, 1;
    %pushi/vec4 12, 0, 5;
    %store/vec4 v000002b046cefb10_0, 0, 5;
    %pushi/vec4 2863315899, 0, 32;
    %store/vec4 v000002b046cef2f0_0, 0, 32;
    %pushi/vec4 5, 0, 5;
    %store/vec4 v000002b046cef430_0, 0, 5;
    %pushi/vec4 7, 0, 5;
    %store/vec4 v000002b046cf0790_0, 0, 5;
    %delay 20000, 0;
    %vpi_call 2 75 "$finish" {0 0 0};
    %end;
    .thread T_35;
# The file index is used to find the file name in the following table.
:file_names 6;
    "N/A";
    "<interactive>";
    "register_tb.v";
    "./REGISTER.v";
    "./../Register/n_bit_register.v";
    "./../../Combinational/decoders/n_decoder.v";
