#! /c/Source/iverilog-install/bin/vvp
:ivl_version "12.0 (devel)" "(s20150603-1539-g2693dd32b)";
:ivl_delay_selection "TYPICAL";
:vpi_time_precision - 12;
:vpi_module "C:\iverilog\lib\ivl\system.vpi";
:vpi_module "C:\iverilog\lib\ivl\vhdl_sys.vpi";
:vpi_module "C:\iverilog\lib\ivl\vhdl_textio.vpi";
:vpi_module "C:\iverilog\lib\ivl\v2005_math.vpi";
:vpi_module "C:\iverilog\lib\ivl\va_math.vpi";
S_0000028bd6d22d00 .scope module, "SR_Latch" "SR_Latch" 2 2;
 .timescale -12 -12;
    .port_info 0 /INPUT 1 "set";
    .port_info 1 /INPUT 1 "reset";
    .port_info 2 /OUTPUT 1 "Q";
    .port_info 3 /OUTPUT 1 "Qn";
o0000028bd6d57068 .functor BUFZ 1, C4<z>; HiZ drive
o0000028bd6d57008 .functor BUFZ 1, C4<z>; HiZ drive
L_0000028bd6d237c0 .functor NOR 1, o0000028bd6d57068, o0000028bd6d57008, C4<0>, C4<0>;
o0000028bd6d57098 .functor BUFZ 1, C4<z>; HiZ drive
L_0000028bd6d239c0 .functor NOR 1, o0000028bd6d57098, L_0000028bd6d237c0, C4<0>, C4<0>;
v0000028bd6d56f30_0 .net "Q", 0 0, L_0000028bd6d237c0;  1 drivers
v0000028bd6d235a0_0 .net "Qbar", 0 0, o0000028bd6d57008;  0 drivers
v0000028bd6d23380_0 .net "Qn", 0 0, L_0000028bd6d239c0;  1 drivers
v0000028bd6e5ee60_0 .net "reset", 0 0, o0000028bd6d57068;  0 drivers
v0000028bd6e5ef00_0 .net "set", 0 0, o0000028bd6d57098;  0 drivers
# The file index is used to find the file name in the following table.
:file_names 3;
    "N/A";
    "<interactive>";
    "SR_Latch.v";
