#! /c/Source/iverilog-install/bin/vvp
:ivl_version "12.0 (devel)" "(s20150603-1539-g2693dd32b)";
:ivl_delay_selection "TYPICAL";
:vpi_time_precision - 12;
:vpi_module "C:\iverilog\lib\ivl\system.vpi";
:vpi_module "C:\iverilog\lib\ivl\vhdl_sys.vpi";
:vpi_module "C:\iverilog\lib\ivl\vhdl_textio.vpi";
:vpi_module "C:\iverilog\lib\ivl\v2005_math.vpi";
:vpi_module "C:\iverilog\lib\ivl\va_math.vpi";
S_000002840cc15d70 .scope module, "counter_tb" "counter_tb" 2 4;
 .timescale -9 -12;
v000002840cc16130_0 .var "clk", 0 0;
v000002840cbe2d60_0 .var "dir", 0 0;
v000002840cbe2e00_0 .net "q", 3 0, v000002840ccdbf10_0;  1 drivers
v000002840cbe2ea0_0 .var "rst", 0 0;
S_000002840cc15f00 .scope module, "uut" "counter_up_down" 2 17, 3 2 0, S_000002840cc15d70;
 .timescale -9 -12;
    .port_info 0 /INPUT 1 "clk";
    .port_info 1 /INPUT 1 "rst";
    .port_info 2 /INPUT 1 "dir";
    .port_info 3 /OUTPUT 4 "q";
P_000002840ccdbc80 .param/l "N" 0 3 2, +C4<00000000000000000000000000000100>;
v000002840cbe3550_0 .net "clk", 0 0, v000002840cc16130_0;  1 drivers
v000002840cbe3770_0 .net "dir", 0 0, v000002840cbe2d60_0;  1 drivers
v000002840ccdbf10_0 .var "q", 3 0;
v000002840cc16090_0 .net "rst", 0 0, v000002840cbe2ea0_0;  1 drivers
E_000002840ccdb300 .event posedge, v000002840cbe3550_0;
    .scope S_000002840cc15f00;
T_0 ;
    %wait E_000002840ccdb300;
    %load/vec4 v000002840cc16090_0;
    %flag_set/vec4 8;
    %jmp/0xz  T_0.0, 8;
    %pushi/vec4 0, 0, 4;
    %assign/vec4 v000002840ccdbf10_0, 0;
    %jmp T_0.1;
T_0.0 ;
    %load/vec4 v000002840cbe3770_0;
    %flag_set/vec4 8;
    %jmp/0xz  T_0.2, 8;
    %load/vec4 v000002840ccdbf10_0;
    %addi 1, 0, 4;
    %assign/vec4 v000002840ccdbf10_0, 0;
    %jmp T_0.3;
T_0.2 ;
    %load/vec4 v000002840ccdbf10_0;
    %subi 1, 0, 4;
    %assign/vec4 v000002840ccdbf10_0, 0;
T_0.3 ;
T_0.1 ;
    %jmp T_0;
    .thread T_0;
    .scope S_000002840cc15d70;
T_1 ;
    %pushi/vec4 0, 0, 1;
    %store/vec4 v000002840cc16130_0, 0, 1;
    %end;
    .thread T_1;
    .scope S_000002840cc15d70;
T_2 ;
    %delay 5000, 0;
    %load/vec4 v000002840cc16130_0;
    %inv;
    %store/vec4 v000002840cc16130_0, 0, 1;
    %jmp T_2;
    .thread T_2;
    .scope S_000002840cc15d70;
T_3 ;
    %vpi_call 2 21 "$dumpfile", "counter_tb.vcd" {0 0 0};
    %vpi_call 2 22 "$dumpvars", 32'sb00000000000000000000000000000000, S_000002840cc15d70 {0 0 0};
    %vpi_call 2 25 "$display", "Up - Down Counter test cases" {0 0 0};
    %vpi_call 2 26 "$monitor", "rst = %b, dir = %b, q = %d, q = %b", v000002840cbe2ea0_0, v000002840cbe2d60_0, v000002840cbe2e00_0, v000002840cbe2e00_0 {0 0 0};
    %pushi/vec4 1, 0, 1;
    %store/vec4 v000002840cbe2ea0_0, 0, 1;
    %delay 10000, 0;
    %pushi/vec4 0, 0, 1;
    %store/vec4 v000002840cbe2ea0_0, 0, 1;
    %pushi/vec4 1, 0, 1;
    %store/vec4 v000002840cbe2d60_0, 0, 1;
    %delay 100000, 0;
    %vpi_call 2 32 "$display", "\012============================================\012" {0 0 0};
    %pushi/vec4 0, 0, 1;
    %store/vec4 v000002840cbe2d60_0, 0, 1;
    %delay 100000, 0;
    %vpi_call 2 35 "$finish" {0 0 0};
    %end;
    .thread T_3;
# The file index is used to find the file name in the following table.
:file_names 4;
    "N/A";
    "<interactive>";
    "counter_tb.v";
    "./up_down_counter.v";
