#! /c/Source/iverilog-install/bin/vvp
:ivl_version "12.0 (devel)" "(s20150603-1539-g2693dd32b)";
:ivl_delay_selection "TYPICAL";
:vpi_time_precision - 12;
:vpi_module "C:\iverilog\lib\ivl\system.vpi";
:vpi_module "C:\iverilog\lib\ivl\vhdl_sys.vpi";
:vpi_module "C:\iverilog\lib\ivl\vhdl_textio.vpi";
:vpi_module "C:\iverilog\lib\ivl\v2005_math.vpi";
:vpi_module "C:\iverilog\lib\ivl\va_math.vpi";
S_000002850336c320 .scope module, "johnson_counter_tb" "johnson_counter_tb" 2 4;
 .timescale -9 -12;
P_0000028503415670 .param/l "N" 0 2 6, +C4<00000000000000000000000000000100>;
v000002850336c550_0 .var "clk", 0 0;
v000002850336b880_0 .net "q", 3 0, v00000285033f3770_0;  1 drivers
v000002850336b920_0 .var "rst", 0 0;
S_000002850336b6f0 .scope module, "jc0" "johnson_counter" 2 19, 3 3 0, S_000002850336c320;
 .timescale -9 -12;
    .port_info 0 /INPUT 1 "clk";
    .port_info 1 /INPUT 1 "rst";
    .port_info 2 /OUTPUT 4 "q";
P_0000028503414ff0 .param/l "N" 0 3 3, +C4<00000000000000000000000000000100>;
v00000285033f3550_0 .net "clk", 0 0, v000002850336c550_0;  1 drivers
v00000285033f3770_0 .var "q", 3 0;
v000002850336c4b0_0 .net "rst", 0 0, v000002850336b920_0;  1 drivers
E_0000028503414df0 .event posedge, v00000285033f3550_0;
    .scope S_000002850336b6f0;
T_0 ;
    %wait E_0000028503414df0;
    %load/vec4 v000002850336c4b0_0;
    %flag_set/vec4 8;
    %jmp/0xz  T_0.0, 8;
    %pushi/vec4 0, 0, 4;
    %assign/vec4 v00000285033f3770_0, 0;
    %jmp T_0.1;
T_0.0 ;
    %load/vec4 v00000285033f3770_0;
    %parti/s 3, 0, 2;
    %load/vec4 v00000285033f3770_0;
    %parti/s 1, 3, 3;
    %inv;
    %concat/vec4; draw_concat_vec4
    %assign/vec4 v00000285033f3770_0, 0;
T_0.1 ;
    %jmp T_0;
    .thread T_0;
    .scope S_000002850336c320;
T_1 ;
    %pushi/vec4 0, 0, 1;
    %store/vec4 v000002850336c550_0, 0, 1;
    %pushi/vec4 0, 0, 1;
    %store/vec4 v000002850336b920_0, 0, 1;
    %end;
    .thread T_1;
    .scope S_000002850336c320;
T_2 ;
    %delay 10000, 0;
    %load/vec4 v000002850336c550_0;
    %inv;
    %store/vec4 v000002850336c550_0, 0, 1;
    %jmp T_2;
    .thread T_2;
    .scope S_000002850336c320;
T_3 ;
    %vpi_call 2 24 "$dumpfile", "jc_tb.vcd" {0 0 0};
    %vpi_call 2 25 "$dumpvars", 32'sb00000000000000000000000000000000, S_000002850336c320 {0 0 0};
    %vpi_call 2 28 "$display", "Johnson Counter Testbench" {0 0 0};
    %vpi_call 2 29 "$monitor", "q = %b, rst=%b", v000002850336b880_0, v000002850336b920_0 {0 0 0};
    %pushi/vec4 1, 0, 1;
    %store/vec4 v000002850336b920_0, 0, 1;
    %delay 20000, 0;
    %pushi/vec4 0, 0, 1;
    %store/vec4 v000002850336b920_0, 0, 1;
    %delay 200000, 0;
    %vpi_call 2 35 "$finish" {0 0 0};
    %end;
    .thread T_3;
# The file index is used to find the file name in the following table.
:file_names 4;
    "N/A";
    "<interactive>";
    "jc_tb.v";
    "./Johnson_Counter.v";
