#! /c/Source/iverilog-install/bin/vvp
:ivl_version "12.0 (devel)" "(s20150603-1539-g2693dd32b)";
:ivl_delay_selection "TYPICAL";
:vpi_time_precision - 12;
:vpi_module "C:\iverilog\lib\ivl\system.vpi";
:vpi_module "C:\iverilog\lib\ivl\vhdl_sys.vpi";
:vpi_module "C:\iverilog\lib\ivl\vhdl_textio.vpi";
:vpi_module "C:\iverilog\lib\ivl\v2005_math.vpi";
:vpi_module "C:\iverilog\lib\ivl\va_math.vpi";
S_000001e9f3a72e30 .scope module, "johnson_counter" "johnson_counter" 2 3;
 .timescale -9 -12;
    .port_info 0 /INPUT 1 "clk";
    .port_info 1 /INPUT 1 "rst";
    .port_info 2 /OUTPUT 4 "q";
P_000001e9f3bd8850 .param/l "N" 0 2 3, +C4<00000000000000000000000000000100>;
o000001e9f3aa6f88 .functor BUFZ 1, C4<z>; HiZ drive
v000001e9f3a73510_0 .net "clk", 0 0, o000001e9f3aa6f88;  0 drivers
v000001e9f3a73730_0 .var "q", 3 0;
o000001e9f3aa6fe8 .functor BUFZ 1, C4<z>; HiZ drive
v000001e9f3a72fc0_0 .net "rst", 0 0, o000001e9f3aa6fe8;  0 drivers
E_000001e9f3bd8c10 .event posedge, v000001e9f3a73510_0;
    .scope S_000001e9f3a72e30;
T_0 ;
    %wait E_000001e9f3bd8c10;
    %load/vec4 v000001e9f3a72fc0_0;
    %flag_set/vec4 8;
    %jmp/0xz  T_0.0, 8;
    %pushi/vec4 0, 0, 4;
    %assign/vec4 v000001e9f3a73730_0, 0;
    %jmp T_0.1;
T_0.0 ;
    %load/vec4 v000001e9f3a73730_0;
    %parti/s 3, 0, 2;
    %load/vec4 v000001e9f3a73730_0;
    %parti/s 1, 3, 3;
    %inv;
    %concat/vec4; draw_concat_vec4
    %assign/vec4 v000001e9f3a73730_0, 0;
T_0.1 ;
    %jmp T_0;
    .thread T_0;
# The file index is used to find the file name in the following table.
:file_names 3;
    "N/A";
    "<interactive>";
    "Johnson_Counter.v";
