#! /c/Source/iverilog-install/bin/vvp
:ivl_version "12.0 (devel)" "(s20150603-1539-g2693dd32b)";
:ivl_delay_selection "TYPICAL";
:vpi_time_precision + 0;
:vpi_module "C:\iverilog\lib\ivl\system.vpi";
:vpi_module "C:\iverilog\lib\ivl\vhdl_sys.vpi";
:vpi_module "C:\iverilog\lib\ivl\vhdl_textio.vpi";
:vpi_module "C:\iverilog\lib\ivl\v2005_math.vpi";
:vpi_module "C:\iverilog\lib\ivl\va_math.vpi";
S_000002a2087b6600 .scope module, "mod_n_counter" "mod_n_counter" 2 1;
 .timescale 0 0;
    .port_info 0 /INPUT 1 "clk";
    .port_info 1 /INPUT 1 "rst";
    .port_info 2 /OUTPUT 1 "count";
P_000002a2087ba4b0 .param/l "N" 0 2 1, +C4<00000000000000000000000000000010>;
o000002a208806fd8 .functor BUFZ 1, C4<z>; HiZ drive
v000002a2087b6cc0_0 .net "clk", 0 0, o000002a208806fd8;  0 drivers
v000002a2087b6ee0_0 .var "count", 0 0;
o000002a208807038 .functor BUFZ 1, C4<z>; HiZ drive
v000002a2087b6790_0 .net "rst", 0 0, o000002a208807038;  0 drivers
E_000002a2087ba470 .event posedge, v000002a2087b6cc0_0;
    .scope S_000002a2087b6600;
T_0 ;
    %wait E_000002a2087ba470;
    %load/vec4 v000002a2087b6790_0;
    %flag_set/vec4 8;
    %jmp/0xz  T_0.0, 8;
    %pushi/vec4 0, 0, 1;
    %assign/vec4 v000002a2087b6ee0_0, 0;
    %jmp T_0.1;
T_0.0 ;
    %load/vec4 v000002a2087b6ee0_0;
    %pad/u 32;
    %cmpi/e 1, 0, 32;
    %jmp/0xz  T_0.2, 4;
    %pushi/vec4 0, 0, 1;
    %assign/vec4 v000002a2087b6ee0_0, 0;
    %jmp T_0.3;
T_0.2 ;
    %load/vec4 v000002a2087b6ee0_0;
    %pad/u 2;
    %addi 1, 0, 2;
    %pad/u 1;
    %assign/vec4 v000002a2087b6ee0_0, 0;
T_0.3 ;
T_0.1 ;
    %jmp T_0;
    .thread T_0;
# The file index is used to find the file name in the following table.
:file_names 3;
    "N/A";
    "<interactive>";
    "Mod_N_counter.v";
