#! /c/Source/iverilog-install/bin/vvp
:ivl_version "12.0 (devel)" "(s20150603-1539-g2693dd32b)";
:ivl_delay_selection "TYPICAL";
:vpi_time_precision - 12;
:vpi_module "C:\iverilog\lib\ivl\system.vpi";
:vpi_module "C:\iverilog\lib\ivl\vhdl_sys.vpi";
:vpi_module "C:\iverilog\lib\ivl\vhdl_textio.vpi";
:vpi_module "C:\iverilog\lib\ivl\v2005_math.vpi";
:vpi_module "C:\iverilog\lib\ivl\va_math.vpi";
S_0000023021be4d00 .scope module, "modn_tb" "modn_tb" 2 4;
 .timescale -9 -12;
P_0000023021be5330 .param/l "N" 1 2 7, +C4<00000000000000000000000000000100>;
v0000023021be4f30_0 .var "clk", 0 0;
v0000023021bac180_0 .net "count", 1 0, v0000023021ba6f40_0;  1 drivers
v0000023021bac220_0 .var "rst", 0 0;
S_0000023021ba6530 .scope module, "mod0" "mod_n_counter" 2 18, 3 1 0, S_0000023021be4d00;
 .timescale -9 -12;
    .port_info 0 /INPUT 1 "clk";
    .port_info 1 /INPUT 1 "rst";
    .port_info 2 /OUTPUT 2 "count";
P_0000023021be53b0 .param/l "N" 0 3 1, +C4<00000000000000000000000000000100>;
v0000023021ba6d20_0 .net "clk", 0 0, v0000023021be4f30_0;  1 drivers
v0000023021ba6f40_0 .var "count", 1 0;
v0000023021be4e90_0 .net "rst", 0 0, v0000023021bac220_0;  1 drivers
E_0000023021be58b0 .event posedge, v0000023021ba6d20_0;
    .scope S_0000023021ba6530;
T_0 ;
    %wait E_0000023021be58b0;
    %load/vec4 v0000023021be4e90_0;
    %flag_set/vec4 8;
    %jmp/0xz  T_0.0, 8;
    %pushi/vec4 0, 0, 2;
    %assign/vec4 v0000023021ba6f40_0, 0;
    %jmp T_0.1;
T_0.0 ;
    %load/vec4 v0000023021ba6f40_0;
    %pad/u 32;
    %cmpi/e 3, 0, 32;
    %jmp/0xz  T_0.2, 4;
    %pushi/vec4 0, 0, 2;
    %assign/vec4 v0000023021ba6f40_0, 0;
    %jmp T_0.3;
T_0.2 ;
    %load/vec4 v0000023021ba6f40_0;
    %addi 1, 0, 2;
    %assign/vec4 v0000023021ba6f40_0, 0;
T_0.3 ;
T_0.1 ;
    %jmp T_0;
    .thread T_0;
    .scope S_0000023021be4d00;
T_1 ;
    %pushi/vec4 0, 0, 1;
    %store/vec4 v0000023021be4f30_0, 0, 1;
    %end;
    .thread T_1;
    .scope S_0000023021be4d00;
T_2 ;
    %delay 10000, 0;
    %load/vec4 v0000023021be4f30_0;
    %inv;
    %store/vec4 v0000023021be4f30_0, 0, 1;
    %jmp T_2;
    .thread T_2;
    .scope S_0000023021be4d00;
T_3 ;
    %vpi_call 2 22 "$dumpfile", "modn_tb.vcd" {0 0 0};
    %vpi_call 2 23 "$dumpvars", 32'sb00000000000000000000000000000000, S_0000023021be4d00 {0 0 0};
    %vpi_call 2 26 "$display", "Mod N Counter Testbench" {0 0 0};
    %vpi_call 2 27 "$monitor", "count = %d, clk = %b", v0000023021bac180_0, v0000023021be4f30_0 {0 0 0};
    %pushi/vec4 1, 0, 1;
    %store/vec4 v0000023021bac220_0, 0, 1;
    %delay 20000, 0;
    %pushi/vec4 0, 0, 1;
    %store/vec4 v0000023021bac220_0, 0, 1;
    %delay 100000, 0;
    %vpi_call 2 32 "$finish" {0 0 0};
    %end;
    .thread T_3;
# The file index is used to find the file name in the following table.
:file_names 4;
    "N/A";
    "<interactive>";
    "modn_tb.v";
    "./Mod_N_counter.v";
