#! /c/Source/iverilog-install/bin/vvp
:ivl_version "12.0 (devel)" "(s20150603-1539-g2693dd32b)";
:ivl_delay_selection "TYPICAL";
:vpi_time_precision - 12;
:vpi_module "C:\iverilog\lib\ivl\system.vpi";
:vpi_module "C:\iverilog\lib\ivl\vhdl_sys.vpi";
:vpi_module "C:\iverilog\lib\ivl\vhdl_textio.vpi";
:vpi_module "C:\iverilog\lib\ivl\v2005_math.vpi";
:vpi_module "C:\iverilog\lib\ivl\va_math.vpi";
S_000002195970c090 .scope module, "SISO" "SISO" 2 3;
 .timescale -9 -12;
    .port_info 0 /INPUT 1 "d";
    .port_info 1 /INPUT 1 "clk";
    .port_info 2 /INPUT 1 "rst";
    .port_info 3 /OUTPUT 1 "q";
    .port_info 4 /OUTPUT 1 "shift_reg_out";
P_000002195970a4c0 .param/l "N" 0 2 3, +C4<00000000000000000000000000000001>;
L_000002195975b8d0 .functor BUFZ 1, v0000021959746290_0, C4<0>, C4<0>, C4<0>;
L_000002195975be80 .functor BUFZ 1, v0000021959746290_0, C4<0>, C4<0>, C4<0>;
o000002195975cf88 .functor BUFZ 1, C4<z>; HiZ drive
v0000021959723550_0 .net "clk", 0 0, o000002195975cf88;  0 drivers
o000002195975cfb8 .functor BUFZ 1, C4<z>; HiZ drive
v000002195970c570_0 .net "d", 0 0, o000002195975cfb8;  0 drivers
v000002195970c220_0 .net "q", 0 0, L_000002195975b8d0;  1 drivers
o000002195975d018 .functor BUFZ 1, C4<z>; HiZ drive
v000002195970ba10_0 .net "rst", 0 0, o000002195975d018;  0 drivers
v0000021959746290_0 .var "shift_reg", 0 0;
v0000021959746330_0 .net "shift_reg_out", 0 0, L_000002195975be80;  1 drivers
E_000002195970ab00 .event posedge, v0000021959723550_0;
S_0000021959746100 .scope module, "ring_counter_tb" "ring_counter_tb" 3 4;
 .timescale -9 -12;
P_000002195970a500 .param/l "N" 0 3 6, +C4<00000000000000000000000000000100>;
v0000021959722da0_0 .var "clk", 0 0;
v0000021959722e40_0 .var "preset", 0 0;
v0000021959722ee0_0 .net "q", 3 0, v000002195970d480_0;  1 drivers
v0000021959722f80_0 .var "rst", 0 0;
S_000002195970d1b0 .scope module, "rc0" "ring_counter" 3 20, 4 4 0, S_0000021959746100;
 .timescale -9 -12;
    .port_info 0 /INPUT 1 "preset";
    .port_info 1 /INPUT 1 "clk";
    .port_info 2 /INPUT 1 "rst";
    .port_info 3 /OUTPUT 4 "q";
P_000002195970a340 .param/l "N" 0 4 4, +C4<00000000000000000000000000000100>;
v000002195970d340_0 .net "clk", 0 0, v0000021959722da0_0;  1 drivers
v000002195970d3e0_0 .net "preset", 0 0, v0000021959722e40_0;  1 drivers
v000002195970d480_0 .var "q", 3 0;
v000002195970d520_0 .net "rst", 0 0, v0000021959722f80_0;  1 drivers
E_000002195970a440 .event posedge, v000002195970d340_0;
    .scope S_000002195970c090;
T_0 ;
    %wait E_000002195970ab00;
    %load/vec4 v000002195970ba10_0;
    %flag_set/vec4 8;
    %jmp/0xz  T_0.0, 8;
    %pushi/vec4 0, 0, 1;
    %assign/vec4 v0000021959746290_0, 0;
    %jmp T_0.1;
T_0.0 ;
    %load/vec4 v000002195970c570_0;
    %assign/vec4 v0000021959746290_0, 0;
T_0.1 ;
    %jmp T_0;
    .thread T_0;
    .scope S_000002195970d1b0;
T_1 ;
    %wait E_000002195970a440;
    %load/vec4 v000002195970d520_0;
    %flag_set/vec4 8;
    %jmp/0xz  T_1.0, 8;
    %pushi/vec4 0, 0, 4;
    %assign/vec4 v000002195970d480_0, 0;
    %jmp T_1.1;
T_1.0 ;
    %load/vec4 v000002195970d3e0_0;
    %flag_set/vec4 8;
    %jmp/0xz  T_1.2, 8;
    %pushi/vec4 1, 0, 1;
    %ix/load 4, 0, 0;
    %ix/load 5, 0, 0;
    %flag_set/imm 4, 0;
    %assign/vec4/off/d v000002195970d480_0, 4, 5;
    %jmp T_1.3;
T_1.2 ;
    %load/vec4 v000002195970d480_0;
    %parti/s 3, 0, 2;
    %load/vec4 v000002195970d480_0;
    %parti/s 1, 3, 3;
    %concat/vec4; draw_concat_vec4
    %assign/vec4 v000002195970d480_0, 0;
T_1.3 ;
T_1.1 ;
    %jmp T_1;
    .thread T_1;
    .scope S_0000021959746100;
T_2 ;
    %pushi/vec4 0, 0, 1;
    %store/vec4 v0000021959722e40_0, 0, 1;
    %pushi/vec4 0, 0, 1;
    %store/vec4 v0000021959722da0_0, 0, 1;
    %pushi/vec4 0, 0, 1;
    %store/vec4 v0000021959722f80_0, 0, 1;
    %end;
    .thread T_2;
    .scope S_0000021959746100;
T_3 ;
    %delay 10000, 0;
    %load/vec4 v0000021959722da0_0;
    %inv;
    %store/vec4 v0000021959722da0_0, 0, 1;
    %jmp T_3;
    .thread T_3;
    .scope S_0000021959746100;
T_4 ;
    %vpi_call 3 25 "$dumpfile", "ring_counter_tb.vcd" {0 0 0};
    %vpi_call 3 26 "$dumpvars", 32'sb00000000000000000000000000000000, S_0000021959746100 {0 0 0};
    %vpi_call 3 29 "$display", "Ring Counter Testbench" {0 0 0};
    %vpi_call 3 30 "$monitor", "Ring Counter Output: q=%b, preset=%b, rst=%b", v0000021959722ee0_0, v0000021959722e40_0, v0000021959722f80_0 {0 0 0};
    %pushi/vec4 1, 0, 1;
    %store/vec4 v0000021959722f80_0, 0, 1;
    %delay 20000, 0;
    %pushi/vec4 0, 0, 1;
    %store/vec4 v0000021959722f80_0, 0, 1;
    %delay 20000, 0;
    %pushi/vec4 1, 0, 1;
    %store/vec4 v0000021959722e40_0, 0, 1;
    %delay 20000, 0;
    %pushi/vec4 0, 0, 1;
    %store/vec4 v0000021959722e40_0, 0, 1;
    %delay 100000, 0;
    %vpi_call 3 37 "$finish" {0 0 0};
    %end;
    .thread T_4;
# The file index is used to find the file name in the following table.
:file_names 5;
    "N/A";
    "<interactive>";
    "./../Shift Registers/SISO.v";
    "ring_counter_tb.v";
    "./Ring_counter.v";
