#! /c/Source/iverilog-install/bin/vvp
:ivl_version "12.0 (devel)" "(s20150603-1539-g2693dd32b)";
:ivl_delay_selection "TYPICAL";
:vpi_time_precision + 0;
:vpi_module "C:\iverilog\lib\ivl\system.vpi";
:vpi_module "C:\iverilog\lib\ivl\vhdl_sys.vpi";
:vpi_module "C:\iverilog\lib\ivl\vhdl_textio.vpi";
:vpi_module "C:\iverilog\lib\ivl\v2005_math.vpi";
:vpi_module "C:\iverilog\lib\ivl\va_math.vpi";
S_000001bca28a6cd0 .scope module, "counter_up_down" "counter_up_down" 2 2;
 .timescale 0 0;
    .port_info 0 /INPUT 1 "clk";
    .port_info 1 /INPUT 1 "rst";
    .port_info 2 /INPUT 1 "dir";
    .port_info 3 /OUTPUT 4 "q";
P_000001bca2858ed0 .param/l "N" 0 2 2, +C4<00000000000000000000000000000100>;
o000001bca28a6e68 .functor BUFZ 1, C4<z>; HiZ drive
v000001bca28734f0_0 .net "clk", 0 0, o000001bca28a6e68;  0 drivers
o000001bca28a6e98 .functor BUFZ 1, C4<z>; HiZ drive
v000001bca2873120_0 .net "dir", 0 0, o000001bca28a6e98;  0 drivers
v000001bca285ea60_0 .var "q", 3 0;
o000001bca28a6ef8 .functor BUFZ 1, C4<z>; HiZ drive
v000001bca285eb00_0 .net "rst", 0 0, o000001bca28a6ef8;  0 drivers
E_000001bca28590d0 .event posedge, v000001bca28734f0_0;
    .scope S_000001bca28a6cd0;
T_0 ;
    %wait E_000001bca28590d0;
    %load/vec4 v000001bca285eb00_0;
    %flag_set/vec4 8;
    %jmp/0xz  T_0.0, 8;
    %pushi/vec4 0, 0, 4;
    %assign/vec4 v000001bca285ea60_0, 0;
    %jmp T_0.1;
T_0.0 ;
    %load/vec4 v000001bca2873120_0;
    %flag_set/vec4 8;
    %jmp/0xz  T_0.2, 8;
    %load/vec4 v000001bca285ea60_0;
    %addi 1, 0, 4;
    %assign/vec4 v000001bca285ea60_0, 0;
    %jmp T_0.3;
T_0.2 ;
    %load/vec4 v000001bca285ea60_0;
    %subi 1, 0, 4;
    %assign/vec4 v000001bca285ea60_0, 0;
T_0.3 ;
T_0.1 ;
    %jmp T_0;
    .thread T_0;
# The file index is used to find the file name in the following table.
:file_names 3;
    "N/A";
    "<interactive>";
    "up_down_counter.v";
