#! /c/Source/iverilog-install/bin/vvp
:ivl_version "12.0 (devel)" "(s20150603-1539-g2693dd32b)";
:ivl_delay_selection "TYPICAL";
:vpi_time_precision - 12;
:vpi_module "C:\iverilog\lib\ivl\system.vpi";
:vpi_module "C:\iverilog\lib\ivl\vhdl_sys.vpi";
:vpi_module "C:\iverilog\lib\ivl\vhdl_textio.vpi";
:vpi_module "C:\iverilog\lib\ivl\v2005_math.vpi";
:vpi_module "C:\iverilog\lib\ivl\va_math.vpi";
S_000002643bcea910 .scope module, "d_ff_tb" "d_ff_tb" 2 4;
 .timescale -12 -12;
v000002643bd48d20_0 .var "D", 0 0;
v000002643bd48dc0_0 .net "Q", 0 0, L_000002643bce88c0;  1 drivers
v000002643bd48e60_0 .net "Qbar", 0 0, L_000002643bce8a80;  1 drivers
v000002643bd48140_0 .var "clk", 0 0;
S_000002643bceade0 .scope module, "dff0" "d_flip_flop" 2 15, 3 4 0, S_000002643bcea910;
 .timescale -12 -12;
    .port_info 0 /INPUT 1 "D";
    .port_info 1 /INPUT 1 "clk";
    .port_info 2 /OUTPUT 1 "Q";
    .port_info 3 /OUTPUT 1 "Qbar";
L_000002643bce87e0 .functor NOT 1, v000002643bd48140_0, C4<0>, C4<0>, C4<0>;
v000002643bd48320_0 .net "D", 0 0, v000002643bd48d20_0;  1 drivers
v000002643bd48460_0 .net "Q", 0 0, L_000002643bce88c0;  alias, 1 drivers
v000002643bd480a0_0 .net "Q_carry", 0 0, L_000002643bce8700;  1 drivers
v000002643bd48640_0 .net "Qbar", 0 0, L_000002643bce8a80;  alias, 1 drivers
v000002643bd488c0_0 .net "clk", 0 0, v000002643bd48140_0;  1 drivers
S_000002643bceaf70 .scope module, "d0" "D_latch" 3 13, 4 4 0, S_000002643bceade0;
 .timescale -12 -12;
    .port_info 0 /INPUT 1 "D";
    .port_info 1 /INPUT 1 "enable";
    .port_info 2 /OUTPUT 1 "Qbar";
    .port_info 3 /OUTPUT 1 "Q";
L_000002643bce83f0 .functor AND 1, v000002643bd48d20_0, L_000002643bce87e0, C4<1>, C4<1>;
L_000002643bce8930 .functor NOT 1, v000002643bd48d20_0, C4<0>, C4<0>, C4<0>;
L_000002643bce8690 .functor AND 1, L_000002643bce8930, L_000002643bce87e0, C4<1>, C4<1>;
v000002643bcf6d40_0 .net "D", 0 0, v000002643bd48d20_0;  alias, 1 drivers
v000002643bcf6de0_0 .net "Q", 0 0, L_000002643bce8700;  alias, 1 drivers
v000002643bd48780_0 .net "Qbar", 0 0, L_000002643bce8460;  1 drivers
v000002643bd48820_0 .net *"_ivl_2", 0 0, L_000002643bce8930;  1 drivers
v000002643bd48960_0 .net "enable", 0 0, L_000002643bce87e0;  1 drivers
v000002643bd48b40_0 .net "reset", 0 0, L_000002643bce8690;  1 drivers
v000002643bd48aa0_0 .net "set", 0 0, L_000002643bce83f0;  1 drivers
S_000002643bcf6a70 .scope module, "s0" "SR_Latch" 4 16, 5 2 0, S_000002643bceaf70;
 .timescale -12 -12;
    .port_info 0 /INPUT 1 "set";
    .port_info 1 /INPUT 1 "reset";
    .port_info 2 /OUTPUT 1 "Q";
    .port_info 3 /OUTPUT 1 "Qn";
L_000002643bce8700 .functor NOR 1, L_000002643bce8690, L_000002643bce8460, C4<0>, C4<0>;
L_000002643bce8460 .functor NOR 1, L_000002643bce83f0, L_000002643bce8700, C4<0>, C4<0>;
v000002643bcc3660_0 .net "Q", 0 0, L_000002643bce8700;  alias, 1 drivers
v000002643bcc3440_0 .net "Qn", 0 0, L_000002643bce8460;  alias, 1 drivers
v000002643bcf6c00_0 .net "reset", 0 0, L_000002643bce8690;  alias, 1 drivers
v000002643bcf6ca0_0 .net "set", 0 0, L_000002643bce83f0;  alias, 1 drivers
S_000002643bcaeb30 .scope module, "d1" "D_latch" 3 15, 4 4 0, S_000002643bceade0;
 .timescale -12 -12;
    .port_info 0 /INPUT 1 "D";
    .port_info 1 /INPUT 1 "enable";
    .port_info 2 /OUTPUT 1 "Qbar";
    .port_info 3 /OUTPUT 1 "Q";
L_000002643bce8380 .functor AND 1, L_000002643bce8700, v000002643bd48140_0, C4<1>, C4<1>;
L_000002643bce8770 .functor NOT 1, L_000002643bce8700, C4<0>, C4<0>, C4<0>;
L_000002643bce8850 .functor AND 1, L_000002643bce8770, v000002643bd48140_0, C4<1>, C4<1>;
v000002643bd483c0_0 .net "D", 0 0, L_000002643bce8700;  alias, 1 drivers
v000002643bd481e0_0 .net "Q", 0 0, L_000002643bce88c0;  alias, 1 drivers
v000002643bd48be0_0 .net "Qbar", 0 0, L_000002643bce8a80;  alias, 1 drivers
v000002643bd48a00_0 .net *"_ivl_2", 0 0, L_000002643bce8770;  1 drivers
v000002643bd48fa0_0 .net "enable", 0 0, v000002643bd48140_0;  alias, 1 drivers
v000002643bd485a0_0 .net "reset", 0 0, L_000002643bce8850;  1 drivers
v000002643bd486e0_0 .net "set", 0 0, L_000002643bce8380;  1 drivers
S_000002643bcaecc0 .scope module, "s0" "SR_Latch" 4 16, 5 2 0, S_000002643bcaeb30;
 .timescale -12 -12;
    .port_info 0 /INPUT 1 "set";
    .port_info 1 /INPUT 1 "reset";
    .port_info 2 /OUTPUT 1 "Q";
    .port_info 3 /OUTPUT 1 "Qn";
L_000002643bce88c0 .functor NOR 1, L_000002643bce8850, L_000002643bce8a80, C4<0>, C4<0>;
L_000002643bce8a80 .functor NOR 1, L_000002643bce8380, L_000002643bce88c0, C4<0>, C4<0>;
v000002643bd48280_0 .net "Q", 0 0, L_000002643bce88c0;  alias, 1 drivers
v000002643bd48c80_0 .net "Qn", 0 0, L_000002643bce8a80;  alias, 1 drivers
v000002643bd48f00_0 .net "reset", 0 0, L_000002643bce8850;  alias, 1 drivers
v000002643bd48500_0 .net "set", 0 0, L_000002643bce8380;  alias, 1 drivers
    .scope S_000002643bcea910;
T_0 ;
    %pushi/vec4 0, 0, 1;
    %store/vec4 v000002643bd48140_0, 0, 1;
    %end;
    .thread T_0;
    .scope S_000002643bcea910;
T_1 ;
    %delay 10, 0;
    %load/vec4 v000002643bd48140_0;
    %inv;
    %store/vec4 v000002643bd48140_0, 0, 1;
    %jmp T_1;
    .thread T_1;
    .scope S_000002643bcea910;
T_2 ;
    %vpi_call 2 23 "$dumpfile", "d_ff.vcd" {0 0 0};
    %vpi_call 2 24 "$dumpvars", 32'sb00000000000000000000000000000000, S_000002643bcea910 {0 0 0};
    %vpi_call 2 27 "$display", "Testing the D Flip Flop" {0 0 0};
    %vpi_call 2 28 "$monitor", "D:%b, CLK:%b | Q:%b, ~Q:%b", v000002643bd48d20_0, v000002643bd48140_0, v000002643bd48dc0_0, v000002643bd48e60_0 {0 0 0};
    %pushi/vec4 0, 0, 1;
    %store/vec4 v000002643bd48d20_0, 0, 1;
    %delay 20, 0;
    %pushi/vec4 1, 0, 1;
    %store/vec4 v000002643bd48d20_0, 0, 1;
    %delay 20, 0;
    %pushi/vec4 0, 0, 1;
    %store/vec4 v000002643bd48d20_0, 0, 1;
    %delay 20, 0;
    %pushi/vec4 1, 0, 1;
    %store/vec4 v000002643bd48d20_0, 0, 1;
    %delay 20, 0;
    %vpi_call 2 36 "$finish" {0 0 0};
    %end;
    .thread T_2;
# The file index is used to find the file name in the following table.
:file_names 6;
    "N/A";
    "<interactive>";
    "D_ff_tb.v";
    "./D_Flip_Flop.v";
    "./../D/D_Latch.v";
    "./../SR_Latch/SR_Latch.v";
