#! /c/Source/iverilog-install/bin/vvp
:ivl_version "12.0 (devel)" "(s20150603-1539-g2693dd32b)";
:ivl_delay_selection "TYPICAL";
:vpi_time_precision + 0;
:vpi_module "C:\iverilog\lib\ivl\system.vpi";
:vpi_module "C:\iverilog\lib\ivl\vhdl_sys.vpi";
:vpi_module "C:\iverilog\lib\ivl\vhdl_textio.vpi";
:vpi_module "C:\iverilog\lib\ivl\v2005_math.vpi";
:vpi_module "C:\iverilog\lib\ivl\va_math.vpi";
S_000001f420752d20 .scope module, "jk_ff" "jk_ff" 2 1;
 .timescale 0 0;
    .port_info 0 /INPUT 1 "clk";
    .port_info 1 /INPUT 1 "J";
    .port_info 2 /INPUT 1 "K";
    .port_info 3 /INPUT 1 "rst";
    .port_info 4 /OUTPUT 1 "Q";
    .port_info 5 /OUTPUT 1 "Qbar";
L_000001f420753130 .functor NOT 1, v000001f420752f50_0, C4<0>, C4<0>, C4<0>;
o000001f420786f78 .functor BUFZ 1, C4<z>; HiZ drive
v000001f420753360_0 .net "J", 0 0, o000001f420786f78;  0 drivers
o000001f420786fa8 .functor BUFZ 1, C4<z>; HiZ drive
v000001f420752eb0_0 .net "K", 0 0, o000001f420786fa8;  0 drivers
v000001f420752f50_0 .var "Q", 0 0;
v000001f420752ff0_0 .net "Qbar", 0 0, L_000001f420753130;  1 drivers
o000001f420787038 .functor BUFZ 1, C4<z>; HiZ drive
v000001f420753090_0 .net "clk", 0 0, o000001f420787038;  0 drivers
o000001f420787068 .functor BUFZ 1, C4<z>; HiZ drive
v000001f42085ca40_0 .net "rst", 0 0, o000001f420787068;  0 drivers
E_000001f4207859b0 .event posedge, v000001f420753090_0;
    .scope S_000001f420752d20;
T_0 ;
    %wait E_000001f4207859b0;
    %load/vec4 v000001f42085ca40_0;
    %flag_set/vec4 8;
    %jmp/0xz  T_0.0, 8;
    %pushi/vec4 0, 0, 1;
    %assign/vec4 v000001f420752f50_0, 0;
    %jmp T_0.1;
T_0.0 ;
    %load/vec4 v000001f420753360_0;
    %load/vec4 v000001f420752eb0_0;
    %concat/vec4; draw_concat_vec4
    %dup/vec4;
    %pushi/vec4 0, 0, 2;
    %cmp/u;
    %jmp/1 T_0.2, 6;
    %dup/vec4;
    %pushi/vec4 1, 0, 2;
    %cmp/u;
    %jmp/1 T_0.3, 6;
    %dup/vec4;
    %pushi/vec4 2, 0, 2;
    %cmp/u;
    %jmp/1 T_0.4, 6;
    %dup/vec4;
    %pushi/vec4 3, 0, 2;
    %cmp/u;
    %jmp/1 T_0.5, 6;
    %jmp T_0.6;
T_0.2 ;
    %load/vec4 v000001f420752f50_0;
    %assign/vec4 v000001f420752f50_0, 0;
    %jmp T_0.6;
T_0.3 ;
    %pushi/vec4 0, 0, 1;
    %assign/vec4 v000001f420752f50_0, 0;
    %jmp T_0.6;
T_0.4 ;
    %pushi/vec4 1, 0, 1;
    %assign/vec4 v000001f420752f50_0, 0;
    %jmp T_0.6;
T_0.5 ;
    %load/vec4 v000001f420752f50_0;
    %inv;
    %assign/vec4 v000001f420752f50_0, 0;
    %jmp T_0.6;
T_0.6 ;
    %pop/vec4 1;
T_0.1 ;
    %jmp T_0;
    .thread T_0;
# The file index is used to find the file name in the following table.
:file_names 3;
    "N/A";
    "<interactive>";
    "JK_ff.v";
