#! /c/Source/iverilog-install/bin/vvp
:ivl_version "12.0 (devel)" "(s20150603-1539-g2693dd32b)";
:ivl_delay_selection "TYPICAL";
:vpi_time_precision - 12;
:vpi_module "C:\iverilog\lib\ivl\system.vpi";
:vpi_module "C:\iverilog\lib\ivl\vhdl_sys.vpi";
:vpi_module "C:\iverilog\lib\ivl\vhdl_textio.vpi";
:vpi_module "C:\iverilog\lib\ivl\v2005_math.vpi";
:vpi_module "C:\iverilog\lib\ivl\va_math.vpi";
S_0000023fa084a970 .scope module, "jkff_tb" "jkff_tb" 2 4;
 .timescale -9 -12;
v0000023fa0722f40_0 .var "J", 0 0;
v0000023fa0722fe0_0 .var "K", 0 0;
v0000023fa0723080_0 .net "Q", 0 0, v0000023fa084bf00_0;  1 drivers
v0000023fa0723120_0 .net "Qbar", 0 0, L_0000023fa075b520;  1 drivers
v0000023fa084c700_0 .var "clk", 0 0;
v0000023fa084c7a0_0 .var "rst", 0 0;
S_0000023fa084bcd0 .scope module, "j0" "jk_ff" 2 18, 3 1 0, S_0000023fa084a970;
 .timescale -9 -12;
    .port_info 0 /INPUT 1 "clk";
    .port_info 1 /INPUT 1 "J";
    .port_info 2 /INPUT 1 "K";
    .port_info 3 /INPUT 1 "rst";
    .port_info 4 /OUTPUT 1 "Q";
    .port_info 5 /OUTPUT 1 "Qbar";
L_0000023fa075b520 .functor NOT 1, v0000023fa084bf00_0, C4<0>, C4<0>, C4<0>;
v0000023fa07233c0_0 .net "J", 0 0, v0000023fa0722f40_0;  1 drivers
v0000023fa084be60_0 .net "K", 0 0, v0000023fa0722fe0_0;  1 drivers
v0000023fa084bf00_0 .var "Q", 0 0;
v0000023fa0722d60_0 .net "Qbar", 0 0, L_0000023fa075b520;  alias, 1 drivers
v0000023fa0722e00_0 .net "clk", 0 0, v0000023fa084c700_0;  1 drivers
v0000023fa0722ea0_0 .net "rst", 0 0, v0000023fa084c7a0_0;  1 drivers
E_0000023fa084b220 .event posedge, v0000023fa0722e00_0;
    .scope S_0000023fa084bcd0;
T_0 ;
    %wait E_0000023fa084b220;
    %load/vec4 v0000023fa0722ea0_0;
    %flag_set/vec4 8;
    %jmp/0xz  T_0.0, 8;
    %pushi/vec4 0, 0, 1;
    %assign/vec4 v0000023fa084bf00_0, 0;
    %jmp T_0.1;
T_0.0 ;
    %load/vec4 v0000023fa07233c0_0;
    %load/vec4 v0000023fa084be60_0;
    %concat/vec4; draw_concat_vec4
    %dup/vec4;
    %pushi/vec4 0, 0, 2;
    %cmp/u;
    %jmp/1 T_0.2, 6;
    %dup/vec4;
    %pushi/vec4 1, 0, 2;
    %cmp/u;
    %jmp/1 T_0.3, 6;
    %dup/vec4;
    %pushi/vec4 2, 0, 2;
    %cmp/u;
    %jmp/1 T_0.4, 6;
    %dup/vec4;
    %pushi/vec4 3, 0, 2;
    %cmp/u;
    %jmp/1 T_0.5, 6;
    %jmp T_0.6;
T_0.2 ;
    %load/vec4 v0000023fa084bf00_0;
    %assign/vec4 v0000023fa084bf00_0, 0;
    %jmp T_0.6;
T_0.3 ;
    %pushi/vec4 0, 0, 1;
    %assign/vec4 v0000023fa084bf00_0, 0;
    %jmp T_0.6;
T_0.4 ;
    %pushi/vec4 1, 0, 1;
    %assign/vec4 v0000023fa084bf00_0, 0;
    %jmp T_0.6;
T_0.5 ;
    %load/vec4 v0000023fa084bf00_0;
    %inv;
    %assign/vec4 v0000023fa084bf00_0, 0;
    %jmp T_0.6;
T_0.6 ;
    %pop/vec4 1;
T_0.1 ;
    %jmp T_0;
    .thread T_0;
    .scope S_0000023fa084a970;
T_1 ;
    %pushi/vec4 0, 0, 1;
    %store/vec4 v0000023fa084c700_0, 0, 1;
    %end;
    .thread T_1;
    .scope S_0000023fa084a970;
T_2 ;
    %delay 10000, 0;
    %load/vec4 v0000023fa084c700_0;
    %inv;
    %store/vec4 v0000023fa084c700_0, 0, 1;
    %jmp T_2;
    .thread T_2;
    .scope S_0000023fa084a970;
T_3 ;
    %vpi_call 2 22 "$dumpfile", "jk_ff.vcd" {0 0 0};
    %vpi_call 2 23 "$dumpvars", 32'sb00000000000000000000000000000000, S_0000023fa084a970 {0 0 0};
    %vpi_call 2 25 "$display", "Testing the JK Flip-Flop" {0 0 0};
    %vpi_call 2 26 "$monitor", "J = %b, K = %b, rst = %b, clk = %b, Q = %b, Qbar = %b", v0000023fa0722f40_0, v0000023fa0722fe0_0, v0000023fa084c7a0_0, v0000023fa084c700_0, v0000023fa0723080_0, v0000023fa0723120_0 {0 0 0};
    %pushi/vec4 0, 0, 1;
    %store/vec4 v0000023fa0722f40_0, 0, 1;
    %pushi/vec4 0, 0, 1;
    %store/vec4 v0000023fa0722fe0_0, 0, 1;
    %pushi/vec4 0, 0, 1;
    %store/vec4 v0000023fa084c7a0_0, 0, 1;
    %delay 20000, 0;
    %pushi/vec4 0, 0, 1;
    %store/vec4 v0000023fa0722f40_0, 0, 1;
    %pushi/vec4 0, 0, 1;
    %store/vec4 v0000023fa0722fe0_0, 0, 1;
    %pushi/vec4 1, 0, 1;
    %store/vec4 v0000023fa084c7a0_0, 0, 1;
    %delay 20000, 0;
    %pushi/vec4 0, 0, 1;
    %store/vec4 v0000023fa0722f40_0, 0, 1;
    %pushi/vec4 0, 0, 1;
    %store/vec4 v0000023fa0722fe0_0, 0, 1;
    %pushi/vec4 0, 0, 1;
    %store/vec4 v0000023fa084c7a0_0, 0, 1;
    %delay 20000, 0;
    %pushi/vec4 0, 0, 1;
    %store/vec4 v0000023fa0722f40_0, 0, 1;
    %pushi/vec4 0, 0, 1;
    %store/vec4 v0000023fa0722fe0_0, 0, 1;
    %pushi/vec4 0, 0, 1;
    %store/vec4 v0000023fa084c7a0_0, 0, 1;
    %delay 20000, 0;
    %pushi/vec4 0, 0, 1;
    %store/vec4 v0000023fa0722f40_0, 0, 1;
    %pushi/vec4 1, 0, 1;
    %store/vec4 v0000023fa0722fe0_0, 0, 1;
    %pushi/vec4 0, 0, 1;
    %store/vec4 v0000023fa084c7a0_0, 0, 1;
    %delay 20000, 0;
    %pushi/vec4 1, 0, 1;
    %store/vec4 v0000023fa0722f40_0, 0, 1;
    %pushi/vec4 0, 0, 1;
    %store/vec4 v0000023fa0722fe0_0, 0, 1;
    %pushi/vec4 0, 0, 1;
    %store/vec4 v0000023fa084c7a0_0, 0, 1;
    %delay 20000, 0;
    %pushi/vec4 1, 0, 1;
    %store/vec4 v0000023fa0722f40_0, 0, 1;
    %pushi/vec4 1, 0, 1;
    %store/vec4 v0000023fa0722fe0_0, 0, 1;
    %pushi/vec4 0, 0, 1;
    %store/vec4 v0000023fa084c7a0_0, 0, 1;
    %delay 20000, 0;
    %vpi_call 2 37 "$finish" {0 0 0};
    %end;
    .thread T_3;
# The file index is used to find the file name in the following table.
:file_names 4;
    "N/A";
    "<interactive>";
    "jkff_tb.v";
    "./JK_ff.v";
