#! /c/Source/iverilog-install/bin/vvp
:ivl_version "12.0 (devel)" "(s20150603-1539-g2693dd32b)";
:ivl_delay_selection "TYPICAL";
:vpi_time_precision - 12;
:vpi_module "C:\iverilog\lib\ivl\system.vpi";
:vpi_module "C:\iverilog\lib\ivl\vhdl_sys.vpi";
:vpi_module "C:\iverilog\lib\ivl\vhdl_textio.vpi";
:vpi_module "C:\iverilog\lib\ivl\v2005_math.vpi";
:vpi_module "C:\iverilog\lib\ivl\va_math.vpi";
S_000001793762ab40 .scope module, "tff_tb" "tff_tb" 2 4;
 .timescale -12 -12;
v000001793767e8e0_0 .net "Q", 0 0, L_00000179376800d0;  1 drivers
v000001793767ef20_0 .net "Qbar", 0 0, L_0000017937680680;  1 drivers
v000001793767f1a0_0 .var "T", 0 0;
v000001793767f2e0_0 .var "clk", 0 0;
v000001793767f240_0 .var "rst", 0 0;
S_000001793762acd0 .scope module, "tff0" "t_flip_flop" 2 18, 3 3 0, S_000001793762ab40;
 .timescale -12 -12;
    .port_info 0 /INPUT 1 "T";
    .port_info 1 /INPUT 1 "clk";
    .port_info 2 /INPUT 1 "rst";
    .port_info 3 /OUTPUT 1 "Q";
    .port_info 4 /OUTPUT 1 "Qbar";
L_0000017937617cf0 .functor XOR 1, v000001793767f1a0_0, L_00000179376800d0, C4<0>, C4<0>;
L_0000017937617eb0 .functor NOT 1, v000001793767f240_0, C4<0>, C4<0>, C4<0>;
L_0000017937617a50 .functor AND 1, L_0000017937617cf0, L_0000017937617eb0, C4<1>, C4<1>;
v0000017937623bc0_0 .net "D", 0 0, L_0000017937617a50;  1 drivers
v000001793767fba0_0 .net "Q", 0 0, L_00000179376800d0;  alias, 1 drivers
v000001793767ea20_0 .net "Qbar", 0 0, L_0000017937680680;  alias, 1 drivers
v000001793767f4c0_0 .net "T", 0 0, v000001793767f1a0_0;  1 drivers
v000001793767e840_0 .net *"_ivl_0", 0 0, L_0000017937617cf0;  1 drivers
v000001793767f740_0 .net *"_ivl_2", 0 0, L_0000017937617eb0;  1 drivers
v000001793767f7e0_0 .net "clk", 0 0, v000001793767f2e0_0;  1 drivers
v000001793767e7a0_0 .net "rst", 0 0, v000001793767f240_0;  1 drivers
S_0000017937626a40 .scope module, "dff0" "d_flip_flop" 3 16, 4 4 0, S_000001793762acd0;
 .timescale -12 -12;
    .port_info 0 /INPUT 1 "D";
    .port_info 1 /INPUT 1 "clk";
    .port_info 2 /OUTPUT 1 "Q";
    .port_info 3 /OUTPUT 1 "Qbar";
L_0000017937617820 .functor NOT 1, v000001793767f2e0_0, C4<0>, C4<0>, C4<0>;
v0000017937623800_0 .net "D", 0 0, L_0000017937617a50;  alias, 1 drivers
v0000017937623b20_0 .net "Q", 0 0, L_00000179376800d0;  alias, 1 drivers
v00000179376238a0_0 .net "Q_carry", 0 0, L_0000017937617b30;  1 drivers
v0000017937623580_0 .net "Qbar", 0 0, L_0000017937680680;  alias, 1 drivers
v0000017937623940_0 .net "clk", 0 0, v000001793767f2e0_0;  alias, 1 drivers
S_0000017937626bd0 .scope module, "d0" "D_latch" 4 13, 5 4 0, S_0000017937626a40;
 .timescale -12 -12;
    .port_info 0 /INPUT 1 "D";
    .port_info 1 /INPUT 1 "enable";
    .port_info 2 /OUTPUT 1 "Qbar";
    .port_info 3 /OUTPUT 1 "Q";
L_0000017937617f20 .functor AND 1, L_0000017937617a50, L_0000017937617820, C4<1>, C4<1>;
L_0000017937617ac0 .functor NOT 1, L_0000017937617a50, C4<0>, C4<0>, C4<0>;
L_0000017937617d60 .functor AND 1, L_0000017937617ac0, L_0000017937617820, C4<1>, C4<1>;
v0000017937623da0_0 .net "D", 0 0, L_0000017937617a50;  alias, 1 drivers
v0000017937622f40_0 .net "Q", 0 0, L_0000017937617b30;  alias, 1 drivers
v0000017937623760_0 .net "Qbar", 0 0, L_0000017937617c10;  1 drivers
v00000179376233a0_0 .net *"_ivl_2", 0 0, L_0000017937617ac0;  1 drivers
v00000179376239e0_0 .net "enable", 0 0, L_0000017937617820;  1 drivers
v00000179376236c0_0 .net "reset", 0 0, L_0000017937617d60;  1 drivers
v0000017937623300_0 .net "set", 0 0, L_0000017937617f20;  1 drivers
S_0000017937625e80 .scope module, "s0" "SR_Latch" 5 16, 6 2 0, S_0000017937626bd0;
 .timescale -12 -12;
    .port_info 0 /INPUT 1 "set";
    .port_info 1 /INPUT 1 "reset";
    .port_info 2 /OUTPUT 1 "Q";
    .port_info 3 /OUTPUT 1 "Qn";
L_0000017937617b30 .functor NOR 1, L_0000017937617d60, L_0000017937617c10, C4<0>, C4<0>;
L_0000017937617c10 .functor NOR 1, L_0000017937617f20, L_0000017937617b30, C4<0>, C4<0>;
v00000179375f36a0_0 .net "Q", 0 0, L_0000017937617b30;  alias, 1 drivers
v00000179375f3220_0 .net "Qn", 0 0, L_0000017937617c10;  alias, 1 drivers
v00000179375f3480_0 .net "reset", 0 0, L_0000017937617d60;  alias, 1 drivers
v00000179376231c0_0 .net "set", 0 0, L_0000017937617f20;  alias, 1 drivers
S_0000017937626010 .scope module, "d1" "D_latch" 4 15, 5 4 0, S_0000017937626a40;
 .timescale -12 -12;
    .port_info 0 /INPUT 1 "D";
    .port_info 1 /INPUT 1 "enable";
    .port_info 2 /OUTPUT 1 "Qbar";
    .port_info 3 /OUTPUT 1 "Q";
L_0000017937680bc0 .functor AND 1, L_0000017937617b30, v000001793767f2e0_0, C4<1>, C4<1>;
L_00000179376806f0 .functor NOT 1, L_0000017937617b30, C4<0>, C4<0>, C4<0>;
L_0000017937680ca0 .functor AND 1, L_00000179376806f0, v000001793767f2e0_0, C4<1>, C4<1>;
v0000017937623080_0 .net "D", 0 0, L_0000017937617b30;  alias, 1 drivers
v0000017937622fe0_0 .net "Q", 0 0, L_00000179376800d0;  alias, 1 drivers
v0000017937623e40_0 .net "Qbar", 0 0, L_0000017937680680;  alias, 1 drivers
v0000017937623d00_0 .net *"_ivl_2", 0 0, L_00000179376806f0;  1 drivers
v00000179376234e0_0 .net "enable", 0 0, v000001793767f2e0_0;  alias, 1 drivers
v0000017937623120_0 .net "reset", 0 0, L_0000017937680ca0;  1 drivers
v0000017937623260_0 .net "set", 0 0, L_0000017937680bc0;  1 drivers
S_0000017937623f00 .scope module, "s0" "SR_Latch" 5 16, 6 2 0, S_0000017937626010;
 .timescale -12 -12;
    .port_info 0 /INPUT 1 "set";
    .port_info 1 /INPUT 1 "reset";
    .port_info 2 /OUTPUT 1 "Q";
    .port_info 3 /OUTPUT 1 "Qn";
L_00000179376800d0 .functor NOR 1, L_0000017937680ca0, L_0000017937680680, C4<0>, C4<0>;
L_0000017937680680 .functor NOR 1, L_0000017937680bc0, L_00000179376800d0, C4<0>, C4<0>;
v0000017937623a80_0 .net "Q", 0 0, L_00000179376800d0;  alias, 1 drivers
v0000017937623620_0 .net "Qn", 0 0, L_0000017937680680;  alias, 1 drivers
v0000017937623440_0 .net "reset", 0 0, L_0000017937680ca0;  alias, 1 drivers
v0000017937623c60_0 .net "set", 0 0, L_0000017937680bc0;  alias, 1 drivers
    .scope S_000001793762ab40;
T_0 ;
    %pushi/vec4 0, 0, 1;
    %store/vec4 v000001793767f2e0_0, 0, 1;
    %end;
    .thread T_0;
    .scope S_000001793762ab40;
T_1 ;
    %delay 10, 0;
    %load/vec4 v000001793767f2e0_0;
    %inv;
    %store/vec4 v000001793767f2e0_0, 0, 1;
    %jmp T_1;
    .thread T_1;
    .scope S_000001793762ab40;
T_2 ;
    %vpi_call 2 25 "$dumpfile", "t_ff.vcd" {0 0 0};
    %vpi_call 2 26 "$dumpvars", 32'sb00000000000000000000000000000000, S_000001793762ab40 {0 0 0};
    %vpi_call 2 28 "$display", "Testing the T Flip Flop" {0 0 0};
    %vpi_call 2 29 "$monitor", "T:%b, Q:%b", v000001793767f1a0_0, v000001793767e8e0_0 {0 0 0};
    %pushi/vec4 1, 0, 1;
    %store/vec4 v000001793767f240_0, 0, 1;
    %pushi/vec4 0, 0, 1;
    %store/vec4 v000001793767f1a0_0, 0, 1;
    %delay 20, 0;
    %pushi/vec4 0, 0, 1;
    %store/vec4 v000001793767f240_0, 0, 1;
    %pushi/vec4 1, 0, 1;
    %store/vec4 v000001793767f1a0_0, 0, 1;
    %delay 20, 0;
    %pushi/vec4 0, 0, 1;
    %store/vec4 v000001793767f1a0_0, 0, 1;
    %delay 20, 0;
    %pushi/vec4 1, 0, 1;
    %store/vec4 v000001793767f1a0_0, 0, 1;
    %delay 20, 0;
    %pushi/vec4 0, 0, 1;
    %store/vec4 v000001793767f1a0_0, 0, 1;
    %delay 20, 0;
    %vpi_call 2 38 "$finish" {0 0 0};
    %end;
    .thread T_2;
# The file index is used to find the file name in the following table.
:file_names 7;
    "N/A";
    "<interactive>";
    "tff_tb.v";
    "./T_Flip_Flop.v";
    "./D_Flip_Flop.v";
    "./../D/D_latch.v";
    "./../SR_Latch/SR_Latch.v";
