#! /c/Source/iverilog-install/bin/vvp
:ivl_version "12.0 (devel)" "(s20150603-1539-g2693dd32b)";
:ivl_delay_selection "TYPICAL";
:vpi_time_precision - 12;
:vpi_module "C:\iverilog\lib\ivl\system.vpi";
:vpi_module "C:\iverilog\lib\ivl\vhdl_sys.vpi";
:vpi_module "C:\iverilog\lib\ivl\vhdl_textio.vpi";
:vpi_module "C:\iverilog\lib\ivl\v2005_math.vpi";
:vpi_module "C:\iverilog\lib\ivl\va_math.vpi";
S_000001c4268ed270 .scope module, "encoder_tb" "encoder_tb" 2 4;
 .timescale -9 -12;
v000001c426773550_0 .var "in", 7 0;
v000001c4268ed590_0 .net "out", 2 0, v000001c426773160_0;  1 drivers
S_000001c4268ed400 .scope module, "e0" "_encoder8to3" 2 9, 3 1 0, S_000001c4268ed270;
 .timescale -9 -12;
    .port_info 0 /INPUT 8 "in";
    .port_info 1 /OUTPUT 3 "out";
v000001c4268e9ef0_0 .net "in", 7 0, v000001c426773550_0;  1 drivers
v000001c426773160_0 .var "out", 2 0;
E_000001c4267a8970 .event anyedge, v000001c4268e9ef0_0;
    .scope S_000001c4268ed400;
T_0 ;
    %wait E_000001c4267a8970;
    %pushi/vec4 0, 0, 3;
    %store/vec4 v000001c426773160_0, 0, 3;
    %load/vec4 v000001c4268e9ef0_0;
    %parti/s 1, 7, 4;
    %load/vec4 v000001c4268e9ef0_0;
    %parti/s 1, 5, 4;
    %or;
    %load/vec4 v000001c4268e9ef0_0;
    %parti/s 1, 3, 3;
    %or;
    %load/vec4 v000001c4268e9ef0_0;
    %parti/s 1, 1, 2;
    %or;
    %ix/load 4, 0, 0;
    %flag_set/imm 4, 0;
    %store/vec4 v000001c426773160_0, 4, 1;
    %load/vec4 v000001c4268e9ef0_0;
    %parti/s 1, 7, 4;
    %load/vec4 v000001c4268e9ef0_0;
    %parti/s 1, 6, 4;
    %or;
    %load/vec4 v000001c4268e9ef0_0;
    %parti/s 1, 3, 3;
    %or;
    %load/vec4 v000001c4268e9ef0_0;
    %parti/s 1, 2, 3;
    %or;
    %ix/load 4, 1, 0;
    %flag_set/imm 4, 0;
    %store/vec4 v000001c426773160_0, 4, 1;
    %load/vec4 v000001c4268e9ef0_0;
    %parti/s 1, 7, 4;
    %load/vec4 v000001c4268e9ef0_0;
    %parti/s 1, 6, 4;
    %or;
    %load/vec4 v000001c4268e9ef0_0;
    %parti/s 1, 5, 4;
    %or;
    %load/vec4 v000001c4268e9ef0_0;
    %parti/s 1, 4, 4;
    %or;
    %ix/load 4, 2, 0;
    %flag_set/imm 4, 0;
    %store/vec4 v000001c426773160_0, 4, 1;
    %jmp T_0;
    .thread T_0, $push;
    .scope S_000001c4268ed270;
T_1 ;
    %vpi_call 2 12 "$dumpfile", "encoder_tb.vcd" {0 0 0};
    %vpi_call 2 13 "$dumpvars", 32'sb00000000000000000000000000000000, S_000001c4268ed270 {0 0 0};
    %vpi_call 2 15 "$display", "Starting the testbench for _encoder8to3" {0 0 0};
    %vpi_call 2 16 "$display", "8 to 3 Encoder Testbench" {0 0 0};
    %vpi_call 2 19 "$monitor", "Input: %b | Output: %b", v000001c426773550_0, v000001c4268ed590_0 {0 0 0};
    %pushi/vec4 1, 0, 8;
    %store/vec4 v000001c426773550_0, 0, 8;
    %delay 5000, 0;
    %pushi/vec4 2, 0, 8;
    %store/vec4 v000001c426773550_0, 0, 8;
    %delay 5000, 0;
    %pushi/vec4 4, 0, 8;
    %store/vec4 v000001c426773550_0, 0, 8;
    %delay 5000, 0;
    %pushi/vec4 8, 0, 8;
    %store/vec4 v000001c426773550_0, 0, 8;
    %delay 5000, 0;
    %pushi/vec4 16, 0, 8;
    %store/vec4 v000001c426773550_0, 0, 8;
    %delay 5000, 0;
    %pushi/vec4 32, 0, 8;
    %store/vec4 v000001c426773550_0, 0, 8;
    %delay 5000, 0;
    %pushi/vec4 64, 0, 8;
    %store/vec4 v000001c426773550_0, 0, 8;
    %delay 5000, 0;
    %pushi/vec4 128, 0, 8;
    %store/vec4 v000001c426773550_0, 0, 8;
    %delay 5000, 0;
    %end;
    .thread T_1;
# The file index is used to find the file name in the following table.
:file_names 4;
    "N/A";
    "<interactive>";
    "encoder_tb.v";
    "./_encoder8to3.v";
