#! /c/Source/iverilog-install/bin/vvp
:ivl_version "12.0 (devel)" "(s20150603-1539-g2693dd32b)";
:ivl_delay_selection "TYPICAL";
:vpi_time_precision + 0;
:vpi_module "C:\iverilog\lib\ivl\system.vpi";
:vpi_module "C:\iverilog\lib\ivl\vhdl_sys.vpi";
:vpi_module "C:\iverilog\lib\ivl\vhdl_textio.vpi";
:vpi_module "C:\iverilog\lib\ivl\v2005_math.vpi";
:vpi_module "C:\iverilog\lib\ivl\va_math.vpi";
S_000001c23ef32e30 .scope module, "priorityEn8_3" "priorityEn8_3" 2 1;
 .timescale 0 0;
    .port_info 0 /INPUT 8 "in";
    .port_info 1 /OUTPUT 3 "out";
o000001c23ef66fd8 .functor BUFZ 8, C4<zzzzzzzz>; HiZ drive
v000001c23ef334f0_0 .net "in", 7 0, o000001c23ef66fd8;  0 drivers
v000001c23ef32fc0_0 .var "out", 2 0;
E_000001c23ef192d0 .event anyedge, v000001c23ef334f0_0;
    .scope S_000001c23ef32e30;
T_0 ;
    %wait E_000001c23ef192d0;
    %load/vec4 v000001c23ef334f0_0;
    %dup/vec4;
    %pushi/vec4 128, 127, 8;
    %cmp/z;
    %jmp/1 T_0.0, 4;
    %dup/vec4;
    %pushi/vec4 64, 63, 8;
    %cmp/z;
    %jmp/1 T_0.1, 4;
    %dup/vec4;
    %pushi/vec4 32, 31, 8;
    %cmp/z;
    %jmp/1 T_0.2, 4;
    %dup/vec4;
    %pushi/vec4 16, 15, 8;
    %cmp/z;
    %jmp/1 T_0.3, 4;
    %dup/vec4;
    %pushi/vec4 8, 7, 8;
    %cmp/z;
    %jmp/1 T_0.4, 4;
    %dup/vec4;
    %pushi/vec4 4, 3, 8;
    %cmp/z;
    %jmp/1 T_0.5, 4;
    %dup/vec4;
    %pushi/vec4 2, 1, 8;
    %cmp/z;
    %jmp/1 T_0.6, 4;
    %pushi/vec4 0, 0, 3;
    %store/vec4 v000001c23ef32fc0_0, 0, 3;
    %jmp T_0.8;
T_0.0 ;
    %pushi/vec4 7, 0, 3;
    %store/vec4 v000001c23ef32fc0_0, 0, 3;
    %jmp T_0.8;
T_0.1 ;
    %pushi/vec4 6, 0, 3;
    %store/vec4 v000001c23ef32fc0_0, 0, 3;
    %jmp T_0.8;
T_0.2 ;
    %pushi/vec4 5, 0, 3;
    %store/vec4 v000001c23ef32fc0_0, 0, 3;
    %jmp T_0.8;
T_0.3 ;
    %pushi/vec4 4, 0, 3;
    %store/vec4 v000001c23ef32fc0_0, 0, 3;
    %jmp T_0.8;
T_0.4 ;
    %pushi/vec4 3, 0, 3;
    %store/vec4 v000001c23ef32fc0_0, 0, 3;
    %jmp T_0.8;
T_0.5 ;
    %pushi/vec4 2, 0, 3;
    %store/vec4 v000001c23ef32fc0_0, 0, 3;
    %jmp T_0.8;
T_0.6 ;
    %pushi/vec4 1, 0, 3;
    %store/vec4 v000001c23ef32fc0_0, 0, 3;
    %jmp T_0.8;
T_0.8 ;
    %pop/vec4 1;
    %jmp T_0;
    .thread T_0, $push;
# The file index is used to find the file name in the following table.
:file_names 3;
    "N/A";
    "<interactive>";
    "priorityEn8_3.v";
