#! /c/Source/iverilog-install/bin/vvp
:ivl_version "12.0 (devel)" "(s20150603-1539-g2693dd32b)";
:ivl_delay_selection "TYPICAL";
:vpi_time_precision - 12;
:vpi_module "C:\iverilog\lib\ivl\system.vpi";
:vpi_module "C:\iverilog\lib\ivl\vhdl_sys.vpi";
:vpi_module "C:\iverilog\lib\ivl\vhdl_textio.vpi";
:vpi_module "C:\iverilog\lib\ivl\v2005_math.vpi";
:vpi_module "C:\iverilog\lib\ivl\va_math.vpi";
S_000001d4824bb550 .scope module, "priority_tb" "priority_tb" 2 4;
 .timescale -9 -12;
v000001d4824bb6e0_0 .var "in", 7 0;
v000001d4825766a0_0 .net "out", 2 0, v000001d4824bafb0_0;  1 drivers
S_000001d482576510 .scope module, "p0" "priorityEn8_3" 2 10, 3 1 0, S_000001d4824bb550;
 .timescale -9 -12;
    .port_info 0 /INPUT 8 "in";
    .port_info 1 /OUTPUT 3 "out";
v000001d482543550_0 .net "in", 7 0, v000001d4824bb6e0_0;  1 drivers
v000001d4824bafb0_0 .var "out", 2 0;
E_000001d4824b8f60 .event anyedge, v000001d482543550_0;
    .scope S_000001d482576510;
T_0 ;
    %wait E_000001d4824b8f60;
    %load/vec4 v000001d482543550_0;
    %dup/vec4;
    %pushi/vec4 128, 127, 8;
    %cmp/z;
    %jmp/1 T_0.0, 4;
    %dup/vec4;
    %pushi/vec4 64, 63, 8;
    %cmp/z;
    %jmp/1 T_0.1, 4;
    %dup/vec4;
    %pushi/vec4 32, 31, 8;
    %cmp/z;
    %jmp/1 T_0.2, 4;
    %dup/vec4;
    %pushi/vec4 16, 15, 8;
    %cmp/z;
    %jmp/1 T_0.3, 4;
    %dup/vec4;
    %pushi/vec4 8, 7, 8;
    %cmp/z;
    %jmp/1 T_0.4, 4;
    %dup/vec4;
    %pushi/vec4 4, 3, 8;
    %cmp/z;
    %jmp/1 T_0.5, 4;
    %dup/vec4;
    %pushi/vec4 2, 1, 8;
    %cmp/z;
    %jmp/1 T_0.6, 4;
    %pushi/vec4 0, 0, 3;
    %store/vec4 v000001d4824bafb0_0, 0, 3;
    %jmp T_0.8;
T_0.0 ;
    %pushi/vec4 7, 0, 3;
    %store/vec4 v000001d4824bafb0_0, 0, 3;
    %jmp T_0.8;
T_0.1 ;
    %pushi/vec4 6, 0, 3;
    %store/vec4 v000001d4824bafb0_0, 0, 3;
    %jmp T_0.8;
T_0.2 ;
    %pushi/vec4 5, 0, 3;
    %store/vec4 v000001d4824bafb0_0, 0, 3;
    %jmp T_0.8;
T_0.3 ;
    %pushi/vec4 4, 0, 3;
    %store/vec4 v000001d4824bafb0_0, 0, 3;
    %jmp T_0.8;
T_0.4 ;
    %pushi/vec4 3, 0, 3;
    %store/vec4 v000001d4824bafb0_0, 0, 3;
    %jmp T_0.8;
T_0.5 ;
    %pushi/vec4 2, 0, 3;
    %store/vec4 v000001d4824bafb0_0, 0, 3;
    %jmp T_0.8;
T_0.6 ;
    %pushi/vec4 1, 0, 3;
    %store/vec4 v000001d4824bafb0_0, 0, 3;
    %jmp T_0.8;
T_0.8 ;
    %pop/vec4 1;
    %jmp T_0;
    .thread T_0, $push;
    .scope S_000001d4824bb550;
T_1 ;
    %vpi_call 2 13 "$dumpfile", "priority_tb.vcd" {0 0 0};
    %vpi_call 2 14 "$dumpvars", 32'sb00000000000000000000000000000000, S_000001d4824bb550 {0 0 0};
    %vpi_call 2 16 "$display", "Starting the testbench for priority_encoder" {0 0 0};
    %vpi_call 2 17 "$display", "8 to 3 Priority Encoder Testbench" {0 0 0};
    %vpi_call 2 19 "$monitor", "Input: %b | Output: %b", v000001d4824bb6e0_0, v000001d4825766a0_0 {0 0 0};
    %pushi/vec4 129, 0, 8;
    %store/vec4 v000001d4824bb6e0_0, 0, 8;
    %delay 5000, 0;
    %pushi/vec4 2, 0, 8;
    %store/vec4 v000001d4824bb6e0_0, 0, 8;
    %delay 5000, 0;
    %pushi/vec4 68, 0, 8;
    %store/vec4 v000001d4824bb6e0_0, 0, 8;
    %delay 5000, 0;
    %pushi/vec4 10, 0, 8;
    %store/vec4 v000001d4824bb6e0_0, 0, 8;
    %delay 5000, 0;
    %pushi/vec4 16, 0, 8;
    %store/vec4 v000001d4824bb6e0_0, 0, 8;
    %delay 5000, 0;
    %pushi/vec4 32, 0, 8;
    %store/vec4 v000001d4824bb6e0_0, 0, 8;
    %delay 5000, 0;
    %pushi/vec4 64, 0, 8;
    %store/vec4 v000001d4824bb6e0_0, 0, 8;
    %delay 5000, 0;
    %pushi/vec4 0, 0, 8;
    %store/vec4 v000001d4824bb6e0_0, 0, 8;
    %delay 5000, 0;
    %end;
    .thread T_1;
# The file index is used to find the file name in the following table.
:file_names 4;
    "N/A";
    "<interactive>";
    "priority_tb.v";
    "./priorityEn8_3.v";
