#! /c/Source/iverilog-install/bin/vvp
:ivl_version "12.0 (devel)" "(s20150603-1539-g2693dd32b)";
:ivl_delay_selection "TYPICAL";
:vpi_time_precision + 0;
:vpi_module "C:\iverilog\lib\ivl\system.vpi";
:vpi_module "C:\iverilog\lib\ivl\vhdl_sys.vpi";
:vpi_module "C:\iverilog\lib\ivl\vhdl_textio.vpi";
:vpi_module "C:\iverilog\lib\ivl\v2005_math.vpi";
:vpi_module "C:\iverilog\lib\ivl\va_math.vpi";
S_000001592bb02df0 .scope module, "n_bit_register" "n_bit_register" 2 2;
 .timescale 0 0;
    .port_info 0 /INPUT 4 "d";
    .port_info 1 /INPUT 1 "clk";
    .port_info 2 /INPUT 1 "rst";
    .port_info 3 /INPUT 1 "en";
    .port_info 4 /OUTPUT 4 "q";
P_000001592bae8e80 .param/l "N" 0 2 2, +C4<00000000000000000000000000000100>;
o000001592bb24b18 .functor BUFZ 1, C4<z>; HiZ drive
v000001592bb03700_0 .net "clk", 0 0, o000001592bb24b18;  0 drivers
o000001592bb24b48 .functor BUFZ 4, C4<zzzz>; HiZ drive
v000001592baecce0_0 .net "d", 3 0, o000001592bb24b48;  0 drivers
o000001592bb24b78 .functor BUFZ 1, C4<z>; HiZ drive
v000001592bb02f80_0 .net "en", 0 0, o000001592bb24b78;  0 drivers
v000001592bb03020_0 .var "q", 3 0;
o000001592bb24bd8 .functor BUFZ 1, C4<z>; HiZ drive
v000001592bb030c0_0 .net "rst", 0 0, o000001592bb24bd8;  0 drivers
E_000001592bae8e00 .event posedge, v000001592bb03700_0;
    .scope S_000001592bb02df0;
T_0 ;
    %wait E_000001592bae8e00;
    %load/vec4 v000001592bb030c0_0;
    %flag_set/vec4 8;
    %jmp/0xz  T_0.0, 8;
    %pushi/vec4 0, 0, 4;
    %assign/vec4 v000001592bb03020_0, 0;
    %jmp T_0.1;
T_0.0 ;
    %load/vec4 v000001592bb02f80_0;
    %flag_set/vec4 8;
    %jmp/0xz  T_0.2, 8;
    %load/vec4 v000001592baecce0_0;
    %assign/vec4 v000001592bb03020_0, 0;
T_0.2 ;
T_0.1 ;
    %jmp T_0;
    .thread T_0;
# The file index is used to find the file name in the following table.
:file_names 3;
    "N/A";
    "<interactive>";
    "n_bit_register.v";
