#! /c/Source/iverilog-install/bin/vvp
:ivl_version "12.0 (devel)" "(s20150603-1539-g2693dd32b)";
:ivl_delay_selection "TYPICAL";
:vpi_time_precision - 12;
:vpi_module "C:\iverilog\lib\ivl\system.vpi";
:vpi_module "C:\iverilog\lib\ivl\vhdl_sys.vpi";
:vpi_module "C:\iverilog\lib\ivl\vhdl_textio.vpi";
:vpi_module "C:\iverilog\lib\ivl\v2005_math.vpi";
:vpi_module "C:\iverilog\lib\ivl\va_math.vpi";
S_000002c30172a290 .scope module, "n_bit_register_tb" "n_bit_register_tb" 2 3;
 .timescale -9 -12;
P_000002c301778d10 .param/l "N" 0 2 5, +C4<00000000000000000000000000000100>;
v000002c30172cc50_0 .var "D", 3 0;
v000002c30172ccf0_0 .var "clk", 0 0;
v000002c30172e4b0_0 .var "en", 0 0;
v000002c30172e550_0 .net "q", 3 0, v000002c30172a4c0_0;  1 drivers
v000002c30172e5f0_0 .var "rst", 0 0;
S_000002c30172e320 .scope module, "n0" "n_bit_register" 2 16, 3 2 0, S_000002c30172a290;
 .timescale -9 -12;
    .port_info 0 /INPUT 4 "d";
    .port_info 1 /INPUT 1 "clk";
    .port_info 2 /INPUT 1 "rst";
    .port_info 3 /INPUT 1 "en";
    .port_info 4 /OUTPUT 4 "q";
P_000002c3017794d0 .param/l "N" 0 3 2, +C4<00000000000000000000000000000100>;
v000002c301743330_0 .net "clk", 0 0, v000002c30172ccf0_0;  1 drivers
v000002c301743140_0 .net "d", 3 0, v000002c30172cc50_0;  1 drivers
v000002c30172a420_0 .net "en", 0 0, v000002c30172e4b0_0;  1 drivers
v000002c30172a4c0_0 .var "q", 3 0;
v000002c30172cbb0_0 .net "rst", 0 0, v000002c30172e5f0_0;  1 drivers
E_000002c301778d50 .event posedge, v000002c301743330_0;
    .scope S_000002c30172e320;
T_0 ;
    %wait E_000002c301778d50;
    %load/vec4 v000002c30172cbb0_0;
    %flag_set/vec4 8;
    %jmp/0xz  T_0.0, 8;
    %pushi/vec4 0, 0, 4;
    %assign/vec4 v000002c30172a4c0_0, 0;
    %jmp T_0.1;
T_0.0 ;
    %load/vec4 v000002c30172a420_0;
    %flag_set/vec4 8;
    %jmp/0xz  T_0.2, 8;
    %load/vec4 v000002c301743140_0;
    %assign/vec4 v000002c30172a4c0_0, 0;
T_0.2 ;
T_0.1 ;
    %jmp T_0;
    .thread T_0;
    .scope S_000002c30172a290;
T_1 ;
    %pushi/vec4 0, 0, 4;
    %store/vec4 v000002c30172cc50_0, 0, 4;
    %pushi/vec4 0, 0, 1;
    %store/vec4 v000002c30172ccf0_0, 0, 1;
    %pushi/vec4 0, 0, 1;
    %store/vec4 v000002c30172e4b0_0, 0, 1;
    %pushi/vec4 0, 0, 1;
    %store/vec4 v000002c30172e5f0_0, 0, 1;
    %end;
    .thread T_1;
    .scope S_000002c30172a290;
T_2 ;
    %delay 10000, 0;
    %load/vec4 v000002c30172ccf0_0;
    %inv;
    %store/vec4 v000002c30172ccf0_0, 0, 1;
    %jmp T_2;
    .thread T_2;
    .scope S_000002c30172a290;
T_3 ;
    %vpi_call 2 19 "$display", "N-Bit Register Testbench" {0 0 0};
    %vpi_call 2 20 "$monitor", "D = %b, clk = %b, q = %b, en = %b, rst = %b", v000002c30172cc50_0, v000002c30172ccf0_0, v000002c30172e550_0, v000002c30172e4b0_0, v000002c30172e5f0_0 {0 0 0};
    %delay 20000, 0;
    %pushi/vec4 10, 0, 4;
    %store/vec4 v000002c30172cc50_0, 0, 4;
    %pushi/vec4 1, 0, 1;
    %store/vec4 v000002c30172e4b0_0, 0, 1;
    %delay 20000, 0;
    %pushi/vec4 5, 0, 4;
    %store/vec4 v000002c30172cc50_0, 0, 4;
    %pushi/vec4 1, 0, 1;
    %store/vec4 v000002c30172e4b0_0, 0, 1;
    %pushi/vec4 1, 0, 1;
    %store/vec4 v000002c30172e5f0_0, 0, 1;
    %delay 20000, 0;
    %pushi/vec4 0, 0, 1;
    %store/vec4 v000002c30172e5f0_0, 0, 1;
    %pushi/vec4 15, 0, 4;
    %store/vec4 v000002c30172cc50_0, 0, 4;
    %pushi/vec4 1, 0, 1;
    %store/vec4 v000002c30172e4b0_0, 0, 1;
    %delay 20000, 0;
    %pushi/vec4 3, 0, 4;
    %store/vec4 v000002c30172cc50_0, 0, 4;
    %pushi/vec4 0, 0, 1;
    %store/vec4 v000002c30172e4b0_0, 0, 1;
    %delay 20000, 0;
    %pushi/vec4 4, 0, 4;
    %store/vec4 v000002c30172cc50_0, 0, 4;
    %pushi/vec4 0, 0, 1;
    %store/vec4 v000002c30172e4b0_0, 0, 1;
    %delay 20000, 0;
    %vpi_call 2 33 "$finish" {0 0 0};
    %end;
    .thread T_3;
# The file index is used to find the file name in the following table.
:file_names 4;
    "N/A";
    "<interactive>";
    "n_bit_register_tb.v";
    "./n_bit_register.v";
