#! /c/Source/iverilog-install/bin/vvp
:ivl_version "12.0 (devel)" "(s20150603-1539-g2693dd32b)";
:ivl_delay_selection "TYPICAL";
:vpi_time_precision - 12;
:vpi_module "C:\iverilog\lib\ivl\system.vpi";
:vpi_module "C:\iverilog\lib\ivl\vhdl_sys.vpi";
:vpi_module "C:\iverilog\lib\ivl\vhdl_textio.vpi";
:vpi_module "C:\iverilog\lib\ivl\v2005_math.vpi";
:vpi_module "C:\iverilog\lib\ivl\va_math.vpi";
S_00000173e156a750 .scope module, "barrelshifter_tb" "barrelshifter_tb" 2 4;
 .timescale -12 -12;
v00000173e15c38a0_0 .var/i "i", 31 0;
v00000173e15c43e0_0 .var "in", 7 0;
v00000173e15c3bc0_0 .net "result", 7 0, L_00000173e160dae0;  1 drivers
v00000173e15c4700_0 .var "shift_amt", 2 0;
S_00000173e156a8e0 .scope module, "b0" "barrel_shifter" 2 14, 3 1 0, S_00000173e156a750;
 .timescale -12 -12;
    .port_info 0 /INPUT 8 "in";
    .port_info 1 /INPUT 3 "shifting";
    .port_info 2 /OUTPUT 8 "out_shifted";
v00000173e1542ca0_0 .net *"_ivl_1", 0 0, L_00000173e15c45c0;  1 drivers
v00000173e156aa70_0 .net *"_ivl_11", 0 0, L_00000173e160cc80;  1 drivers
v00000173e1568ba0_0 .net *"_ivl_13", 5 0, L_00000173e160e1c0;  1 drivers
L_00000173e15c48b0 .functor BUFT 1, C4<00>, C4<0>, C4<0>, C4<0>;
v00000173e15c3b20_0 .net/2u *"_ivl_14", 1 0, L_00000173e15c48b0;  1 drivers
v00000173e15c3f80_0 .net *"_ivl_16", 7 0, L_00000173e160db80;  1 drivers
v00000173e15c3940_0 .net *"_ivl_21", 0 0, L_00000173e160d040;  1 drivers
v00000173e15c4660_0 .net *"_ivl_23", 4 0, L_00000173e160de00;  1 drivers
L_00000173e15c48f8 .functor BUFT 1, C4<0000>, C4<0>, C4<0>, C4<0>;
v00000173e15c4340_0 .net/2u *"_ivl_24", 3 0, L_00000173e15c48f8;  1 drivers
v00000173e15c3ee0_0 .net *"_ivl_26", 8 0, L_00000173e160cdc0;  1 drivers
v00000173e15c3d00_0 .net *"_ivl_28", 8 0, L_00000173e160ca00;  1 drivers
v00000173e15c4020_0 .net *"_ivl_3", 6 0, L_00000173e15c4480;  1 drivers
L_00000173e15c4940 .functor BUFT 1, C4<0>, C4<0>, C4<0>, C4<0>;
v00000173e15c3da0_0 .net *"_ivl_31", 0 0, L_00000173e15c4940;  1 drivers
v00000173e15c39e0_0 .net *"_ivl_32", 8 0, L_00000173e160dcc0;  1 drivers
L_00000173e15c4868 .functor BUFT 1, C4<0>, C4<0>, C4<0>, C4<0>;
v00000173e15c40c0_0 .net/2u *"_ivl_4", 0 0, L_00000173e15c4868;  1 drivers
v00000173e15c3e40_0 .net *"_ivl_6", 7 0, L_00000173e15c3a80;  1 drivers
v00000173e15c4200_0 .net "in", 7 0, v00000173e15c43e0_0;  1 drivers
v00000173e15c4160_0 .net "out0", 7 0, L_00000173e15c3c60;  1 drivers
v00000173e15c4520_0 .net "out1", 7 0, L_00000173e160df40;  1 drivers
v00000173e15c42a0_0 .net "out_shifted", 7 0, L_00000173e160dae0;  alias, 1 drivers
v00000173e15c47a0_0 .net "shifting", 2 0, v00000173e15c4700_0;  1 drivers
L_00000173e15c45c0 .part v00000173e15c4700_0, 0, 1;
L_00000173e15c4480 .part v00000173e15c43e0_0, 0, 7;
L_00000173e15c3a80 .concat [ 1 7 0 0], L_00000173e15c4868, L_00000173e15c4480;
L_00000173e15c3c60 .functor MUXZ 8, v00000173e15c43e0_0, L_00000173e15c3a80, L_00000173e15c45c0, C4<>;
L_00000173e160cc80 .part v00000173e15c4700_0, 1, 1;
L_00000173e160e1c0 .part L_00000173e15c3c60, 0, 6;
L_00000173e160db80 .concat [ 2 6 0 0], L_00000173e15c48b0, L_00000173e160e1c0;
L_00000173e160df40 .functor MUXZ 8, L_00000173e15c3c60, L_00000173e160db80, L_00000173e160cc80, C4<>;
L_00000173e160d040 .part v00000173e15c4700_0, 2, 1;
L_00000173e160de00 .part L_00000173e160df40, 0, 5;
L_00000173e160cdc0 .concat [ 4 5 0 0], L_00000173e15c48f8, L_00000173e160de00;
L_00000173e160ca00 .concat [ 8 1 0 0], L_00000173e160df40, L_00000173e15c4940;
L_00000173e160dcc0 .functor MUXZ 9, L_00000173e160ca00, L_00000173e160cdc0, L_00000173e160d040, C4<>;
L_00000173e160dae0 .part L_00000173e160dcc0, 0, 8;
    .scope S_00000173e156a750;
T_0 ;
    %vpi_call 2 19 "$dumpfile", "barrel.vcd" {0 0 0};
    %vpi_call 2 20 "$dumpvars", 32'sb00000000000000000000000000000000, S_00000173e156a750 {0 0 0};
    %pushi/vec4 1, 0, 8;
    %store/vec4 v00000173e15c43e0_0, 0, 8;
    %vpi_call 2 24 "$display", "in = %b", v00000173e15c43e0_0 {0 0 0};
    %pushi/vec4 0, 0, 32;
    %store/vec4 v00000173e15c38a0_0, 0, 32;
T_0.0 ;
    %load/vec4 v00000173e15c38a0_0;
    %cmpi/s 8, 0, 32;
    %jmp/0xz T_0.1, 5;
    %load/vec4 v00000173e15c38a0_0;
    %pad/s 3;
    %store/vec4 v00000173e15c4700_0, 0, 3;
    %delay 5, 0;
    %pushi/vec4 1, 0, 8;
    %load/vec4 v00000173e15c38a0_0;
    %ix/vec4 4;
    %shiftl 4;
    %vpi_call 2 32 "$display", "shift=%0d | out=%b  (expected %b)", v00000173e15c38a0_0, v00000173e15c3bc0_0, S<0,vec4,u8> {1 0 0};
    %load/vec4 v00000173e15c38a0_0;
    %addi 1, 0, 32;
    %store/vec4 v00000173e15c38a0_0, 0, 32;
    %jmp T_0.0;
T_0.1 ;
    %pushi/vec4 178, 0, 8;
    %store/vec4 v00000173e15c43e0_0, 0, 8;
    %pushi/vec4 3, 0, 3;
    %store/vec4 v00000173e15c4700_0, 0, 3;
    %delay 5, 0;
    %vpi_call 2 39 "$display", "\012in=%b shift=3 | out=%b  (expected %b)", v00000173e15c43e0_0, v00000173e15c3bc0_0, 8'b10010000 {0 0 0};
    %vpi_call 2 41 "$finish" {0 0 0};
    %end;
    .thread T_0;
# The file index is used to find the file name in the following table.
:file_names 4;
    "N/A";
    "<interactive>";
    "barrelshifter_tb.v";
    "./barrel_shifter.v";
