#! /c/Source/iverilog-install/bin/vvp
:ivl_version "12.0 (devel)" "(s20150603-1539-g2693dd32b)";
:ivl_delay_selection "TYPICAL";
:vpi_time_precision + 0;
:vpi_module "C:\iverilog\lib\ivl\system.vpi";
:vpi_module "C:\iverilog\lib\ivl\vhdl_sys.vpi";
:vpi_module "C:\iverilog\lib\ivl\vhdl_textio.vpi";
:vpi_module "C:\iverilog\lib\ivl\v2005_math.vpi";
:vpi_module "C:\iverilog\lib\ivl\va_math.vpi";
S_0000018862e46730 .scope module, "PIPO" "PIPO" 2 3;
 .timescale 0 0;
    .port_info 0 /INPUT 1 "clk";
    .port_info 1 /INPUT 1 "rst";
    .port_info 2 /INPUT 8 "d";
    .port_info 3 /OUTPUT 8 "q";
P_0000018862d75330 .param/l "N" 0 2 3, +C4<00000000000000000000000000000100>;
o0000018862d76f88 .functor BUFZ 1, C4<z>; HiZ drive
v0000018862e46dd0_0 .net "clk", 0 0, o0000018862d76f88;  0 drivers
o0000018862d76fb8 .functor BUFZ 8, C4<zzzzzzzz>; HiZ drive
v0000018862e46ff0_0 .net "d", 7 0, o0000018862d76fb8;  0 drivers
v0000018862e468c0_0 .var "q", 7 0;
o0000018862d77018 .functor BUFZ 1, C4<z>; HiZ drive
v0000018862e46960_0 .net "rst", 0 0, o0000018862d77018;  0 drivers
E_0000018862d754b0 .event posedge, v0000018862e46dd0_0;
    .scope S_0000018862e46730;
T_0 ;
    %wait E_0000018862d754b0;
    %load/vec4 v0000018862e46960_0;
    %flag_set/vec4 8;
    %jmp/0xz  T_0.0, 8;
    %pushi/vec4 0, 0, 8;
    %assign/vec4 v0000018862e468c0_0, 0;
    %jmp T_0.1;
T_0.0 ;
    %load/vec4 v0000018862e46ff0_0;
    %assign/vec4 v0000018862e468c0_0, 0;
T_0.1 ;
    %jmp T_0;
    .thread T_0;
# The file index is used to find the file name in the following table.
:file_names 3;
    "N/A";
    "<interactive>";
    "PIPO.v";
