#! /c/Source/iverilog-install/bin/vvp
:ivl_version "12.0 (devel)" "(s20150603-1539-g2693dd32b)";
:ivl_delay_selection "TYPICAL";
:vpi_time_precision - 12;
:vpi_module "C:\iverilog\lib\ivl\system.vpi";
:vpi_module "C:\iverilog\lib\ivl\vhdl_sys.vpi";
:vpi_module "C:\iverilog\lib\ivl\vhdl_textio.vpi";
:vpi_module "C:\iverilog\lib\ivl\v2005_math.vpi";
:vpi_module "C:\iverilog\lib\ivl\va_math.vpi";
S_000001ebe3d01f40 .scope module, "PISO_tb" "PISO_tb" 2 3;
 .timescale -9 -12;
v000001ebe3d62c70_0 .var "SH_LD", 0 0;
v000001ebe3d63b70_0 .var "clk", 0 0;
v000001ebe3d638f0_0 .var "d", 3 0;
v000001ebe3d62d10_0 .net "q", 0 0, L_000001ebe3dae0b0;  1 drivers
v000001ebe3d64070_0 .var "rst", 0 0;
S_000001ebe3d0a560 .scope module, "piso_inst" "PISO" 2 18, 3 4 0, S_000001ebe3d01f40;
 .timescale -9 -12;
    .port_info 0 /INPUT 4 "d";
    .port_info 1 /INPUT 1 "clk";
    .port_info 2 /INPUT 1 "SH_LD";
    .port_info 3 /INPUT 1 "rst";
    .port_info 4 /OUTPUT 4 "shift_out";
    .port_info 5 /OUTPUT 1 "q";
P_000001ebe3d014f0 .param/l "N" 0 3 4, +C4<00000000000000000000000000000100>;
L_000001ebe3d65780 .functor NOT 1, v000001ebe3d62c70_0, C4<0>, C4<0>, C4<0>;
L_000001ebe3d65630 .functor AND 1, L_000001ebe3dae010, L_000001ebe3d65780, C4<1>, C4<1>;
v000001ebe3d647f0_0 .net "SH_LD", 0 0, v000001ebe3d62c70_0;  1 drivers
v000001ebe3d63530_0 .net *"_ivl_23", 0 0, L_000001ebe3dae010;  1 drivers
v000001ebe3d63e90_0 .net *"_ivl_24", 0 0, L_000001ebe3d65780;  1 drivers
v000001ebe3d644d0_0 .net "clk", 0 0, v000001ebe3d63b70_0;  1 drivers
v000001ebe3d63ad0_0 .net "d", 3 0, v000001ebe3d638f0_0;  1 drivers
v000001ebe3d633f0_0 .net "d_in", 2 0, L_000001ebe3dae790;  1 drivers
v000001ebe3d63fd0_0 .net "q", 0 0, L_000001ebe3dae0b0;  alias, 1 drivers
v000001ebe3d63670_0 .net "rst", 0 0, v000001ebe3d64070_0;  1 drivers
v000001ebe3d637b0_0 .net "shift_out", 3 0, L_000001ebe3daec90;  1 drivers
L_000001ebe3d646b0 .part L_000001ebe3daec90, 0, 1;
L_000001ebe3d64110 .part v000001ebe3d638f0_0, 1, 1;
L_000001ebe3d62a90 .part L_000001ebe3dae790, 0, 1;
L_000001ebe3d62b30 .part L_000001ebe3daec90, 1, 1;
L_000001ebe3d641b0 .part v000001ebe3d638f0_0, 2, 1;
L_000001ebe3d642f0 .part L_000001ebe3dae790, 1, 1;
L_000001ebe3dae790 .concat8 [ 1 1 1 0], L_000001ebe3d65a20, L_000001ebe3d658d0, L_000001ebe3d65be0;
L_000001ebe3daf190 .part L_000001ebe3daec90, 2, 1;
L_000001ebe3dadf70 .part v000001ebe3d638f0_0, 3, 1;
L_000001ebe3daded0 .part L_000001ebe3dae790, 2, 1;
L_000001ebe3dae010 .part v000001ebe3d638f0_0, 0, 1;
L_000001ebe3daec90 .concat8 [ 1 1 1 1], v000001ebe3cfcce0_0, v000001ebe3d62ef0_0, v000001ebe3d632b0_0, v000001ebe3d635d0_0;
L_000001ebe3dae0b0 .part L_000001ebe3daec90, 3, 1;
S_000001ebe3d0a6f0 .scope module, "dff0" "n_bit_register" 3 18, 4 2 0, S_000001ebe3d0a560;
 .timescale -9 -12;
    .port_info 0 /INPUT 1 "d";
    .port_info 1 /INPUT 1 "clk";
    .port_info 2 /INPUT 1 "rst";
    .port_info 3 /INPUT 1 "en";
    .port_info 4 /OUTPUT 1 "q";
P_000001ebe3d00e70 .param/l "N" 0 4 2, +C4<00000000000000000000000000000001>;
v000001ebe3cfc920_0 .net "clk", 0 0, v000001ebe3d63b70_0;  alias, 1 drivers
v000001ebe3cfc740_0 .net "d", 0 0, L_000001ebe3d65630;  1 drivers
L_000001ebe3d65e10 .functor BUFT 1, C4<1>, C4<0>, C4<0>, C4<0>;
v000001ebe3cfcba0_0 .net "en", 0 0, L_000001ebe3d65e10;  1 drivers
v000001ebe3cfcce0_0 .var "q", 0 0;
v000001ebe3cfc7e0_0 .net "rst", 0 0, v000001ebe3d64070_0;  alias, 1 drivers
E_000001ebe3d01030 .event posedge, v000001ebe3cfc920_0;
S_000001ebe3d046a0 .scope generate, "gen_dff[0]" "gen_dff[0]" 3 24, 3 24 0, S_000001ebe3d0a560;
 .timescale -9 -12;
P_000001ebe3d006b0 .param/l "i" 0 3 24, +C4<00>;
L_000001ebe3d0ea70 .functor AND 1, L_000001ebe3d646b0, v000001ebe3d62c70_0, C4<1>, C4<1>;
L_000001ebe3d0eca0 .functor NOT 1, v000001ebe3d62c70_0, C4<0>, C4<0>, C4<0>;
L_000001ebe3d0e8b0 .functor AND 1, L_000001ebe3d64110, L_000001ebe3d0eca0, C4<1>, C4<1>;
L_000001ebe3d65a20 .functor OR 1, L_000001ebe3d0ea70, L_000001ebe3d0e8b0, C4<0>, C4<0>;
v000001ebe3d63c10_0 .net *"_ivl_0", 0 0, L_000001ebe3d646b0;  1 drivers
v000001ebe3d63d50_0 .net *"_ivl_1", 0 0, L_000001ebe3d0ea70;  1 drivers
v000001ebe3d64250_0 .net *"_ivl_3", 0 0, L_000001ebe3d64110;  1 drivers
v000001ebe3d63490_0 .net *"_ivl_4", 0 0, L_000001ebe3d0eca0;  1 drivers
v000001ebe3d64570_0 .net *"_ivl_6", 0 0, L_000001ebe3d0e8b0;  1 drivers
v000001ebe3d64390_0 .net *"_ivl_8", 0 0, L_000001ebe3d65a20;  1 drivers
S_000001ebe3cd3430 .scope module, "dff" "n_bit_register" 3 28, 4 2 0, S_000001ebe3d046a0;
 .timescale -9 -12;
    .port_info 0 /INPUT 1 "d";
    .port_info 1 /INPUT 1 "clk";
    .port_info 2 /INPUT 1 "rst";
    .port_info 3 /INPUT 1 "en";
    .port_info 4 /OUTPUT 1 "q";
P_000001ebe3d009b0 .param/l "N" 0 4 2, +C4<00000000000000000000000000000001>;
v000001ebe3cfd000_0 .net "clk", 0 0, v000001ebe3d63b70_0;  alias, 1 drivers
v000001ebe3cfcd80_0 .net "d", 0 0, L_000001ebe3d62a90;  1 drivers
L_000001ebe3d65d38 .functor BUFT 1, C4<1>, C4<0>, C4<0>, C4<0>;
v000001ebe3cfcec0_0 .net "en", 0 0, L_000001ebe3d65d38;  1 drivers
v000001ebe3d62ef0_0 .var "q", 0 0;
v000001ebe3d63170_0 .net "rst", 0 0, v000001ebe3d64070_0;  alias, 1 drivers
S_000001ebe3cd35c0 .scope generate, "gen_dff[1]" "gen_dff[1]" 3 24, 3 24 0, S_000001ebe3d0a560;
 .timescale -9 -12;
P_000001ebe3d005b0 .param/l "i" 0 3 24, +C4<01>;
L_000001ebe3d65a90 .functor AND 1, L_000001ebe3d62b30, v000001ebe3d62c70_0, C4<1>, C4<1>;
L_000001ebe3d65400 .functor NOT 1, v000001ebe3d62c70_0, C4<0>, C4<0>, C4<0>;
L_000001ebe3d65b00 .functor AND 1, L_000001ebe3d641b0, L_000001ebe3d65400, C4<1>, C4<1>;
L_000001ebe3d658d0 .functor OR 1, L_000001ebe3d65a90, L_000001ebe3d65b00, C4<0>, C4<0>;
v000001ebe3d63cb0_0 .net *"_ivl_0", 0 0, L_000001ebe3d62b30;  1 drivers
v000001ebe3d63710_0 .net *"_ivl_1", 0 0, L_000001ebe3d65a90;  1 drivers
v000001ebe3d62f90_0 .net *"_ivl_3", 0 0, L_000001ebe3d641b0;  1 drivers
v000001ebe3d62950_0 .net *"_ivl_4", 0 0, L_000001ebe3d65400;  1 drivers
v000001ebe3d62bd0_0 .net *"_ivl_6", 0 0, L_000001ebe3d65b00;  1 drivers
v000001ebe3d63210_0 .net *"_ivl_8", 0 0, L_000001ebe3d658d0;  1 drivers
S_000001ebe3cd3750 .scope module, "dff" "n_bit_register" 3 28, 4 2 0, S_000001ebe3cd35c0;
 .timescale -9 -12;
    .port_info 0 /INPUT 1 "d";
    .port_info 1 /INPUT 1 "clk";
    .port_info 2 /INPUT 1 "rst";
    .port_info 3 /INPUT 1 "en";
    .port_info 4 /OUTPUT 1 "q";
P_000001ebe3d00c70 .param/l "N" 0 4 2, +C4<00000000000000000000000000000001>;
v000001ebe3d62e50_0 .net "clk", 0 0, v000001ebe3d63b70_0;  alias, 1 drivers
v000001ebe3d64430_0 .net "d", 0 0, L_000001ebe3d642f0;  1 drivers
L_000001ebe3d65d80 .functor BUFT 1, C4<1>, C4<0>, C4<0>, C4<0>;
v000001ebe3d63850_0 .net "en", 0 0, L_000001ebe3d65d80;  1 drivers
v000001ebe3d632b0_0 .var "q", 0 0;
v000001ebe3d64750_0 .net "rst", 0 0, v000001ebe3d64070_0;  alias, 1 drivers
S_000001ebe3d032f0 .scope generate, "gen_dff[2]" "gen_dff[2]" 3 24, 3 24 0, S_000001ebe3d0a560;
 .timescale -9 -12;
P_000001ebe3d005f0 .param/l "i" 0 3 24, +C4<010>;
L_000001ebe3d65c50 .functor AND 1, L_000001ebe3daf190, v000001ebe3d62c70_0, C4<1>, C4<1>;
L_000001ebe3d65b70 .functor NOT 1, v000001ebe3d62c70_0, C4<0>, C4<0>, C4<0>;
L_000001ebe3d656a0 .functor AND 1, L_000001ebe3dadf70, L_000001ebe3d65b70, C4<1>, C4<1>;
L_000001ebe3d65be0 .functor OR 1, L_000001ebe3d65c50, L_000001ebe3d656a0, C4<0>, C4<0>;
v000001ebe3d64610_0 .net *"_ivl_0", 0 0, L_000001ebe3daf190;  1 drivers
v000001ebe3d63990_0 .net *"_ivl_1", 0 0, L_000001ebe3d65c50;  1 drivers
v000001ebe3d62db0_0 .net *"_ivl_3", 0 0, L_000001ebe3dadf70;  1 drivers
v000001ebe3d630d0_0 .net *"_ivl_4", 0 0, L_000001ebe3d65b70;  1 drivers
v000001ebe3d63a30_0 .net *"_ivl_6", 0 0, L_000001ebe3d656a0;  1 drivers
v000001ebe3d63350_0 .net *"_ivl_8", 0 0, L_000001ebe3d65be0;  1 drivers
S_000001ebe3d03480 .scope module, "dff" "n_bit_register" 3 28, 4 2 0, S_000001ebe3d032f0;
 .timescale -9 -12;
    .port_info 0 /INPUT 1 "d";
    .port_info 1 /INPUT 1 "clk";
    .port_info 2 /INPUT 1 "rst";
    .port_info 3 /INPUT 1 "en";
    .port_info 4 /OUTPUT 1 "q";
P_000001ebe3d00630 .param/l "N" 0 4 2, +C4<00000000000000000000000000000001>;
v000001ebe3d63df0_0 .net "clk", 0 0, v000001ebe3d63b70_0;  alias, 1 drivers
v000001ebe3d629f0_0 .net "d", 0 0, L_000001ebe3daded0;  1 drivers
L_000001ebe3d65dc8 .functor BUFT 1, C4<1>, C4<0>, C4<0>, C4<0>;
v000001ebe3d63030_0 .net "en", 0 0, L_000001ebe3d65dc8;  1 drivers
v000001ebe3d635d0_0 .var "q", 0 0;
v000001ebe3d63f30_0 .net "rst", 0 0, v000001ebe3d64070_0;  alias, 1 drivers
    .scope S_000001ebe3cd3430;
T_0 ;
    %wait E_000001ebe3d01030;
    %load/vec4 v000001ebe3d63170_0;
    %flag_set/vec4 8;
    %jmp/0xz  T_0.0, 8;
    %pushi/vec4 0, 0, 1;
    %assign/vec4 v000001ebe3d62ef0_0, 0;
    %jmp T_0.1;
T_0.0 ;
    %load/vec4 v000001ebe3cfcec0_0;
    %flag_set/vec4 8;
    %jmp/0xz  T_0.2, 8;
    %load/vec4 v000001ebe3cfcd80_0;
    %assign/vec4 v000001ebe3d62ef0_0, 0;
T_0.2 ;
T_0.1 ;
    %jmp T_0;
    .thread T_0;
    .scope S_000001ebe3cd3750;
T_1 ;
    %wait E_000001ebe3d01030;
    %load/vec4 v000001ebe3d64750_0;
    %flag_set/vec4 8;
    %jmp/0xz  T_1.0, 8;
    %pushi/vec4 0, 0, 1;
    %assign/vec4 v000001ebe3d632b0_0, 0;
    %jmp T_1.1;
T_1.0 ;
    %load/vec4 v000001ebe3d63850_0;
    %flag_set/vec4 8;
    %jmp/0xz  T_1.2, 8;
    %load/vec4 v000001ebe3d64430_0;
    %assign/vec4 v000001ebe3d632b0_0, 0;
T_1.2 ;
T_1.1 ;
    %jmp T_1;
    .thread T_1;
    .scope S_000001ebe3d03480;
T_2 ;
    %wait E_000001ebe3d01030;
    %load/vec4 v000001ebe3d63f30_0;
    %flag_set/vec4 8;
    %jmp/0xz  T_2.0, 8;
    %pushi/vec4 0, 0, 1;
    %assign/vec4 v000001ebe3d635d0_0, 0;
    %jmp T_2.1;
T_2.0 ;
    %load/vec4 v000001ebe3d63030_0;
    %flag_set/vec4 8;
    %jmp/0xz  T_2.2, 8;
    %load/vec4 v000001ebe3d629f0_0;
    %assign/vec4 v000001ebe3d635d0_0, 0;
T_2.2 ;
T_2.1 ;
    %jmp T_2;
    .thread T_2;
    .scope S_000001ebe3d0a6f0;
T_3 ;
    %wait E_000001ebe3d01030;
    %load/vec4 v000001ebe3cfc7e0_0;
    %flag_set/vec4 8;
    %jmp/0xz  T_3.0, 8;
    %pushi/vec4 0, 0, 1;
    %assign/vec4 v000001ebe3cfcce0_0, 0;
    %jmp T_3.1;
T_3.0 ;
    %load/vec4 v000001ebe3cfcba0_0;
    %flag_set/vec4 8;
    %jmp/0xz  T_3.2, 8;
    %load/vec4 v000001ebe3cfc740_0;
    %assign/vec4 v000001ebe3cfcce0_0, 0;
T_3.2 ;
T_3.1 ;
    %jmp T_3;
    .thread T_3;
    .scope S_000001ebe3d01f40;
T_4 ;
    %pushi/vec4 0, 0, 4;
    %store/vec4 v000001ebe3d638f0_0, 0, 4;
    %pushi/vec4 0, 0, 1;
    %store/vec4 v000001ebe3d63b70_0, 0, 1;
    %pushi/vec4 0, 0, 1;
    %store/vec4 v000001ebe3d62c70_0, 0, 1;
    %pushi/vec4 0, 0, 1;
    %store/vec4 v000001ebe3d64070_0, 0, 1;
    %end;
    .thread T_4;
    .scope S_000001ebe3d01f40;
T_5 ;
    %delay 10000, 0;
    %load/vec4 v000001ebe3d63b70_0;
    %inv;
    %store/vec4 v000001ebe3d63b70_0, 0, 1;
    %jmp T_5;
    .thread T_5;
    .scope S_000001ebe3d01f40;
T_6 ;
    %vpi_call 2 23 "$dumpfile", "PISO.vcd" {0 0 0};
    %vpi_call 2 24 "$dumpvars", 32'sb00000000000000000000000000000000, S_000001ebe3d01f40 {0 0 0};
    %vpi_call 2 26 "$display", "PISO Testbench" {0 0 0};
    %vpi_call 2 27 "$monitor", "d = %b, clk = %b, SH_LD = %b, rst = %b, q = %b", v000001ebe3d638f0_0, v000001ebe3d63b70_0, v000001ebe3d62c70_0, v000001ebe3d64070_0, v000001ebe3d62d10_0 {0 0 0};
    %pushi/vec4 0, 0, 1;
    %store/vec4 v000001ebe3d64070_0, 0, 1;
    %delay 20000, 0;
    %pushi/vec4 1, 0, 1;
    %store/vec4 v000001ebe3d64070_0, 0, 1;
    %delay 20000, 0;
    %pushi/vec4 0, 0, 1;
    %store/vec4 v000001ebe3d64070_0, 0, 1;
    %delay 20000, 0;
    %pushi/vec4 13, 0, 4;
    %store/vec4 v000001ebe3d638f0_0, 0, 4;
    %pushi/vec4 0, 0, 1;
    %store/vec4 v000001ebe3d62c70_0, 0, 1;
    %delay 80000, 0;
    %pushi/vec4 1, 0, 1;
    %store/vec4 v000001ebe3d62c70_0, 0, 1;
    %delay 80000, 0;
    %vpi_call 2 34 "$finish" {0 0 0};
    %end;
    .thread T_6;
# The file index is used to find the file name in the following table.
:file_names 5;
    "N/A";
    "<interactive>";
    "PISO_tb.v";
    "./PISO.v";
    "./../Register/n_bit_register.v";
