#! /c/Source/iverilog-install/bin/vvp
:ivl_version "12.0 (devel)" "(s20150603-1539-g2693dd32b)";
:ivl_delay_selection "TYPICAL";
:vpi_time_precision + 0;
:vpi_module "C:\iverilog\lib\ivl\system.vpi";
:vpi_module "C:\iverilog\lib\ivl\vhdl_sys.vpi";
:vpi_module "C:\iverilog\lib\ivl\vhdl_textio.vpi";
:vpi_module "C:\iverilog\lib\ivl\v2005_math.vpi";
:vpi_module "C:\iverilog\lib\ivl\va_math.vpi";
S_000002855e90b3e0 .scope module, "SIPO" "SIPO" 2 4;
 .timescale 0 0;
    .port_info 0 /INPUT 1 "d";
    .port_info 1 /INPUT 1 "clk";
    .port_info 2 /INPUT 1 "rst";
    .port_info 3 /OUTPUT 4 "q";
P_000002855e90cb10 .param/l "N" 0 2 4, +C4<00000000000000000000000000000100>;
v000002855ea0ba20_0 .net *"_ivl_5", 2 0, L_000002855ea0be80;  1 drivers
o000002855e9c6fd8 .functor BUFZ 1, C4<z>; HiZ drive
v000002855ea0bac0_0 .net "clk", 0 0, o000002855e9c6fd8;  0 drivers
o000002855e9c7008 .functor BUFZ 1, C4<z>; HiZ drive
v000002855ea0bb60_0 .net "d", 0 0, o000002855e9c7008;  0 drivers
v000002855ea0bc00_0 .net "q", 3 0, L_000002855ea0bde0;  1 drivers
o000002855e9c7068 .functor BUFZ 1, C4<z>; HiZ drive
v000002855ea0bca0_0 .net "rst", 0 0, o000002855e9c7068;  0 drivers
L_000002855ea0bde0 .concat8 [ 3 1 0 0], L_000002855ea0be80, L_000002855ea0bd40;
S_000002855e90c7d0 .scope module, "siso_inst" "SISO" 2 12, 3 3 0, S_000002855e90b3e0;
 .timescale 0 0;
    .port_info 0 /INPUT 1 "d";
    .port_info 1 /INPUT 1 "clk";
    .port_info 2 /INPUT 1 "rst";
    .port_info 3 /OUTPUT 1 "q";
P_000002855e90d150 .param/l "N" 0 3 3, +C4<00000000000000000000000000000100>;
v000002855e90af40_0 .net "clk", 0 0, o000002855e9c6fd8;  alias, 0 drivers
v000002855e993120_0 .net "d", 0 0, o000002855e9c7008;  alias, 0 drivers
v000002855ea0b840_0 .net "q", 0 0, L_000002855ea0bd40;  1 drivers
v000002855ea0b8e0_0 .net "rst", 0 0, o000002855e9c7068;  alias, 0 drivers
v000002855ea0b980_0 .var "shift_reg", 3 0;
E_000002855e90cc10 .event posedge, v000002855e90af40_0;
L_000002855ea0bd40 .part v000002855ea0b980_0, 3, 1;
L_000002855ea0be80 .part v000002855ea0b980_0, 0, 3;
    .scope S_000002855e90c7d0;
T_0 ;
    %wait E_000002855e90cc10;
    %load/vec4 v000002855ea0b8e0_0;
    %flag_set/vec4 8;
    %jmp/0xz  T_0.0, 8;
    %pushi/vec4 0, 0, 4;
    %assign/vec4 v000002855ea0b980_0, 0;
    %jmp T_0.1;
T_0.0 ;
    %load/vec4 v000002855ea0b980_0;
    %parti/s 3, 0, 2;
    %load/vec4 v000002855e993120_0;
    %concat/vec4; draw_concat_vec4
    %assign/vec4 v000002855ea0b980_0, 0;
T_0.1 ;
    %jmp T_0;
    .thread T_0;
# The file index is used to find the file name in the following table.
:file_names 4;
    "N/A";
    "<interactive>";
    "SIPO.v";
    "./SISO.v";
