#! /c/Source/iverilog-install/bin/vvp
:ivl_version "12.0 (devel)" "(s20150603-1539-g2693dd32b)";
:ivl_delay_selection "TYPICAL";
:vpi_time_precision - 12;
:vpi_module "C:\iverilog\lib\ivl\system.vpi";
:vpi_module "C:\iverilog\lib\ivl\vhdl_sys.vpi";
:vpi_module "C:\iverilog\lib\ivl\vhdl_textio.vpi";
:vpi_module "C:\iverilog\lib\ivl\v2005_math.vpi";
:vpi_module "C:\iverilog\lib\ivl\va_math.vpi";
S_00000211db7f6250 .scope module, "SIPO_tb" "SIPO_tb" 2 4;
 .timescale -9 -12;
v00000211db806c90_0 .var "clk", 0 0;
v00000211db806d30_0 .var "d", 0 0;
v00000211db7d2d80_0 .net "q", 3 0, L_00000211db80c140;  1 drivers
v00000211db7d2e20_0 .var "rst", 0 0;
S_00000211db7bbe90 .scope module, "sipo_inst" "SIPO" 2 19, 3 4 0, S_00000211db7f6250;
 .timescale -9 -12;
    .port_info 0 /INPUT 1 "d";
    .port_info 1 /INPUT 1 "clk";
    .port_info 2 /INPUT 1 "rst";
    .port_info 3 /OUTPUT 4 "q";
P_00000211db7bb850 .param/l "N" 0 3 4, +C4<00000000000000000000000000000100>;
v00000211db806a10_0 .net "clk", 0 0, v00000211db806c90_0;  1 drivers
v00000211db806ab0_0 .net "d", 0 0, v00000211db806d30_0;  1 drivers
v00000211db806b50_0 .net "q", 3 0, L_00000211db80c140;  alias, 1 drivers
v00000211db806bf0_0 .net "rst", 0 0, v00000211db7d2e20_0;  1 drivers
S_00000211db7f65f0 .scope module, "siso_inst" "SISO" 3 13, 4 3 0, S_00000211db7bbe90;
 .timescale -9 -12;
    .port_info 0 /INPUT 1 "d";
    .port_info 1 /INPUT 1 "clk";
    .port_info 2 /INPUT 1 "rst";
    .port_info 3 /OUTPUT 1 "q";
    .port_info 4 /OUTPUT 4 "shift_reg_out";
P_00000211db7bbc10 .param/l "N" 0 4 3, +C4<00000000000000000000000000000100>;
L_00000211db80c140 .functor BUFZ 4, v00000211db7f6820_0, C4<0000>, C4<0000>, C4<0000>;
v00000211db7d3530_0 .net "clk", 0 0, v00000211db806c90_0;  alias, 1 drivers
v00000211db7bc020_0 .net "d", 0 0, v00000211db806d30_0;  alias, 1 drivers
v00000211db7ba220_0 .net "q", 0 0, L_00000211db804010;  1 drivers
v00000211db7f6780_0 .net "rst", 0 0, v00000211db7d2e20_0;  alias, 1 drivers
v00000211db7f6820_0 .var "shift_reg", 3 0;
v00000211db806970_0 .net "shift_reg_out", 3 0, L_00000211db80c140;  alias, 1 drivers
E_00000211db7baed0 .event posedge, v00000211db7d3530_0;
L_00000211db804010 .part v00000211db7f6820_0, 3, 1;
    .scope S_00000211db7f65f0;
T_0 ;
    %wait E_00000211db7baed0;
    %load/vec4 v00000211db7f6780_0;
    %flag_set/vec4 8;
    %jmp/0xz  T_0.0, 8;
    %pushi/vec4 0, 0, 4;
    %assign/vec4 v00000211db7f6820_0, 0;
    %jmp T_0.1;
T_0.0 ;
    %load/vec4 v00000211db7f6820_0;
    %parti/s 3, 0, 2;
    %load/vec4 v00000211db7bc020_0;
    %concat/vec4; draw_concat_vec4
    %assign/vec4 v00000211db7f6820_0, 0;
T_0.1 ;
    %jmp T_0;
    .thread T_0;
    .scope S_00000211db7f6250;
T_1 ;
    %pushi/vec4 0, 0, 1;
    %store/vec4 v00000211db806c90_0, 0, 1;
    %end;
    .thread T_1;
    .scope S_00000211db7f6250;
T_2 ;
    %delay 10000, 0;
    %load/vec4 v00000211db806c90_0;
    %inv;
    %store/vec4 v00000211db806c90_0, 0, 1;
    %jmp T_2;
    .thread T_2;
    .scope S_00000211db7f6250;
T_3 ;
    %vpi_call 2 24 "$dumpfile", "SIPO.vcd" {0 0 0};
    %vpi_call 2 25 "$dumpvars", 32'sb00000000000000000000000000000000, S_00000211db7f6250 {0 0 0};
    %vpi_call 2 27 "$display", "SIPO testbench" {0 0 0};
    %vpi_call 2 28 "$monitor", "d = %b, rst = %b, q = %b", v00000211db806d30_0, v00000211db7d2e20_0, v00000211db7d2d80_0 {0 0 0};
    %pushi/vec4 0, 0, 1;
    %store/vec4 v00000211db806d30_0, 0, 1;
    %pushi/vec4 1, 0, 1;
    %store/vec4 v00000211db7d2e20_0, 0, 1;
    %delay 20000, 0;
    %pushi/vec4 0, 0, 1;
    %store/vec4 v00000211db806d30_0, 0, 1;
    %pushi/vec4 0, 0, 1;
    %store/vec4 v00000211db7d2e20_0, 0, 1;
    %delay 20000, 0;
    %pushi/vec4 0, 0, 1;
    %store/vec4 v00000211db806d30_0, 0, 1;
    %delay 20000, 0;
    %pushi/vec4 1, 0, 1;
    %store/vec4 v00000211db806d30_0, 0, 1;
    %delay 20000, 0;
    %pushi/vec4 0, 0, 1;
    %store/vec4 v00000211db806d30_0, 0, 1;
    %delay 80000, 0;
    %pushi/vec4 0, 0, 1;
    %store/vec4 v00000211db806d30_0, 0, 1;
    %delay 20000, 0;
    %vpi_call 2 37 "$finish" {0 0 0};
    %end;
    .thread T_3;
# The file index is used to find the file name in the following table.
:file_names 5;
    "N/A";
    "<interactive>";
    "SIPO_tb.v";
    "./SIPO.v";
    "./SISO.v";
