#! /c/Source/iverilog-install/bin/vvp
:ivl_version "12.0 (devel)" "(s20150603-1539-g2693dd32b)";
:ivl_delay_selection "TYPICAL";
:vpi_time_precision - 12;
:vpi_module "C:\iverilog\lib\ivl\system.vpi";
:vpi_module "C:\iverilog\lib\ivl\vhdl_sys.vpi";
:vpi_module "C:\iverilog\lib\ivl\vhdl_textio.vpi";
:vpi_module "C:\iverilog\lib\ivl\v2005_math.vpi";
:vpi_module "C:\iverilog\lib\ivl\va_math.vpi";
S_0000017bff79a3d0 .scope module, "SISO_tb" "SISO_tb" 2 4;
 .timescale -9 -12;
P_0000017bff7ea690 .param/l "N" 0 2 10, +C4<00000000000000000000000000000100>;
v0000017bff79aa40_0 .var "D", 0 0;
v0000017bff79aae0_0 .var "clk", 0 0;
v0000017bff7b2d20_0 .net "q", 0 0, L_0000017bff7b2e60;  1 drivers
v0000017bff7b2dc0_0 .var "rst", 0 0;
S_0000017bff79a770 .scope module, "s0" "SISO" 2 19, 3 3 0, S_0000017bff79a3d0;
 .timescale 0 0;
    .port_info 0 /INPUT 1 "d";
    .port_info 1 /INPUT 1 "clk";
    .port_info 2 /INPUT 1 "rst";
    .port_info 3 /OUTPUT 1 "q";
P_0000017bff7e9e50 .param/l "N" 0 3 3, +C4<00000000000000000000000000000100>;
v0000017bff799ff0_0 .net "clk", 0 0, v0000017bff79aae0_0;  1 drivers
v0000017bff79c830_0 .net "d", 0 0, v0000017bff79aa40_0;  1 drivers
v0000017bff79c8d0_0 .net "q", 0 0, L_0000017bff7b2e60;  alias, 1 drivers
v0000017bff79a900_0 .net "rst", 0 0, v0000017bff7b2dc0_0;  1 drivers
v0000017bff79a9a0_0 .var "shift_reg", 3 0;
E_0000017bff7ea890 .event posedge, v0000017bff799ff0_0;
L_0000017bff7b2e60 .part v0000017bff79a9a0_0, 3, 1;
    .scope S_0000017bff79a770;
T_0 ;
    %wait E_0000017bff7ea890;
    %load/vec4 v0000017bff79a900_0;
    %flag_set/vec4 8;
    %jmp/0xz  T_0.0, 8;
    %pushi/vec4 0, 0, 4;
    %assign/vec4 v0000017bff79a9a0_0, 0;
    %jmp T_0.1;
T_0.0 ;
    %load/vec4 v0000017bff79a9a0_0;
    %parti/s 3, 0, 2;
    %load/vec4 v0000017bff79c830_0;
    %concat/vec4; draw_concat_vec4
    %assign/vec4 v0000017bff79a9a0_0, 0;
T_0.1 ;
    %jmp T_0;
    .thread T_0;
    .scope S_0000017bff79a3d0;
T_1 ;
    %pushi/vec4 0, 0, 1;
    %store/vec4 v0000017bff79aae0_0, 0, 1;
    %end;
    .thread T_1;
    .scope S_0000017bff79a3d0;
T_2 ;
    %delay 10000, 0;
    %load/vec4 v0000017bff79aae0_0;
    %inv;
    %store/vec4 v0000017bff79aae0_0, 0, 1;
    %jmp T_2;
    .thread T_2;
    .scope S_0000017bff79a3d0;
T_3 ;
    %vpi_call 2 24 "$dumpfile", "SISO.vcd" {0 0 0};
    %vpi_call 2 25 "$dumpvars", 32'sb00000000000000000000000000000000, S_0000017bff79a3d0 {0 0 0};
    %vpi_call 2 27 "$display", "SISO testbench" {0 0 0};
    %vpi_call 2 28 "$monitor", "D=%b clk=%b rst=%b | shift=%b q=%b", v0000017bff79aa40_0, v0000017bff79aae0_0, v0000017bff7b2dc0_0, v0000017bff79a9a0_0, v0000017bff7b2d20_0 {0 0 0};
    %pushi/vec4 0, 0, 1;
    %store/vec4 v0000017bff79aa40_0, 0, 1;
    %pushi/vec4 1, 0, 1;
    %store/vec4 v0000017bff7b2dc0_0, 0, 1;
    %delay 20000, 0;
    %pushi/vec4 0, 0, 1;
    %store/vec4 v0000017bff79aa40_0, 0, 1;
    %pushi/vec4 0, 0, 1;
    %store/vec4 v0000017bff7b2dc0_0, 0, 1;
    %delay 20000, 0;
    %pushi/vec4 0, 0, 1;
    %store/vec4 v0000017bff79aa40_0, 0, 1;
    %delay 20000, 0;
    %pushi/vec4 1, 0, 1;
    %store/vec4 v0000017bff79aa40_0, 0, 1;
    %delay 20000, 0;
    %pushi/vec4 0, 0, 1;
    %store/vec4 v0000017bff79aa40_0, 0, 1;
    %delay 80000, 0;
    %pushi/vec4 0, 0, 1;
    %store/vec4 v0000017bff79aa40_0, 0, 1;
    %delay 20000, 0;
    %vpi_call 2 37 "$finish" {0 0 0};
    %end;
    .thread T_3;
# The file index is used to find the file name in the following table.
:file_names 4;
    "N/A";
    "<interactive>";
    "SISO_tb.v";
    "./SISO.v";
